05-14 18:21:07.301 12844 12979 D UE4     : [2020.05.14-16.21.07:301][  0]LogRHI:   GL_EXT_clip_control
05-14 18:21:07.301 12844 12979 D UE4     : [2020.05.14-16.21.07:301][  0]LogRHI:   GL_OES_texture_view
05-14 18:21:07.301 12844 12979 D UE4     : [2020.05.14-16.21.07:301][  0]LogRHI:   GL_EXT_fragment_invocation_density
05-14 18:21:07.302 12844 12979 D UE4     : [2020.05.14-16.21.07:302][  0]LogRHI:   GL_QCOM_validate_shader_binary
05-14 18:21:07.302 12844 12979 D UE4     : [2020.05.14-16.21.07:302][  0]LogRHI:   GL_QCOM_YUV_texture_gather
05-14 18:21:07.302 12844 12979 D UE4     : [2020.05.14-16.21.07:302][  0]LogRHI:   GL_MAX_VERTEX_ATTRIBS: 32
05-14 18:21:07.302 12844 12979 D UE4     : [2020.05.14-16.21.07:302][  0]LogRHI:   GL_MAX_VARYING_VECTORS: 31
05-14 18:21:07.302 12844 12979 D UE4     : [2020.05.14-16.21.07:302][  0]LogRHI:   GL_MAX_VERTEX_UNIFORM_VECTORS: 256
05-14 18:21:07.302 12844 12979 D UE4     : [2020.05.14-16.21.07:302][  0]LogRHI:   GL_MAX_FRAGMENT_UNIFORM_VECTORS: 256
05-14 18:21:07.302 12844 12979 D UE4     : [2020.05.14-16.21.07:302][  0]LogRHI:   GL_TEXTURE_BUFFER_OFFSET_ALIGNMENT: 64
05-14 18:21:07.302 12844 12979 D UE4     : [2020.05.14-16.21.07:302][  0]LogRHI: Fragment shader lowp precision: 10
05-14 18:21:07.302 12844 12979 D UE4     : [2020.05.14-16.21.07:302][  0]LogRHI: Fragment shader mediump precision: 10
05-14 18:21:07.302 12844 12979 D UE4     : [2020.05.14-16.21.07:302][  0]LogRHI: Fragment shader highp precision: 23
05-14 18:21:07.303 12844 12979 D UE4     : [2020.05.14-16.21.07:303][  0]LogRHI: Support for 4x MSAA detected
05-14 18:21:07.303 12844 12979 D UE4     : [2020.05.14-16.21.07:303][  0]LogRHI:   GL_MAX_COMBINED_IMAGE_UNIFORMS: 20
05-14 18:21:07.303 12844 12979 D UE4     : [2020.05.14-16.21.07:303][  0]LogRHI:   GL_MAX_COMPUTE_IMAGE_UNIFORMS: 8
05-14 18:21:07.303 12844 12979 D UE4     : [2020.05.14-16.21.07:303][  0]LogRHI:   GL_MAX_FRAGMENT_IMAGE_UNIFORMS: 4
05-14 18:21:07.305 12844 12979 D UE4     : [2020.05.14-16.21.07:305][  0]LogRHI: Device supports mobile multi-view.
05-14 18:21:07.305 12844 12979 D UE4     : [2020.05.14-16.21.07:305][  0]LogRHI: Image external enabled: ImageExternalESSL300
05-14 18:21:07.306 12844 12979 D UE4     : [2020.05.14-16.21.07:306][  0]LogRHI: Using QCOM_shader_framebuffer_fetch_noncoherent
05-14 18:21:07.306 12844 12979 D UE4     : [2020.05.14-16.21.07:306][  0]LogRHI:   GL_MAX_TEXTURE_SIZE: 16384
05-14 18:21:07.306 12844 12979 D UE4     : [2020.05.14-16.21.07:306][  0]LogRHI:   GL_MAX_TEXTURE_BUFFER_SIZE: 134217728
05-14 18:21:07.306 12844 12979 D UE4     : [2020.05.14-16.21.07:306][  0]LogRHI:   GL_MAX_CUBE_MAP_TEXTURE_SIZE: 16384
05-14 18:21:07.306 12844 12979 D UE4     : [2020.05.14-16.21.07:306][  0]LogRHI:   GL_MAX_ARRAY_TEXTURE_LAYERS: 2048
05-14 18:21:07.306 12844 12979 D UE4     : [2020.05.14-16.21.07:306][  0]LogRHI:   GL_MAX_RENDERBUFFER_SIZE: 16384
05-14 18:21:07.306 12844 12979 D UE4     : [2020.05.14-16.21.07:306][  0]LogRHI:   GL_MAX_TEXTURE_IMAGE_UNITS: 16
05-14 18:21:07.306 12844 12979 D UE4     : [2020.05.14-16.21.07:306][  0]LogRHI:   GL_MAX_DRAW_BUFFERS: 8
05-14 18:21:07.306 12844 12979 D UE4     : [2020.05.14-16.21.07:306][  0]LogRHI:   GL_MAX_COLOR_ATTACHMENTS: 1
05-14 18:21:07.306 12844 12979 D UE4     : [2020.05.14-16.21.07:306][  0]LogRHI:   GL_MAX_SAMPLES: 1
05-14 18:21:07.306 12844 12979 D UE4     : [2020.05.14-16.21.07:306][  0]LogRHI:   GL_MAX_COLOR_TEXTURE_SAMPLES: 1
05-14 18:21:07.306 12844 12979 D UE4     : [2020.05.14-16.21.07:306][  0]LogRHI:   GL_MAX_DEPTH_TEXTURE_SAMPLES: 1
05-14 18:21:07.306 12844 12979 D UE4     : [2020.05.14-16.21.07:306][  0]LogRHI:   GL_MAX_INTEGER_SAMPLES: 1
05-14 18:21:07.306 12844 12979 D UE4     : [2020.05.14-16.21.07:306][  0]LogRHI:   GL_MAX_COMBINED_TEXTURE_IMAGE_UNITS: 96
05-14 18:21:07.306 12844 12979 D UE4     : [2020.05.14-16.21.07:306][  0]LogRHI:   GL_MAX_VERTEX_ATTRIBS: 32
05-14 18:21:07.306 12844 12979 D UE4     : [2020.05.14-16.21.07:306][  0]LogRHI:   GL_MAX_TEXTURE_MAX_ANISOTROPY_EXT: 16
05-14 18:21:07.306 12844 12979 D UE4     : [2020.05.14-16.21.07:306][  0]LogRHI: OpenGL MajorVersion = 3, MinorVersion = 1, ShaderPlatform = GLSL_ES3_1_ANDROID, FeatureLevel = ES3_1
05-14 18:21:07.306 12844 12979 D UE4     : [2020.05.14-16.21.07:306][  0]LogRHI: PLATFORM_ANDROID
05-14 18:21:07.306 12844 12979 D UE4     : [2020.05.14-16.21.07:306][  0]LogAndroid: Unlocking android HW window during preinit.
05-14 18:21:07.306 12844 12979 D UE4     : [2020.05.14-16.21.07:306][  0]LogRHI: Enabling program binary cache as /storage/emulated/0/Android/data/com.FlowerGames.FlowerGame/files/ProgramBinaryCache/GLSL_ES3_1_ANDROID_52ED4BE95C66044F645D41F63C7D74EDF573A568
05-14 18:21:07.306 12844 12979 D UE4     : [2020.05.14-16.21.07:306][  0]LogRHI: FOpenGLProgramBinaryCache will be initialized when ShaderPipelineCache opens its file
05-14 18:21:07.307 12844 12979 D UE4     : [2020.05.14-16.21.07:307][  0]LogRHI: Texture pool is 800 MB (of 0 MB total graphics mem)
05-14 18:21:07.315 12844 12979 D UE4     : [2020.05.14-16.21.07:315][  0]LogShaderLibrary: Display: Using ../../../FlowerGame/Content/ShaderArchive-Global-GLSL_ES3_1_ANDROID.ushaderbytecode for material shader code. Total 420 unique shaders.
05-14 18:21:07.315 12844 12979 D UE4     : [2020.05.14-16.21.07:315][  0]LogShaderLibrary: Display: Cooked Context: Using Shared Shader Library Global
05-14 18:21:07.316 12844 12979 D UE4     : [2020.05.14-16.21.07:316][  0]LogTemp: Warning: Clearing the OS Cache
05-14 18:21:07.332 12844 12979 D UE4     : [2020.05.14-16.21.07:332][  0]LogSlate: Using FreeType 2.10.0
05-14 18:21:07.336 12844 12979 D UE4     : [2020.05.14-16.21.07:336][  0]LogSlate: SlateFontServices - WITH_FREETYPE: 1, WITH_HARFBUZZ: 1
05-14 18:21:07.434 12844 12979 D UE4     : [2020.05.14-16.21.07:434][  0]LogShaderLibrary: Display: Using ../../../FlowerGame/Content/ShaderArchive-FlowerGame-GLSL_ES3_1_ANDROID.ushaderbytecode for material shader code. Total 2198 unique shaders.
05-14 18:21:07.435 12844 12979 D UE4     : [2020.05.14-16.21.07:435][  0]LogShaderLibrary: Display: Cooked Context: Using Shared Shader Library FlowerGame
05-14 18:21:07.435 12844 12979 D UE4     : [2020.05.14-16.21.07:435][  0]LogRHI: Display: Opened pipeline cache after state change and enqueued -1098145650 of 0 tasks for precompile.
05-14 18:21:07.435 12844 12979 D UE4     : [2020.05.14-16.21.07:435][  0]LogRHI: Display: Failed to open default shader pipeline cache for FlowerGame using shader platform 24.
05-14 18:21:07.435 12844 12979 D UE4     : [2020.05.14-16.21.07:435][  0]LogInit: Using OS detected language (fr-FR).
05-14 18:21:07.436 12844 12979 D UE4     : [2020.05.14-16.21.07:435][  0]LogInit: Using OS detected locale (fr-FR).
05-14 18:21:07.436 12844 12979 D UE4     : [2020.05.14-16.21.07:436][  0]LogTextLocalizationManager: No localization for 'fr-FR' exists, so 'en' will be used for the language.
05-14 18:21:07.436 12844 12979 D UE4     : [2020.05.14-16.21.07:436][  0]LogTextLocalizationManager: No localization for 'fr-FR' exists, so 'en' will be used for the locale.
05-14 18:21:07.436 12844 12979 D UE4     : [2020.05.14-16.21.07:436][  0]LogTextLocalizationManager: Compacting localization data took   0.02ms
05-14 18:21:07.444 12844 12979 D UE4     : [2020.05.14-16.21.07:444][  0]LogAssetRegistry: FAssetRegistry took 0.0071 seconds to start up
05-14 18:21:07.496 12844 13033 D UE4     : [2020.05.14-16.21.07:496][  0]LogRHI: AndroidEGL:SwapBuffers eglGetCompositorTimingANDROID EGL_COMPOSITE_DEADLINE_ANDROID=111062175803701, EGL_COMPOSITE_INTERVAL_ANDROID=16700333, EGL_COMPOSITE_TO_PRESENT_LATENCY_ANDROID=15700333
05-14 18:21:07.496 12844 13033 D UE4     : [2020.05.14-16.21.07:496][  0]LogRHI: JNI Display getRefreshRate=60.000004
05-14 18:21:07.496 12844 13033 D UE4     : [2020.05.14-16.21.07:496][  0]LogRHI: Final display timing metrics: DriverRefreshRate=59.8790  DriverRefreshNanos=16700333
05-14 18:21:07.496 12844 13033 D UE4     : [2020.05.14-16.21.07:496][  0]LogRHI: AndroidEGL:SwapBuffers Min=0, Max=1, Request=1, ClosestDriver=1, SetDriver=1
05-14 18:21:07.496 12844 13033 D UE4     : [2020.05.14-16.21.07:496][  0]LogRHI: Called eglSwapInterval 1
05-14 18:21:07.581 12844 12979 D UE4     : [2020.05.14-16.21.07:581][  0]LogStreaming: Display: Flushing async loaders.
05-14 18:21:07.582 12844 12979 D UE4     : [2020.05.14-16.21.07:582][  0]LogPackageLocalizationCache: Processed 15 localized package path(s) for 1 prioritized culture(s) in 0.000168 seconds
05-14 18:21:07.641 12844 12979 D UE4     : [2020.05.14-16.21.07:641][  0]LogNetVersion: FlowerGame 1.0.0, NetCL: 13144385, EngineNetVer: 14, GameNetVer: 0 (Checksum: 3835917877)
05-14 18:21:07.651   672 13064 E ResolverController: No valid NAT64 prefix (124, <unspecified>/0)
05-14 18:21:07.749 12844 12979 D UE4     : [2020.05.14-16.21.07:748][  0]LogAudioCaptureCore: Display: No Audio Capture implementations found. Audio input will be silent.
05-14 18:21:07.749 12844 12979 D UE4     : [2020.05.14-16.21.07:749][  0]LogAudioCaptureCore: Display: No Audio Capture implementations found. Audio input will be silent.
05-14 18:21:07.879 12844 12979 D UE4     : [2020.05.14-16.21.07:879][  0]LogAISub: UAISubsystem AISubsystem (0x9fbc2ed0), frame # 0
05-14 18:21:07.879 12844 12979 D UE4     : [2020.05.14-16.21.07:879][  0]LogAISub: UAISubsystem AIPerceptionSystem (0x9fb95000), frame # 0
05-14 18:21:07.884 12844 12979 D UE4     : [2020.05.14-16.21.07:884][  0]LogAISub: UAISubsystem EnvQueryManager (0x9feb7e00), frame # 0
05-14 18:21:07.950 12844 12979 D UE4     : [2020.05.14-16.21.07:950][  0]LogMoviePlayer: Initializing movie player
05-14 18:21:07.962 12844 12979 D UE4     : [2020.05.14-16.21.07:962][  0]LogTcpMessaging: Initializing TcpMessaging bridge, listening on 127.0.0.1:6666
05-14 18:21:07.986 12844 12979 D UE4     : [2020.05.14-16.21.07:986][  0]LogUdpMessaging: Initializing bridge on interface 0.0.0.0:0 to multicast group 230.0.0.1:6666.
05-14 18:21:07.991 12844 12979 D UE4     : [2020.05.14-16.21.07:991][  0]LogGooglePAD: Display: GooglePAD disabled.
05-14 18:21:07.992 12844 12979 D UE4     : [2020.05.14-16.21.07:992][  0]LogOcInput: OculusInput pre-init called
05-14 18:21:07.992 12844 12979 D UE4     : [2020.05.14-16.21.07:992][  0]LogAndroidPermission: UAndroidPermissionCallbackProxy::GetInstance
05-14 18:21:08.001 12844 12979 D UE4     : [2020.05.14-16.21.08:001][  0]LogUObjectArray: 13994 objects as part of root set at end of initial load.
05-14 18:21:08.001 12844 12979 D UE4     : [2020.05.14-16.21.08:001][  0]LogUObjectArray: 2 objects are not in the root set, but can never be destroyed because they are in the DisregardForGC set.
05-14 18:21:08.001 12844 12979 D UE4     : [2020.05.14-16.21.08:001][  0]LogUObjectAllocator: 2051200 out of 0 bytes used by permanent object pool.
05-14 18:21:08.001 12844 12979 D UE4     : [2020.05.14-16.21.08:001][  0]LogUObjectArray: CloseDisregardForGC: 13994/13994 objects in disregard for GC pool
05-14 18:21:08.016 12844 12979 D UE4     : [2020.05.14-16.21.08:016][  0]LogAndroid: Display: Passed PreInit()
05-14 18:21:08.016 12844 12979 D UE4     : [2020.05.14-16.21.08:016][  0]LogEngine: Initializing Engine...
05-14 18:21:08.018 12844 12979 D UE4     : [2020.05.14-16.21.08:018][  0]LogStats: UGameplayTagsManager::InitializeManager -  0.000 s
05-14 18:21:08.081 12844 12979 D UE4     : [2020.05.14-16.21.08:081][  0]LogInit: Initializing FReadOnlyCVARCache
05-14 18:21:08.088 12844 12979 D UE4     : [GameActivity] [JAVA] audiomanager.framesPerBuffer = 144
05-14 18:21:08.088 12844 12979 D UE4     : [2020.05.14-16.21.08:088][  0]LogAudioMixer: Display: Audio Mixer Platform Settings:
05-14 18:21:08.088 12844 12979 D UE4     : [2020.05.14-16.21.08:088][  0]LogAudioMixer: Display: 	Sample Rate:						  48000
05-14 18:21:08.088 12844 12979 D UE4     : [2020.05.14-16.21.08:088][  0]LogAudioMixer: Display: 	Callback Buffer Frame Size Requested: 1152
05-14 18:21:08.088 12844 12979 D UE4     : [2020.05.14-16.21.08:088][  0]LogAudioMixer: Display: 	Callback Buffer Frame Size To Use:	  1152
05-14 18:21:08.088 12844 12979 D UE4     : [2020.05.14-16.21.08:088][  0]LogAudioMixer: Display: 	Number of buffers to queue:			  2
05-14 18:21:08.088 12844 12979 D UE4     : [2020.05.14-16.21.08:088][  0]LogAudioMixer: Display: 	Max Channels (voices):				  32
05-14 18:21:08.088 12844 12979 D UE4     : [2020.05.14-16.21.08:088][  0]LogAudioMixer: Display: 	Number of Async Source Workers:		  0
05-14 18:21:08.088 12844 12979 D UE4     : [2020.05.14-16.21.08:088][  0]LogAudio: Display: AudioDevice MaxSources: 32
05-14 18:21:08.088 12844 12979 D UE4     : [2020.05.14-16.21.08:088][  0]LogAudio: Display: Using built-in audio occlusion.
05-14 18:21:08.088 12844 12979 D UE4     : [2020.05.14-16.21.08:088][  0]LogAudioMixer: Display: Initializing audio mixer.
05-14 18:21:08.090 12844 12979 D UE4     : [GameActivity] [JAVA] audiomanager.optimalSampleRate = 48000
05-14 18:21:08.090 12844 12979 D UE4     : [GameActivity] [JAVA] audiomanager.framesPerBuffer = 144
05-14 18:21:08.090 12844 12979 D         : PlayerBase::PlayerBase()
05-14 18:21:08.090 12844 12979 D         : TrackPlayerBase::TrackPlayerBase()
05-14 18:21:08.090 12844 12979 I libOpenSLES: Emulating old channel mask behavior (ignoring positional mask 0x3, using default mask 0x3 based on channel count of 2)
05-14 18:21:08.090 12844 12979 D AudioTrack: set(sessionID=33609)
05-14 18:21:08.090 12844 12979 D AudioTrack: set(): streamType 3, sampleRate 48000, format 0x1, channelMask 0x3, frameCount 0, flags #104, notificationFrames -1, sessionId 33609, transferType 0, uid -1, pid -1
05-14 18:21:08.093   763 25889 D audio_hw_primary: adev_get_parameters:audio_game_sound_volume_gap_switch
05-14 18:21:08.096   763 25889 D audio_hw_spkr_prot: fbsp_get_parameters: Speaker protection disabled
05-14 18:21:08.096   763 25889 D soundtrigger: audio_extn_sound_trigger_get_parameters input string<audio_game_sound_volume_gap_switch=>
05-14 18:21:08.096   763 25889 D soundtrigger: extract_sm_handle input string <audio_game_sound_volume_gap_switch=> param string <audio_game_sound_volume_gap_switch=>
05-14 18:21:08.096   763 25889 D audio_hw_extn: audio_extn_fm_get_parameters: Enter
05-14 18:21:08.098   763 25889 D audio_hw_extn: audio_extn_get_parameters: returns 
05-14 18:21:08.099   763 25889 V msm8974_platform: platform_get_parameters: exit: returns - audio_game_sound_volume_gap_switch=off
05-14 18:21:08.100   763 25889 D audio_hw_primary: adev_get_parameters: exit: returns - audio_game_sound_volume_gap_switch=off
05-14 18:21:08.101   884 30957 I hash_map_utils: key: 'audio_game_sound_volume_gap_switch' value: ''
05-14 18:21:08.128   884 30957 D APM_AudioPolicyManager: getOutputForAttrInt() attributes={ Content type: AUDIO_CONTENT_TYPE_UNKNOWN Usage: AUDIO_USAGE_MEDIA Source: AUDIO_SOURCE_DEFAULT Flags: 0x400 Tags:  } stream=AUDIO_STREAM_MUSIC session 33609 selectedDeviceId 0
05-14 18:21:08.128   884 30957 D APM_AudioPolicyManager: getOutputForAttrInt() device {type:0x2,@:}, sampling rate 48000, format 0x1, channel mask 0x3, flags 0x104 stream AUDIO_STREAM_MUSIC
05-14 18:21:08.132   884 30957 V AudioPolicyManagerCustom: getPackageName: com.FlowerGames.FlowerGame  uid 10319
05-14 18:21:08.132   763 30482 D audio_hw_primary: adev_get_parameters:vr_audio_mode_on
05-14 18:21:08.132   763 30482 I audio_hw_primary: getting vr mode to 0
05-14 18:21:08.132   763 30482 D audio_hw_primary: adev_get_parameters: exit: returns - vr_audio_mode_on=false
05-14 18:21:08.132   884 30957 I hash_map_utils: key: 'vr_audio_mode_on' value: ''
05-14 18:21:08.133   884 30957 I AudioPolicyManagerCustom: VR mode is 0, switch to primary output if request is for fast|raw
05-14 18:21:08.134   884 30957 V AudioPolicyManagerCustom: getPackageName: com.FlowerGames.FlowerGame  uid 10319
05-14 18:21:08.134   884 30957 V AudioPolicyManagerCustom: getOutputForDevice() returns output 13
05-14 18:21:08.134   884 30957 D APM_AudioPolicyManager: getOutputForAttrInt returns output 13 selectedDeviceId 3
05-14 18:21:08.136   884 30957 W AudioFlinger: createTrack_l(): mismatch between requested flags (00000104) and output flags (00000006)
05-14 18:21:08.136   884 30957 I AudioFlinger: create audiotrack for com.FlowerGames.FlowerGame  uid 10319
05-14 18:21:08.136   884 30957 D AudioFlinger: Client defaulted notificationFrames to 192 for frameCount 192
05-14 18:21:08.137   884 30957 D AF::TrackHandle: OpPlayAudio: track:4116 usage:1 not muted
05-14 18:21:08.141 12844 12979 I AudioTrack: createTrack_l(0): AUDIO_OUTPUT_FLAG_FAST successful; frameCount 0 -> 192
05-14 18:21:08.143 12844 12979 D UE4     : [2020.05.14-16.21.08:143][  0]LogAudioMixer: Display: Using Audio Device Android Audio Device
05-14 18:21:08.144 12844 12979 D UE4     : [2020.05.14-16.21.08:144][  0]LogAudioMixer: Display: Initializing Sound Submixes...
05-14 18:21:08.154 12844 12979 D UE4     : [2020.05.14-16.21.08:153][  0]LogAudioMixer: Display: Creating Master Submix 'MasterSubmixDefault'
05-14 18:21:08.154 12844 12979 D UE4     : [2020.05.14-16.21.08:154][  0]LogAudioMixer: Display: Creating Master Submix 'MasterReverbSubmixDefault'
05-14 18:21:08.157 12844 12979 D UE4     : [2020.05.14-16.21.08:157][  0]LogAudioMixer: Display: Creating Master Submix 'MasterEQSubmixDefault'
05-14 18:21:08.204   884  1036 D APM_AudioPolicyManager: startOutput portId 4230
05-14 18:21:08.204   884  1036 D APM_AudioPolicyManager: startOutput() output 13, stream 3, session 33609
05-14 18:21:08.204   884  1036 D APM_AudioPolicyManager: getNewOutputDevices selected devices {type:0x2,@:}
05-14 18:21:08.204   884  1036 D APM_AudioPolicyManager: setOutputDevices device {type:0x2,@:} delayMs 0 force 0
05-14 18:21:08.204   884  1036 D APM_AudioPolicyManager: setOutputDevices setting same device {type:0x2,@:} or null device, force=0, patch handle=3042
05-14 18:21:08.204   884  1036 V AudioPolicyManagerCustom: checkAndSetVolume() set volumeSource 4 volume index 12 for device 0x02
05-14 18:21:08.206   763 30482 V EffectMiSound: MiSound_command() start, cmdCode=24
05-14 18:21:08.207   884 30957 E AudioFlinger: open /proc/12844/cmdline error
05-14 18:21:08.207   884 30957 I AudioFlinger: setAppName(), name=[], active=[1]
05-14 18:21:08.207   763 30482 V EffectMiSound: MiSound_command() start, cmdCode=23
05-14 18:21:08.207   763 30482 V EffectMiSound: MiSound_Command EFFECT_CMD_SET_APP_NAME: stream=3, name=+
05-14 18:21:08.208 12844 12979 D UE4     : [2020.05.14-16.21.08:208][  0]LogInit: FAudioDevice initialized.
05-14 18:21:08.211 12844 12979 D UE4     : [2020.05.14-16.21.08:211][  0]LogNetVersion: Set ProjectVersion to 1.0.0.0. Version Checksum will be recalculated on next use.
05-14 18:21:08.211 12844 12979 D UE4     : [2020.05.14-16.21.08:211][  0]LogInit: Texture streaming: Enabled
05-14 18:21:08.213   763 30482 E volume_listener: check_and_set_gain_dep_cal: Failed to set gain dep cal level
05-14 18:21:08.213   763  4886 D audio_hw_primary: start_output_stream: enter: stream(0xf1d36000)usecase(1: low-latency-playback) devices(0x2) is_haptic_usecase(0)
05-14 18:21:08.218   763  4886 D audio_hw_primary: select_devices for use case (low-latency-playback)
05-14 18:21:08.213   803   803 W perf@2.0-servic: type=1400 audit(0.0:154620): avc: denied { search } for name="763" dev="proc" ino=5617958 scontext=u:r:hal_perf_default:s0 tcontext=u:r:hal_audio_default:s0 tclass=dir permissive=0
05-14 18:21:08.213   803   803 W perf@2.0-servic: type=1400 audit(0.0:154621): avc: denied { search } for name="763" dev="proc" ino=5617958 scontext=u:r:hal_perf_default:s0 tcontext=u:r:hal_audio_default:s0 tclass=dir permissive=0
05-14 18:21:08.221 12844 12979 D UE4     : [2020.05.14-16.21.08:220][  0]LogSlate: Updating window title bar state: overlay mode, drag disabled, window buttons hidden, title bar hidden
05-14 18:21:08.221   763  4886 I msm8974_platform: platform_check_and_set_codec_backend_cfg:becf: afe: bitwidth 24, samplerate 48000 channels 2, backend_idx 4 usecase = 1 device (speaker)
05-14 18:21:08.221   763  4886 D msm8974_platform: platform_split_snd_device: snd_device(2) num devices(1) new_snd_devices(0)
05-14 18:21:08.221   763  4886 I msm8974_platform: platform_check_and_set_codec_backend_cfg: new_snd_devices[0] is 2
05-14 18:21:08.221 12844 12979 D UE4     : [2020.05.14-16.21.08:221][  0]LogInit: Display: Game Engine Initialized.
05-14 18:21:08.221   763  4886 I msm8974_platform: platform_check_codec_backend_cfg:becf: afe: bitwidth 24, samplerate 48000 channels 2, backend_idx 4 usecase = 1 device (speaker)
05-14 18:21:08.221   763  4886 D msm8974_platform: platform_check_codec_backend_cfg:becf: afe: playback on codec device not supporting native playback set default Sample Rate(48k)
05-14 18:21:08.221   763  4886 I msm8974_platform: platform_check_codec_backend_cfg:becf: afe: Codec selected backend: 4 updated bit width: 24 and sample rate: 48000
05-14 18:21:08.221   763  4886 D audio_hw_primary: check_usecases_codec_backend:becf: force routing 0
05-14 18:21:08.221   763  4886 E msm8974_platform: platform_check_backends_match: Invalid snd_device = 
05-14 18:21:08.221   763  4886 D audio_hw_primary: check_usecases_codec_backend:becf: (112) check_usecases curr device: speaker, usecase device: backends match 0
05-14 18:21:08.221   763  4886 D audio_hw_primary: check_usecases_codec_backend:becf: check_usecases num.of Usecases to switch 0
05-14 18:21:08.221   763  4886 D msm8974_platform: platform_split_snd_device: snd_device(2) num devices(0) new_snd_devices(0)
05-14 18:21:08.221   763  4886 D hardware_info: hw_info_append_hw_type : device_name = speaker
05-14 18:21:08.221   763  4886 D msm8974_platform: platform_split_snd_device: snd_device(2) num devices(0) new_snd_devices(0)
05-14 18:21:08.221   763  4886 D audio_hw_primary: enable_snd_device: snd_device(2: speaker)
05-14 18:21:08.221   763  4886 I soundtrigger: audio_extn_sound_trigger_update_device_status: device 0x2 of type 0 for Event 1, with Raise=0
05-14 18:21:08.222 12844 12979 D UE4     : [2020.05.14-16.21.08:222][  0]LogInit: Display: Starting Game.
05-14 18:21:08.222 12844 12979 D UE4     : [2020.05.14-16.21.08:222][  0]LogNet: Browse: /Game/MobileStarterContent/Maps/TestMap?Name=Player
05-14 18:21:08.222 12844 12979 D UE4     : [2020.05.14-16.21.08:222][  0]LogLoad: LoadMap: /Game/MobileStarterContent/Maps/TestMap?Name=Player
05-14 18:21:08.222   763  4886 E audio_route: Path: speaker, length: 6
05-14 18:21:08.222 12844 12979 D UE4     : [2020.05.14-16.21.08:222][  0]LogWorld: BeginTearingDown for /Temp/Untitled_0
05-14 18:21:08.224   763  4886 E audio_route:   id=0: ctl=DSP1 Firmware
05-14 18:21:08.224   763  4886 E audio_route:     id=0 value=9
05-14 18:21:08.224   763  4886 E audio_route:   id=1: ctl=PCM Source
05-14 18:21:08.224   763  4886 E audio_route:     id=0 value=2
05-14 18:21:08.224   763  4886 E audio_route:   id=2: ctl=ASP TX1 Source
05-14 18:21:08.224   763  4886 E audio_route:     id=0 value=6
05-14 18:21:08.224   763  4886 E audio_route:   id=3: ctl=ASP TX2 Source
05-14 18:21:08.224   763  4886 E audio_route:     id=0 value=6
05-14 18:21:08.224   763  4886 E audio_route:   id=4: ctl=ASPTX Ref
05-14 18:21:08.224   763  4886 E audio_route:     id=0 value=1
05-14 18:21:08.224   763  4886 E audio_route:   id=5: ctl=DSP Block Bypass
05-14 18:21:08.224   763  4886 E audio_route:     id=0 value=0
05-14 18:21:08.224   763  4886 D audio_route: Apply path: speaker
05-14 18:21:08.224   763  4886 D audio_route: audio_route_apply_and_update_path name speaker
05-14 18:21:08.224 12844 12979 D UE4     : XYXYXY XYXYXY Clearnupworld 0xe21ffa40 -> 0x0
05-14 18:21:08.224 12844 12979 D UE4     : [2020.05.14-16.21.08:224][  0]LogWorld: UWorld::CleanupWorld for Untitled, bSessionEnded=true, bCleanupResources=true
05-14 18:21:08.225 12844 12979 D UE4     : [2020.05.14-16.21.08:225][  0]LogSlate: InvalidateAllWidgets triggered.  All widgets were invalidated
05-14 18:21:08.225 12844 13084 D UE4     : [2020.05.14-16.21.08:225][  0]LogAudioMixer: Display: No commands were queued while flushing the source manager.
05-14 18:21:08.230 12844 12979 D UE4     : [2020.05.14-16.21.08:230][  0]LogUObjectHash: Compacting FUObjectHashTables data took   0.44ms
05-14 18:21:08.235   763  4886 I audio_hw_utils: audio_extn_utils_update_stream_output_app_type_cfg Allowing 24 and above bits playback on speaker ONLY at default sampling rate
05-14 18:21:08.235   763  4886 E soundtrigger: audio_extn_sound_trigger_update_stream_status: invalid input device 0x0, for event 3
05-14 18:21:08.235   763  4886 D soundtrigger: audio_extn_sound_trigger_update_stream_status: uc_info->id 1 of type 0 for Event 3, with Raise=0
05-14 18:21:08.235   763  4886 D audio_hw_utils: audio_extn_utils_send_app_type_cfg: usecase->out_snd_device speaker
05-14 18:21:08.235   763  4886 D msm8974_platform: platform_split_snd_device: snd_device(2) num devices(0) new_snd_devices(0)
05-14 18:21:08.236   763  4886 D audio_hw_utils: audio_extn_btsco_get_sample_rate:Not a BT SCO device, need not update sampling rate
05-14 18:21:08.236   763  4886 I audio_hw_utils: send_app_type_cfg_for_device PLAYBACK app_type 69937, acdb_dev_id 10011, sample_rate 48000, snd_device_be_idx 39
05-14 18:21:08.237   763  4886 D msm8974_platform: platform_split_snd_device: snd_device(2) num devices(1) new_snd_devices(0)
05-14 18:21:08.237   763  4886 D audio_hw_utils: audio_extn_btsco_get_sample_rate:Not a BT SCO device, need not update sampling rate
05-14 18:21:08.241   763  4886 D ACDB-LOADER: ACDB -> send_audio_cal, acdb_id = 10011, path = 0, app id = 0x11131, sample rate = 48000
05-14 18:21:08.241   763  4886 D ACDB-LOADER: ACDB -> send_asm_topology
05-14 18:21:08.241   763  4886 D ACDB-LOADER: ACDB -> ACDB_CMD_GET_AUDPROC_STREAM_TOPOLOGY_ID
05-14 18:21:08.253   763  4886 D ACDB-LOADER: ACDB -> send_adm_topology
05-14 18:21:08.253   763  4886 D ACDB-LOADER: ACDB -> ACDB_CMD_GET_AUDPROC_COMMON_TOPOLOGY_ID
05-14 18:21:08.253   763  4886 D ACDB-LOADER: ACDB -> send_audtable
05-14 18:21:08.254   763  4886 D ACDB-LOADER: ACDB -> ACDB_CMD_GET_AUDPROC_INSTANCE_COMMON_TABLE_SIZE
05-14 18:21:08.254   763  4886 D ACDB-LOADER: ACDB -> ACDB_CMD_GET_AUDPROC_INSTANCE_COMMON_TABLE
05-14 18:21:08.254   763  4886 D ACDB-LOADER: ACDB -> AUDIO_SET_AUDPROC_CAL cal_type[11] acdb_id[10011] app_type[69937]
05-14 18:21:08.254   763  4886 D ACDB-LOADER: ACDB -> send_audvoltable
05-14 18:21:08.254   763  4886 D ACDB-LOADER: ACDB -> ACDB_CMD_GET_AUDPROC_INSTANCE_GAIN_DEP_STEP_TABLE_SIZE
05-14 18:21:08.254   763  4886 D ACDB-LOADER: ACDB -> ACDB_CMD_GET_AUDPROC_INSTANCE_GAIN_DEP_STEP_TABLE, vol index 0
05-14 18:21:08.254   763  4886 D ACDB-LOADER: ACDB -> AUDIO_SET_VOL_CAL cal type = 12
05-14 18:21:08.254   763  4886 D ACDB-LOADER: ACDB -> ACDB_CMD_GET_AUDPROC_INSTANCE_STREAM_TABLE_SIZE
05-14 18:21:08.254   763  4886 D ACDB-LOADER: ACDB -> send_audstrmtable
05-14 18:21:08.254   763  4886 D ACDB-LOADER: ACDB -> ACDB_CMD_GET_AUDPROC_INSTANCE_STREAM_TABLE
05-14 18:21:08.254   763  4886 D ACDB-LOADER: ACDB -> audstrm_cal->cal_type.cal_data.cal_size = 20
05-14 18:21:08.254   763  4886 D ACDB-LOADER: ACDB -> send_afe_topology
05-14 18:21:08.254   763  4886 D ACDB-LOADER: ACDB -> ACDB_CMD_GET_AFE_TOPOLOGY_ID
05-14 18:21:08.254   763  4886 D ACDB-LOADER: ACDB -> GET_AFE_TOPOLOGY_ID for adcd_id 10011, Topology Id 112fc
05-14 18:21:08.254   763  4886 D ACDB-LOADER: ACDB -> send_afe_cal
05-14 18:21:08.254   763  4886 D ACDB-LOADER: ACDB -> ACDB_CMD_GET_AFE_INSTANCE_COMMON_TABLE_SIZE
05-14 18:21:08.254   763  4886 D         : Failed to fetch the lookup information of the device 0000271B 
05-14 18:21:08.254   763  4886 D ACDB-LOADER: Error: ACDB_CMD_GET_AFE_INSTANCE_COMMON_TABLE_SIZE Returned = -19
05-14 18:21:08.254   763  4886 D ACDB-LOADER: ACDB -> ACDB_CMD_GET_AFE_INSTANCE_COMMON_TABLE
05-14 18:21:08.254   763  4886 D         : Failed to fetch the lookup information of the device 0000271B 
05-14 18:21:08.254   763  4886 D ACDB-LOADER: Error: ACDB AFE returned = -19
05-14 18:21:08.254   763  4886 D ACDB-LOADER: ACDB -> AUDIO_SET_AFE_CAL cal_type[16] acdb_id[10011]
05-14 18:21:08.254   763  4886 D ACDB-LOADER: ACDB -> send_hw_delay : acdb_id = 10011 path = 0
05-14 18:21:08.254   763  4886 D ACDB-LOADER: ACDB -> ACDB_AVSYNC_INFO: ACDB_CMD_GET_DEVICE_PROPERTY
05-14 18:21:08.254   763  4886 D msm8974_platform: platform_split_snd_device: snd_device(2) num devices(1) new_snd_devices(0)
05-14 18:21:08.254   763  4886 D audio_hw_utils: audio_extn_btsco_get_sample_rate:Not a BT SCO device, need not update sampling rate
05-14 18:21:08.254   763  4886 D ACDB-LOADER: ACDB -> send_audio_cal, acdb_id = 10011, path = 0, app id = 0x11131, sample rate = 48000
05-14 18:21:08.255   763  4886 D ACDB-LOADER: ACDB -> send_asm_topology
05-14 18:21:08.255   763  4886 D ACDB-LOADER: ACDB -> ACDB_CMD_GET_AUDPROC_STREAM_TOPOLOGY_ID
05-14 18:21:08.255   763  4886 D ACDB-LOADER: ACDB -> send_adm_topology
05-14 18:21:08.255   763  4886 D ACDB-LOADER: ACDB -> ACDB_CMD_GET_AUDPROC_COMMON_TOPOLOGY_ID
05-14 18:21:08.255   763  4886 D ACDB-LOADER: ACDB -> send_audtable
05-14 18:21:08.255   763  4886 D ACDB-LOADER: ACDB -> ACDB_CMD_GET_AUDPROC_INSTANCE_COMMON_TABLE_SIZE
05-14 18:21:08.255   763  4886 D ACDB-LOADER: ACDB -> ACDB_CMD_GET_AUDPROC_INSTANCE_COMMON_TABLE
05-14 18:21:08.255   763  4886 D ACDB-LOADER: ACDB -> AUDIO_SET_AUDPROC_CAL cal_type[11] acdb_id[10011] app_type[69937]
05-14 18:21:08.255   763  4886 D ACDB-LOADER: ACDB -> send_audvoltable
05-14 18:21:08.255   763  4886 D ACDB-LOADER: ACDB -> ACDB_CMD_GET_AUDPROC_INSTANCE_GAIN_DEP_STEP_TABLE_SIZE
05-14 18:21:08.255   763  4886 D ACDB-LOADER: ACDB -> ACDB_CMD_GET_AUDPROC_INSTANCE_GAIN_DEP_STEP_TABLE, vol index 0
05-14 18:21:08.255   763  4886 D ACDB-LOADER: ACDB -> AUDIO_SET_VOL_CAL cal type = 12
05-14 18:21:08.255   763  4886 D ACDB-LOADER: ACDB -> ACDB_CMD_GET_AUDPROC_INSTANCE_STREAM_TABLE_SIZE
05-14 18:21:08.255   763  4886 D ACDB-LOADER: ACDB -> send_audstrmtable
05-14 18:21:08.255   763  4886 D ACDB-LOADER: ACDB -> ACDB_CMD_GET_AUDPROC_INSTANCE_STREAM_TABLE
05-14 18:21:08.255   763  4886 D ACDB-LOADER: ACDB -> audstrm_cal->cal_type.cal_data.cal_size = 20
05-14 18:21:08.255   763  4886 D ACDB-LOADER: ACDB -> send_afe_topology
05-14 18:21:08.255   763  4886 D ACDB-LOADER: ACDB -> ACDB_CMD_GET_AFE_TOPOLOGY_ID
05-14 18:21:08.255   763  4886 D ACDB-LOADER: ACDB -> GET_AFE_TOPOLOGY_ID for adcd_id 10011, Topology Id 112fc
05-14 18:21:08.255   763  4886 D ACDB-LOADER: ACDB -> send_afe_cal
05-14 18:21:08.255   763  4886 D ACDB-LOADER: ACDB -> ACDB_CMD_GET_AFE_INSTANCE_COMMON_TABLE_SIZE
05-14 18:21:08.255   763  4886 D         : Failed to fetch the lookup information of the device 0000271B 
05-14 18:21:08.255   763  4886 D ACDB-LOADER: Error: ACDB_CMD_GET_AFE_INSTANCE_COMMON_TABLE_SIZE Returned = -19
05-14 18:21:08.255   763  4886 D ACDB-LOADER: ACDB -> ACDB_CMD_GET_AFE_INSTANCE_COMMON_TABLE
05-14 18:21:08.255   763  4886 D         : Failed to fetch the lookup information of the device 0000271B 
05-14 18:21:08.255   763  4886 D ACDB-LOADER: Error: ACDB AFE returned = -19
05-14 18:21:08.255   763  4886 D ACDB-LOADER: ACDB -> AUDIO_SET_AFE_CAL cal_type[16] acdb_id[10011]
05-14 18:21:08.255   763  4886 D ACDB-LOADER: ACDB -> send_hw_delay : acdb_id = 10011 path = 0
05-14 18:21:08.255   763  4886 D ACDB-LOADER: ACDB -> ACDB_AVSYNC_INFO: ACDB_CMD_GET_DEVICE_PROPERTY
05-14 18:21:08.255   763  4886 D msm8974_platform: platform_split_snd_device: snd_device(2) num devices(0) new_snd_devices(0)
05-14 18:21:08.255   763  4886 I msm8974_platform: platform_get_custom_mtmx_params: no matching param with id 0 ip_ch 2 op_ch 2 uc_id 1 snd_dev 2
05-14 18:21:08.255   763  4886 D audio_hw_primary: enable_audio_route: apply mixer and update path: low-latency-playback speaker
05-14 18:21:08.255   763  4886 E audio_route: Path: low-latency-playback speaker, length: 1
05-14 18:21:08.256   763  4886 E audio_route:   id=0: ctl=QUAT_MI2S_RX Audio Mixer MultiMedia5
05-14 18:21:08.256   763  4886 E audio_route:     id=0 value=1
05-14 18:21:08.256   763  4886 E audio_route:     id=1 value=1
05-14 18:21:08.256   763  4886 D audio_route: Apply path: low-latency-playback speaker
05-14 18:21:08.256   763  4886 D audio_route: audio_route_apply_and_update_path name low-latency-playback speaker
05-14 18:21:08.257   763  4886 D send_data_to_xlog: send_misound_data_to_xlog: enter: usecase(1)
05-14 18:21:08.257   763  4886 D audio_hw_primary: select_devices: done
05-14 18:21:08.257   763  4886 D audio_hw_primary: start_output_stream: Opening PCM device card_id(0) device_id(13) format(0x4)
05-14 18:21:08.281 12844 12979 D UE4     : [2020.05.14-16.21.08:281][  0]LogAIModule: Creating AISystem for world TestMap
05-14 18:21:08.282 12844 12979 D UE4     : [2020.05.14-16.21.08:282][  0]LogAISub: UAISubsystem EnvQueryManager (0x9c2b0f00), frame # 0
05-14 18:21:08.282 12844 12979 D UE4     : [2020.05.14-16.21.08:282][  0]LogAISub: UAISubsystem AIPerceptionSystem (0x9fb8f900), frame # 0
05-14 18:21:08.282 12844 12979 D UE4     : [2020.05.14-16.21.08:282][  0]LogLoad: Game class is 'FlowerGameGameModeBase'
05-14 18:21:08.290 12844 12979 D UE4     : [2020.05.14-16.21.08:290][  0]LogWorld: Bringing World /Game/MobileStarterContent/Maps/TestMap.TestMap up for play (max tick rate 0) at 2020.05.14-18.21.08
05-14 18:21:08.290 12844 12979 D UE4     : [2020.05.14-16.21.08:290][  0]LogWorld: Bringing up level for play took: 0.003911
05-14 18:21:08.295 12844 12979 D UE4     : [2020.05.14-16.21.08:295][  0]LogOnline: OSS: Creating online subsystem instance for: GooglePlay
05-14 18:21:08.295 12844 12979 D UE4     : [2020.05.14-16.21.08:295][  0]LogOnline: Warning: OSS: FOnlineSubsystemGooglePlayModule was disabled
05-14 18:21:08.296   763  4886 D msm8974_platform: platform_set_channel_map mixer_ctl_name:Playback Channel Map13
05-14 18:21:08.296 12844 12979 D UE4     : [2020.05.14-16.21.08:296][  0]LogGameMode: FindPlayerStart: PATHS NOT DEFINED or NO PLAYERSTART with positive rating
05-14 18:21:08.296   763  4886 D msm8974_platform: platform_set_channel_map: set mapping(1 2 0 0 0 0 0 0) for channel:2
05-14 18:21:08.297   763  4886 D audio_hw_primary: start_output_stream: pcm_prepare
05-14 18:21:08.298 12844 12979 D UE4     : [2020.05.14-16.21.08:298][  0]LogUMG: Display: Widget Class UI_MainGame_C - Loaded Fast Template.
05-14 18:21:08.299   763  4886 D audio_hw_cirrus_playback: audio_extn_cirrus_post_apply_controls: snd_device = 2
05-14 18:21:08.300   763  4886 D audio_hw_primary: start_output_stream: exit
05-14 18:21:08.300   763  4886 D audio_hw_primary: check_and_set_karaok_parameters: is karaok rx device 0, is karaok tx device 0
05-14 18:21:08.300   763  4886 D audio_hw_primary: out_write: retry previous failed cal level set
05-14 18:21:08.300   763  4886 D msm8974_platform: platform_split_snd_device: snd_device(2) num devices(1) new_snd_devices(0)
05-14 18:21:08.300   763  4886 D ACDB-LOADER: ACDB -> send_audvoltable
05-14 18:21:08.300   763  4886 D ACDB-LOADER: ACDB -> ACDB_CMD_GET_AUDPROC_INSTANCE_GAIN_DEP_STEP_TABLE_SIZE
05-14 18:21:08.300   763  4886 D ACDB-LOADER: ACDB -> ACDB_CMD_GET_AUDPROC_INSTANCE_GAIN_DEP_STEP_TABLE, vol index 5
05-14 18:21:08.300   763  4886 D ACDB-LOADER: ACDB -> AUDIO_SET_VOL_CAL cal type = 40
05-14 18:21:08.300   763  4886 D msm8974_platform: platform_split_snd_device: snd_device(2) num devices(0) new_snd_devices(0)
05-14 18:21:08.300   763  4886 I msm8974_platform: platform_get_custom_mtmx_params: no matching param with id 0 ip_ch 2 op_ch 2 uc_id 1 snd_dev 2
05-14 18:21:08.314 12844 12979 D UE4     : [2020.05.14-16.21.08:314][  0]LogBlueprintUserMessages: [TestMap_C_0] BP_FlowerGameCharacter_C_2147482527
05-14 18:21:08.315 12844 12979 D UE4     : [2020.05.14-16.21.08:315][  0]LogLoad: Took 0.092418 seconds to LoadMap(/Game/MobileStarterContent/Maps/TestMap)
05-14 18:21:08.317 12844 12979 D UE4     : [2020.05.14-16.21.08:317][  0]LogSlate: Took 0.002145 seconds to synchronously load lazily loaded font '../../../Engine/Content/EngineFonts/Faces/RobotoBold.ufont' (160K)
05-14 18:21:08.318   672 32158 D OemNetd : setLimit: enable, rate=0
05-14 18:21:08.324 12844 13035 D UE4     : *** JavaEnvDestructor: 13035
05-14 18:21:08.336 12844 13033 D UE4     : AndroidEGL::  ReleaseContextOwnership,  thread releasing rendering context tid: 13033
05-14 18:21:08.341 12844 13033 D UE4     : AndroidEGL::ResetDisplay()
05-14 18:21:08.342 12844 13034 D UE4     : *** JavaEnvDestructor: 13034
05-14 18:21:08.348 12844 12979 D UE4     : [2020.05.14-16.21.08:348][  0]LogSlate: Took 0.002170 seconds to synchronously load lazily loaded font '../../../Engine/Content/Slate/Fonts/Roboto-Regular.ttf' (155K)
05-14 18:21:08.348 12844 13093 D UE4     : [2020.05.14-16.21.08:348][  0]LogRenderer: Reallocating scene render targets to support 1504x720 Format 10 NumSamples 1 (Frame:1).
05-14 18:21:08.351 12844 12979 D UE4     : [2020.05.14-16.21.08:351][  0]LogRHI: Display: ShaderPipelineCache: Paused Batching. 1
05-14 18:21:08.351 12844 12979 D UE4     : [2020.05.14-16.21.08:351][  0]LogRHI: Display: ShaderPipelineCache: Resumed Batching. 0
05-14 18:21:08.351 12844 12979 D UE4     : [2020.05.14-16.21.08:351][  0]LogRHI: Display: ShaderPipelineCache: Batching Resumed.
05-14 18:21:08.352 12844 12979 D UE4     : [2020.05.14-16.21.08:352][  0]LogAndroid: Passed GEngineLoop.Init()
05-14 18:21:08.352 12844 13033 D UE4     : [2020.05.14-16.21.08:352][  0]LogRHI: AndroidOpenGL: Using a maximum of 510 occlusion queries.
05-14 18:21:08.355 12844 12979 D UE4     : [2020.05.14-16.21.08:355][  0]LogAndroidEvents: Display: LogAndroidEvents::DequeueAppEvent : 9, [width=-1, height=-1], APP_EVENT_STATE_ON_START
05-14 18:21:08.355 12844 12979 D UE4     : FAppEventManager::Tick processing, 9
05-14 18:21:08.355 12844 12979 D UE4     : [2020.05.14-16.21.08:355][  0]LogAndroidEvents: Display: LogAndroidEvents::DequeueAppEvent : 7, [width=-1, height=-1], APP_EVENT_STATE_ON_RESUME
05-14 18:21:08.355 12844 12979 D UE4     : FAppEventManager::Tick processing, 7
05-14 18:21:08.355 12844 12979 D UE4     : [2020.05.14-16.21.08:355][  0]LogAndroidEvents: Display: LogAndroidEvents::DequeueAppEvent : 0, [width=2265, height=1080], APP_EVENT_STATE_WINDOW_CREATED
05-14 18:21:08.355 12844 12979 D UE4     : FAppEventManager::Tick processing, 0
05-14 18:21:08.355 12844 12979 D UE4     : [2020.05.14-16.21.08:355][  0]LogAndroidEvents: Display: ExecWindowCreated
05-14 18:21:08.355 12844 12979 D UE4     : AndroidEGL::ReInitWindow()
05-14 18:21:08.355 12844 12979 D UE4     : [2020.05.14-16.21.08:355][  0]LogAndroid: AndroidEGL::RefreshWindowSize updating window size = 1504, 720, cached size : 0, 0 tid : 12979
05-14 18:21:08.355 12844 12979 D UE4     : ExecWindowCreated, 0, 1, 1
05-14 18:21:08.355 12844 12979 D UE4     : [2020.05.14-16.21.08:355][  0]LogAndroidEvents: Display: LogAndroidEvents::DequeueAppEvent : 11, [width=-1, height=-1], APP_EVENT_STATE_WINDOW_GAINED_FOCUS
05-14 18:21:08.355 12844 12979 D UE4     : FAppEventManager::Tick processing, 11
05-14 18:21:08.355 12844 12979 D UE4     : [2020.05.14-16.21.08:355][  0]LogAndroidEvents: Display: LogAndroidEvents::DequeueAppEvent : 14, [width=-1, height=-1], APP_EVENT_STATE_APP_ACTIVATED
05-14 18:21:08.355 12844 12979 D UE4     : FAppEventManager::Tick processing, 14
05-14 18:21:08.355 12844 12979 D UE4     : Execution will be resumed!
05-14 18:21:08.355 12844 12979 D UE4     : [2020.05.14-16.21.08:355][  0]LogAndroidEvents: Display: LogAndroidEvents::DequeueAppEvent : 15, [width=-1, height=-1], APP_EVENT_RUN_CALLBACK
05-14 18:21:08.355 12844 12979 D UE4     : FAppEventManager::Tick processing, 15
05-14 18:21:08.355 12844 12979 D UE4     : [2020.05.14-16.21.08:355][  0]LogAndroidEvents: Display: Event thread callback running.
05-14 18:21:08.355 12844 12979 D UE4     : [2020.05.14-16.21.08:355][  0]LogAndroid: performing app foregrounding callback.
05-14 18:21:08.355 12844 12979 D UE4     : [GameActivity] Registering volume receiver
05-14 18:21:08.358   561   561 I hwservicemanager: getTransport: Cannot find entry vendor.qti.hardware.servicetracker@1.0::IServicetracker/default in either framework or device manifest.
05-14 18:21:08.363 12844 12979 D AudioManager: getStreamVolume isRestricted mode = 0
05-14 18:21:08.365 12844 12979 D UE4     : [GameActivity] startVolumeReceiver: 12
05-14 18:21:08.365 12844 12979 D UE4     : nativeVolumeEvent(12)
05-14 18:21:08.365 12844 12979 D UE4     : [GameActivity] Registering battery receiver
05-14 18:21:08.366 12844 12979 D UE4     : [GameActivity] Registering headset receiver
05-14 18:21:08.366 12844 12844 D UE4     : [GameActivity] Battery: status = 2, rawlevel = 71, scale = 100
05-14 18:21:08.366 12844 12844 D UE4     : nativeBatteryEvent(stat = 2, lvl = 71  temp = 30.70 C)
05-14 18:21:08.367 12844 12979 D UE4     : [GameActivity] startHeadsetReceiver: 0
05-14 18:21:08.367 12844 12979 D UE4     : nativeHeadsetEvent(0)
05-14 18:21:08.367 12844 12979 D UE4     : [2020.05.14-16.21.08:367][  0]LogCore: Display: AppLifetime: Application has entered foreground
05-14 18:21:08.369   561   561 I hwservicemanager: getTransport: Cannot find entry vendor.qti.hardware.servicetracker@1.0::IServicetracker/default in either framework or device manifest.
05-14 18:21:08.377 12844 13033 D UE4     : [2020.05.14-16.21.08:377][  0]LogRHI: Using OpenGL program LRU cache: 0
05-14 18:21:08.424 12844 13072 D UE4     : *** JavaEnvDestructor: 13072
05-14 18:21:08.911   672 13099 E ResolverController: No valid NAT64 prefix (124, <unspecified>/0)
05-14 18:21:08.963 12844 13100 D UE4     : [2020.05.14-16.21.08:963][  0]LogTcpMessaging: Started Connection to '127.0.0.1:39573'
05-14 18:21:08.963 12844 13100 D UE4     : [2020.05.14-16.21.08:963][  0]LogTcpMessaging: Discovered node 'EDBDF98246D2B60233A5BE9227A4A228' on connection '127.0.0.1:39573'...
05-14 18:21:08.991 12844 13070 D UE4     : *** JavaEnvDestructor: 13070
05-14 18:21:08.992 12844 13071 D UE4     : *** JavaEnvDestructor: 13071
05-14 18:21:08.992 12844 13069 D UE4     : *** JavaEnvDestructor: 13069
05-14 18:21:09.093 12844 12979 D UE4     : [2020.05.14-16.21.09:093][  0]LogUdpMessaging: Initializing bridge on interface 0.0.0.0:0 to multicast group 230.0.0.1:6666.
05-14 18:21:09.134  1069  1069 I CNSS    : cnss_open_log_file: directory /data/vendor/wlan_logs/ created
05-14 18:21:09.402  1620  1721 D AutomaticBrightnessControllerInjector: AmbientLux=55.698124, mAmbientDarkeningThreshold=28.856672, mAmbientBrighteningThreshold=215.4267, angle_xy2horizon=50.82282
05-14 18:21:09.402  1620  1721 D AutomaticBrightnessController: updateAutoBrightness: mScreenAutoBrightness=682, newScreenAutoBrightness=337
05-14 18:21:09.406  1620  1620 V SettingsProvider: Notifying for 0: content://settings/system/screen_brightness
05-14 18:21:09.418   892  1485 D FOD     : updateHBMOverlayTarget brightness=681, mSupportMulExpo=1
05-14 18:21:09.422   815  1653 D libsensor-B2SNotifier: Backlight2SlpiNotifier brightness = 681
05-14 18:21:09.424  1446  1446 E Diag_Lib:  Diag_LSM_Init: Failed to open handle to diag driver, error = 13
05-14 18:21:09.424  1446  1446 E Diag_Lib: qpLogDiagInit <== result : 0
05-14 18:21:09.424  1446  1446 E Diag_Lib: DATAD : gIsQXDMDisabled 0, gIsADBDisabled 1, gIsDebugDisabled 0, gIsIMSLogsDisabled 0
05-14 18:21:09.424  1446  1446 E Diag_Lib:  Diag_LSM_Init: Failed to open handle to diag driver, error = 13
05-14 18:21:09.424  1446  1446 E Diag_Lib: qpLogDiagInit <== result : 0
05-14 18:21:09.424  1446  1446 E Diag_Lib: DATAD : gIsQXDMDisabled 0, gIsADBDisabled 1, gIsDebugDisabled 0, gIsIMSLogsDisabled 0
05-14 18:21:09.424  1446  1446 E Diag_Lib:  Diag_LSM_Init: Failed to open handle to diag driver, error = 13
05-14 18:21:09.424  1446  1446 E Diag_Lib: qpLogDiagInit <== result : 0
05-14 18:21:09.424  1446  1446 E Diag_Lib: DATAD : gIsQXDMDisabled 0, gIsADBDisabled 1, gIsDebugDisabled 0, gIsIMSLogsDisabled 0
05-14 18:21:09.424  1446  1446 E Diag_Lib:  Diag_LSM_Init: Failed to open handle to diag driver, error = 13
05-14 18:21:09.424  1446  1446 E Diag_Lib: qpLogDiagInit <== result : 0
05-14 18:21:09.424  1446  1446 E Diag_Lib: DATAD : gIsQXDMDisabled 0, gIsADBDisabled 1, gIsDebugDisabled 0, gIsIMSLogsDisabled 0
05-14 18:21:09.425  1446  1446 E Diag_Lib:  Diag_LSM_Init: Failed to open handle to diag driver, error = 13
05-14 18:21:09.425  1446  1446 E Diag_Lib: qpLogDiagInit <== result : 0
05-14 18:21:09.425  1446  1446 E Diag_Lib: DATAD : gIsQXDMDisabled 0, gIsADBDisabled 1, gIsDebugDisabled 0, gIsIMSLogsDisabled 0
05-14 18:21:09.425  1446  1446 E Diag_Lib:  Diag_LSM_Init: Failed to open handle to diag driver, error = 13
05-14 18:21:09.425  1446  1446 E Diag_Lib: qpLogDiagInit <== result : 0
05-14 18:21:09.425  1446  1446 E Diag_Lib: DATAD : gIsQXDMDisabled 0, gIsADBDisabled 1, gIsDebugDisabled 0, gIsIMSLogsDisabled 0
05-14 18:21:09.426  1446  1446 E Diag_Lib:  Diag_LSM_Init: Failed to open handle to diag driver, error = 13
05-14 18:21:09.426  1446  1446 E Diag_Lib: qpLogDiagInit <== result : 0
05-14 18:21:09.426  1446  1446 E Diag_Lib: DATAD : gIsQXDMDisabled 0, gIsADBDisabled 1, gIsDebugDisabled 0, gIsIMSLogsDisabled 0
05-14 18:21:09.426  1446  1446 E Diag_Lib:  Diag_LSM_Init: Failed to open handle to diag driver, error = 13
05-14 18:21:09.426  1446  1446 E Diag_Lib: qpLogDiagInit <== result : 0
05-14 18:21:09.426  1446  1446 E Diag_Lib: DATAD : gIsQXDMDisabled 0, gIsADBDisabled 1, gIsDebugDisabled 0, gIsIMSLogsDisabled 0
05-14 18:21:09.426  1446  1446 E Diag_Lib:  Diag_LSM_Init: Failed to open handle to diag driver, error = 13
05-14 18:21:09.426  1446  1446 E Diag_Lib: qpLogDiagInit <== result : 0
05-14 18:21:09.426  1446  1446 E Diag_Lib: DATAD : gIsQXDMDisabled 0, gIsADBDisabled 1, gIsDebugDisabled 0, gIsIMSLogsDisabled 0
05-14 18:21:09.426  1446  1446 E Diag_Lib:  Diag_LSM_Init: Failed to open handle to diag driver, error = 13
05-14 18:21:09.426  1446  1446 E Diag_Lib: qpLogDiagInit <== result : 0
05-14 18:21:09.426  1446  1446 E Diag_Lib: DATAD : gIsQXDMDisabled 0, gIsADBDisabled 1, gIsDebugDisabled 0, gIsIMSLogsDisabled 0
05-14 18:21:09.433  1446  1446 E Diag_Lib:  Diag_LSM_Init: Failed to open handle to diag driver, error = 13
05-14 18:21:09.433  1446  1446 E Diag_Lib: qpLogDiagInit <== result : 0
05-14 18:21:09.433  1446  1446 E Diag_Lib: DATAD : gIsQXDMDisabled 0, gIsADBDisabled 1, gIsDebugDisabled 0, gIsIMSLogsDisabled 0
05-14 18:21:09.433  1446  1446 E Diag_Lib:  Diag_LSM_Init: Failed to open handle to diag driver, error = 13
05-14 18:21:09.433  1446  1446 E Diag_Lib: qpLogDiagInit <== result : 0
05-14 18:21:09.433  1446  1446 E Diag_Lib: DATAD : gIsQXDMDisabled 0, gIsADBDisabled 1, gIsDebugDisabled 0, gIsIMSLogsDisabled 0
05-14 18:21:09.435   892  1485 D FOD     : updateHBMOverlayTarget brightness=680, mSupportMulExpo=1
05-14 18:21:09.440   815  1653 D libsensor-B2SNotifier: Backlight2SlpiNotifier brightness = 680
05-14 18:21:09.441  1446  1446 E Diag_Lib:  Diag_LSM_Init: Failed to open handle to diag driver, error = 13
05-14 18:21:09.441  1446  1446 E Diag_Lib: qpLogDiagInit <== result : 0
05-14 18:21:09.441  1446  1446 E Diag_Lib: DATAD : gIsQXDMDisabled 0, gIsADBDisabled 1, gIsDebugDisabled 0, gIsIMSLogsDisabled 0
05-14 18:21:09.441  1446  1446 E Diag_Lib:  Diag_LSM_Init: Failed to open handle to diag driver, error = 13
05-14 18:21:09.441  1446  1446 E Diag_Lib: qpLogDiagInit <== result : 0
05-14 18:21:09.441  1446  1446 E Diag_Lib: DATAD : gIsQXDMDisabled 0, gIsADBDisabled 1, gIsDebugDisabled 0, gIsIMSLogsDisabled 0
05-14 18:21:09.441  1446  1446 E Diag_Lib:  Diag_LSM_Init: Failed to open handle to diag driver, error = 13
05-14 18:21:09.441  1446  1446 E Diag_Lib: qpLogDiagInit <== result : 0
05-14 18:21:09.441  1446  1446 E Diag_Lib: DATAD : gIsQXDMDisabled 0, gIsADBDisabled 1, gIsDebugDisabled 0, gIsIMSLogsDisabled 0
05-14 18:21:09.441  1446  1446 E Diag_Lib:  Diag_LSM_Init: Failed to open handle to diag driver, error = 13
05-14 18:21:09.441  1446  1446 E Diag_Lib: qpLogDiagInit <== result : 0
05-14 18:21:09.441  1446  1446 E Diag_Lib: DATAD : gIsQXDMDisabled 0, gIsADBDisabled 1, gIsDebugDisabled 0, gIsIMSLogsDisabled 0
05-14 18:21:09.442  1446  1446 E Diag_Lib:  Diag_LSM_Init: Failed to open handle to diag driver, error = 13
05-14 18:21:09.442  1446  1446 E Diag_Lib: qpLogDiagInit <== result : 0
05-14 18:21:09.442  1446  1446 E Diag_Lib: DATAD : gIsQXDMDisabled 0, gIsADBDisabled 1, gIsDebugDisabled 0, gIsIMSLogsDisabled 0
05-14 18:21:09.442  1446  1446 E Diag_Lib:  Diag_LSM_Init: Failed to open handle to diag driver, error = 13
05-14 18:21:09.442  1446  1446 E Diag_Lib: qpLogDiagInit <== result : 0
05-14 18:21:09.442  1446  1446 E Diag_Lib: DATAD : gIsQXDMDisabled 0, gIsADBDisabled 1, gIsDebugDisabled 0, gIsIMSLogsDisabled 0
05-14 18:21:09.442  1446  1446 E Diag_Lib:  Diag_LSM_Init: Failed to open handle to diag driver, error = 13
05-14 18:21:09.442  1446  1446 E Diag_Lib: qpLogDiagInit <== result : 0
05-14 18:21:09.442  1446  1446 E Diag_Lib: DATAD : gIsQXDMDisabled 0, gIsADBDisabled 1, gIsDebugDisabled 0, gIsIMSLogsDisabled 0
05-14 18:21:09.442  1446  1446 E Diag_Lib:  Diag_LSM_Init: Failed to open handle to diag driver, error = 13
05-14 18:21:09.443  1446  1446 E Diag_Lib: qpLogDiagInit <== result : 0
05-14 18:21:09.443  1446  1446 E Diag_Lib: DATAD : gIsQXDMDisabled 0, gIsADBDisabled 1, gIsDebugDisabled 0, gIsIMSLogsDisabled 0
05-14 18:21:09.443  1446  1446 E Diag_Lib:  Diag_LSM_Init: Failed to open handle to diag driver, error = 13
05-14 18:21:09.443  1446  1446 E Diag_Lib: qpLogDiagInit <== result : 0
05-14 18:21:09.443  1446  1446 E Diag_Lib: DATAD : gIsQXDMDisabled 0, gIsADBDisabled 1, gIsDebugDisabled 0, gIsIMSLogsDisabled 0
05-14 18:21:09.443  1446  1446 E Diag_Lib:  Diag_LSM_Init: Failed to open handle to diag driver, error = 13
05-14 18:21:09.443  1446  1446 E Diag_Lib: qpLogDiagInit <== result : 0
05-14 18:21:09.443  1446  1446 E Diag_Lib: DATAD : gIsQXDMDisabled 0, gIsADBDisabled 1, gIsDebugDisabled 0, gIsIMSLogsDisabled 0
