05-13 15:50:32.870 30782 30848 I ##XLogger##: com.miui.cloudservice.push.MiPushMessageReceiver::onCommandResult@SourceFile:113, thread:13837--set_alias_success, ******************************************dd8c0ba5
05-13 15:50:32.872   674   674 I Zygote  : Process 22673 exited due to signal 9 (Killed)
05-13 15:50:32.872 30782 30848 V xiaomi  : [Thread:13837] receive an intent from server, action=com.xiaomi.mipush.RECEIVE_MESSAGE
05-13 15:50:32.872 30782 30848 V xiaomi  : receiving an empty message, drop
05-13 15:50:32.874   561   561 I hwservicemanager: getTransport: Cannot find entry vendor.qti.hardware.servicetracker@1.0::IServicetracker/default in either framework or device manifest.
05-13 15:50:32.876  1620  1715 I libprocessgroup: Successfully killed process cgroup uid 10186 pid 22673 in 41ms
05-13 15:50:32.876  1620  2642 I MiuiNetworkPolicy: removeUidState uid = 10186
05-13 15:50:32.882 30550 30579 I hybrid:entranc: ProcessProfilingInfo new_methods=0 is saved saved_to_disk=0 resolve_classes_delay=8000
05-13 15:50:32.888 30827 30827 I miuisdk : loading module: com.xiaomi.micloud.sdk
05-13 15:50:32.976 30827 30827 I ctivate.servic: The ClassLoaderContext is a special shared library.
05-13 15:50:32.986 30827 30827 D miuisdk : process com.xiaomi.micloud.sdk successful
05-13 15:50:32.986 30827 30827 I miuisdk : loading module: com.miui.system
05-13 15:50:33.001 30827 30827 D miuisdk : process com.miui.system successful
05-13 15:50:33.001 30827 30827 D miuisdk : process modules finished
05-13 15:50:33.011 30827 30827 I FeatureParser: can't find cepheus.xml in assets/device_features/,it may be in /system/etc/device_features
05-13 15:50:33.005 30827 30827 W ctivate.service: type=1400 audit(0.0:121452): avc: denied { read } for name="u:object_r:vendor_displayfeature_prop:s0" dev="tmpfs" ino=16024 scontext=u:r:platform_app:s0:c512,c768 tcontext=u:object_r:vendor_displayfeature_prop:s0 tclass=file permissive=0
05-13 15:50:33.014 30827 30827 E libc    : Access denied finding property "ro.vendor.df.effect.conflict"
05-13 15:50:33.029   789 13157 I WifiHAL : event received NL80211_CMD_VENDOR, vendor_id = 0x1374, subcmd = 0xa
05-13 15:50:33.029  1192  1192 I cnss-daemon: nl80211 response handler invoked
05-13 15:50:33.029  1192  1192 I cnss-daemon: nl80211_response_handler: cmd 103, vendorID 4980, subcmd 10  received
05-13 15:50:33.030 13036 13036 I wpa_supplicant: wlan0: CTRL-EVENT-AVOID-FREQ ranges=
05-13 15:50:33.031 13036 13036 I wpa_supplicant: wlan0: CTRL-EVENT-REGDOM-CHANGE init=DRIVER type=COUNTRY alpha2=FR
05-13 15:50:33.049 30827 30887 E Perf    : Fail to get file list com.xiaomi.simactivate.service
05-13 15:50:33.049 30827 30887 E Perf    : getFolderSize() : Exception_1 = java.lang.NullPointerException: Attempt to get length of null array
05-13 15:50:33.050 30827 30887 E Perf    : Fail to get file list com.xiaomi.simactivate.service
05-13 15:50:33.050 30827 30887 E Perf    : getFolderSize() : Exception_1 = java.lang.NullPointerException: Attempt to get length of null array
05-13 15:50:33.054 30827 30827 I DynamicDumpReceiver: Dynamic receiver registered
05-13 15:50:33.069 30827 30846 I ActivateService: uid:10118 pid:30782 m:getActivateInfo2 slotId:0 subId:1 ts:338791199
05-13 15:50:33.078 30620 30665 I i.guardprovide: ProcessProfilingInfo new_methods=0 is saved saved_to_disk=0 resolve_classes_delay=8000
05-13 15:50:33.082 30827 30846 I ActivateInfoStorage: slotId: 0, subId: 1
05-13 15:50:33.082   672 30889 E ResolverController: No valid NAT64 prefix (121, <unspecified>/0)
05-13 15:50:33.086  7660  7909 I VideoBoxUtils: isSupportVideoBox: false
05-13 15:50:33.102 30827 30846 E MiuiSysImpl: READ_PHONE_STATE permission not granted
05-13 15:50:33.103 30827 30846 W MiuiSysImpl: missing read phone permission on android 23 or above, fallback to cloud device id
05-13 15:50:33.107 30827 30846 I ActivateService: uid:10118 pid:30782 m:getActivateInfo2 slotId:0 subId:1 ts:338791199 onResult UNACTIVATED
05-13 15:50:33.109   561   561 I hwservicemanager: getTransport: Cannot find entry vendor.qti.hardware.servicetracker@1.0::IServicetracker/default in either framework or device manifest.
05-13 15:50:33.110   561   561 I hwservicemanager: getTransport: Cannot find entry vendor.qti.hardware.servicetracker@1.0::IServicetracker/default in either framework or device manifest.
05-13 15:50:33.112 30782 30820 V ActivateStatusReceiver: Updating activate info for sim 0 inserted=true status=1
05-13 15:50:33.116   561   561 I hwservicemanager: getTransport: Cannot find entry vendor.qti.hardware.servicetracker@1.0::IServicetracker/default in either framework or device manifest.
05-13 15:50:33.118  1620  3101 D CompatibilityInfo: mCompatibilityFlags - 0
05-13 15:50:33.118  1620  3101 D CompatibilityInfo: applicationDensity - 440
05-13 15:50:33.118  1620  3101 D CompatibilityInfo: applicationScale - 1.0
05-13 15:50:33.119   561   561 I hwservicemanager: getTransport: Cannot find entry vendor.qti.hardware.servicetracker@1.0::IServicetracker/default in either framework or device manifest.
05-13 15:50:33.120  1620  2642 I MiuiNetworkPolicy: updateUidState uid = 10154, uidState = 11
05-13 15:50:33.127 30827 30846 I ActivateService: uid:10118 pid:30782 m:getActivateInfo2 slotId:1 subId:-1 ts:338791258
05-13 15:50:33.130 30827 30846 I ActivateInfoStorage: illegal subId
05-13 15:50:33.130 30827 30846 I ActivateInfoStorage: illegal subId
05-13 15:50:33.130 30827 30846 I ActivateService: uid:10118 pid:30782 m:getActivateInfo2 slotId:1 subId:-1 ts:338791258 onResult not inserted
05-13 15:50:33.131   561   561 I hwservicemanager: getTransport: Cannot find entry vendor.qti.hardware.servicetracker@1.0::IServicetracker/default in either framework or device manifest.
05-13 15:50:33.132   561   561 I hwservicemanager: getTransport: Cannot find entry vendor.qti.hardware.servicetracker@1.0::IServicetracker/default in either framework or device manifest.
05-13 15:50:33.134 30782 30820 V ActivateStatusReceiver: Updating activate info for sim 1 inserted=false status=-1
05-13 15:50:33.136  1620  2642 I MiuiNetworkPolicy: updateUidState uid = 10154, uidState = 20
05-13 15:50:33.136  1620  2642 I MiuiNetworkPolicy: updateMLUid uid:10154,old:11,new:20
05-13 15:50:33.136  1620  2642 I MiuiNetworkPolicy: isMLEnabled state:11,uid:10154,connect:CONNECTED
05-13 15:50:33.136  1620  2642 I MiuiNetworkPolicy: isMLEnabled state:20,uid:10154,connect:CONNECTED
05-13 15:50:33.145 30782 30782 V CloudActivateStatusListener: com.miui.cloudservice.CloudActivateStatusListener::onActivateStatusChanged@SourceFile:29, thread:2--onActivateStatusChanged event EVENT_NONE
05-13 15:50:33.146 30782 30782 V CloudActivateStatusListener: com.miui.cloudservice.CloudActivateStatusListener::onActivateStatusChanged@SourceFile:29, thread:2--onActivateStatusChanged event EVENT_NONE
05-13 15:50:33.147   673   673 I Zygote  : Process 22638 exited due to signal 9 (Killed)
05-13 15:50:33.148   561   561 I hwservicemanager: getTransport: Cannot find entry vendor.qti.hardware.servicetracker@1.0::IServicetracker/default in either framework or device manifest.
05-13 15:50:33.149  1620  2642 I MiuiNetworkPolicy: removeUidState uid = 10246
05-13 15:50:33.151  1620  1715 I libprocessgroup: Successfully killed process cgroup uid 10246 pid 22638 in 36ms
05-13 15:50:33.216  7802  6630 D HttpDataUtil: seed:1
05-13 15:50:33.256 30644 30681 I chatty  : uid=1001(radio) Profile Saver expire 1 line
05-13 15:50:33.335  3912 20620 I Icing   : Indexing com.google.android.gms-apps from com.google.android.gms
05-13 15:50:33.372  3912 20620 I Icing   : Indexing done com.google.android.gms-apps
05-13 15:50:33.387   561   561 I hwservicemanager: getTransport: Cannot find entry vendor.qti.hardware.servicetracker@1.0::IServicetracker/default in either framework or device manifest.
05-13 15:50:33.451   789 13157 I WifiHAL : event received NL80211_CMD_VENDOR, vendor_id = 0x1374, subcmd = 0xa
05-13 15:50:33.451  1192  1192 I cnss-daemon: nl80211 response handler invoked
05-13 15:50:33.451  1192  1192 I cnss-daemon: nl80211_response_handler: cmd 103, vendorID 4980, subcmd 10  received
05-13 15:50:33.455 13036 13036 I wpa_supplicant: wlan0: CTRL-EVENT-AVOID-FREQ ranges=5500-5640
05-13 15:50:33.455   561   561 I hwservicemanager: getTransport: Cannot find entry vendor.qti.hardware.servicetracker@1.0::IServicetracker/default in either framework or device manifest.
05-13 15:50:33.456 13036 13036 I wpa_supplicant: wlan0: CTRL-EVENT-REGDOM-CHANGE init=DRIVER type=COUNTRY alpha2=FR
05-13 15:50:33.457   561   561 I hwservicemanager: getTransport: Cannot find entry vendor.qti.hardware.servicetracker@1.0::IServicetracker/default in either framework or device manifest.
05-13 15:50:33.885   561   561 I hwservicemanager: getTransport: Cannot find entry vendor.qti.hardware.servicetracker@1.0::IServicetracker/default in either framework or device manifest.
05-13 15:50:33.890  1620  2642 I MiuiNetworkPolicy: updateUidState uid = 10118, uidState = 20
05-13 15:50:33.890  1620  2642 I MiuiNetworkPolicy: updateMLUid uid:10118,old:11,new:20
05-13 15:50:33.890  1620  2642 I MiuiNetworkPolicy: isMLEnabled state:11,uid:10118,connect:CONNECTED
05-13 15:50:33.890  1620  2642 I MiuiNetworkPolicy: isMLEnabled state:20,uid:10118,connect:CONNECTED
05-13 15:50:33.892   561   561 I hwservicemanager: getTransport: Cannot find entry vendor.qti.hardware.servicetracker@1.0::IServicetracker/default in either framework or device manifest.
05-13 15:50:33.894  1620  3101 D CompatibilityInfo: mCompatibilityFlags - 0
05-13 15:50:33.894  1620  3101 D CompatibilityInfo: applicationDensity - 440
05-13 15:50:33.894  1620  3101 D CompatibilityInfo: applicationScale - 1.0
05-13 15:50:33.895   561   561 I hwservicemanager: getTransport: Cannot find entry vendor.qti.hardware.servicetracker@1.0::IServicetracker/default in either framework or device manifest.
05-13 15:50:33.902   561   561 I hwservicemanager: getTransport: Cannot find entry vendor.qti.hardware.servicetracker@1.0::IServicetracker/default in either framework or device manifest.
05-13 15:50:33.924 21045 21062 W AD-PLUGIN-RemoteMethodInvoker: Service[interface com.xiaomi.ad.internal.splash.uiprocess.api.ISplashUIInterface, com.xiaomi.ad.internal.splash.uiprocess.api.ISplashUIInterface$Stub$a@be60d36] died, remove from reusing-map!
05-13 15:50:33.925   673   673 I Zygote  : Process 21837 exited due to signal 9 (Killed)
05-13 15:50:33.926   561   561 I hwservicemanager: getTransport: Cannot find entry vendor.qti.hardware.servicetracker@1.0::IServicetracker/default in either framework or device manifest.
05-13 15:50:33.927  1620  1715 I libprocessgroup: Successfully killed process cgroup uid 10117 pid 21837 in 38ms
05-13 15:50:34.221  1620  2639 D NtpTrustedTime: currentTimeMillis() cache hit
05-13 15:50:34.223   672 22608 I netd    : trafficSwapActiveStatsMap() <0.91ms>
05-13 15:50:34.225   672 22608 I netd    : tetherGetStats() <1.44ms>
05-13 15:50:34.246  1620  2639 D NtpTrustedTime: currentTimeMillis() cache hit
05-13 15:50:34.248  7660  7890 I TrafficManageService: mina mTrafficStatsReceiver onReceive
05-13 15:50:34.248   672 22608 I netd    : bandwidthSetGlobalAlert(131072) <0.26ms>
05-13 15:50:34.250 24803 24803 E adbd    : failed to connect to socket 'tcp:6666': Connection refused
05-13 15:50:34.405 24803 24803 W /system/bin/adbd: type=1400 audit(0.0:121453): avc: denied { search } for comm=73796E6320737663203137 name="oem" dev="dm-0" ino=58 scontext=u:r:adbd:s0 tcontext=u:object_r:oemfs:s0 tclass=dir permissive=0
05-13 15:50:34.405 24803 24803 I chatty  : uid=2000(shell) /system/bin/adbd identical 14 lines
05-13 15:50:34.405 24803 24803 W /system/bin/adbd: type=1400 audit(0.0:121456): avc: denied { search } for comm=73796E6320737663203137 name="oem" dev="dm-0" ino=58 scontext=u:r:adbd:s0 tcontext=u:object_r:oemfs:s0 tclass=dir permissive=0
05-13 15:50:34.427  7802 30908 I com.lbe.security.service.provider.WakePathDatabaseUtil: getDefaultAutoStartApps
05-13 15:50:34.435 24803 24803 W /system/bin/adbd: type=1400 audit(0.0:121457): avc: denied { search } for comm=73796E6320737663203137 name="oem" dev="dm-0" ino=58 scontext=u:r:adbd:s0 tcontext=u:object_r:oemfs:s0 tclass=dir permissive=0
05-13 15:50:34.449  7802 30908 I com.lbe.security.service.provider.WakePathDatabaseUtil: writeWakePathWhiteList
05-13 15:50:34.462  7802 30908 I com.lbe.security.service.provider.WakePathDatabaseUtil: getWakePathWhiteList: whiteList.size=4
05-13 15:50:35.485 24803 24803 W /system/bin/adbd: type=1400 audit(0.0:122108): avc: denied { search } for comm=73796E6320737663203137 name="oem" dev="dm-0" ino=58 scontext=u:r:adbd:s0 tcontext=u:object_r:oemfs:s0 tclass=dir permissive=0
05-13 15:50:35.485 24803 24803 W /system/bin/adbd: type=1400 audit(0.0:122109): avc: denied { search } for comm=73796E6320737663203137 name="oem" dev="dm-0" ino=58 scontext=u:r:adbd:s0 tcontext=u:object_r:oemfs:s0 tclass=dir permissive=0
05-13 15:50:35.684  7915  7915 I PowerKeeperBackgroundService: onStartCommand()
05-13 15:50:35.684  7915  7915 I PowerKeeperService: onAlarm
05-13 15:50:35.714   673   673 D Zygote  : Forked child process 30915
05-13 15:50:35.715   561   561 I hwservicemanager: getTransport: Cannot find entry vendor.qti.hardware.servicetracker@1.0::IServicetracker/default in either framework or device manifest.
05-13 15:50:35.717  1620  2671 D CompatibilityInfo: mCompatibilityFlags - 0
05-13 15:50:35.717  1620  2671 D CompatibilityInfo: applicationDensity - 440
05-13 15:50:35.717  1620  2671 D CompatibilityInfo: applicationScale - 1.0
05-13 15:50:35.718   561   561 I hwservicemanager: getTransport: Cannot find entry vendor.qti.hardware.servicetracker@1.0::IServicetracker/default in either framework or device manifest.
05-13 15:50:35.720   672 22608 D OemNetd : setPidForPackage: packageName=com.whatsapp, pid=30915, pid=10239
05-13 15:50:35.721  1620  2642 I MiuiNetworkPolicy: updateUidState uid = 99068, uidState = 9
05-13 15:50:35.721  1620  2642 I MiuiNetworkPolicy: updateMLUid uid:99068,old:6,new:9
05-13 15:50:35.721  1620  2642 I MiuiNetworkPolicy: updateUidState uid = 10239, uidState = 20
05-13 15:50:35.721  1620  2642 I MiuiNetworkPolicy: updateUidState uid = 10170, uidState = 9
05-13 15:50:35.721  1620  2642 I MiuiNetworkPolicy: updateMLUid uid:10170,old:20,new:9
05-13 15:50:35.721  1620  2642 I MiuiNetworkPolicy: isMLEnabled state:20,uid:10170,connect:CONNECTED
05-13 15:50:35.721  1620  2642 I MiuiNetworkPolicy: isMLEnabled state:9,uid:10170,connect:CONNECTED
05-13 15:50:35.723 30915 30915 E com.whatsapp: Not starting debugger since process cannot load the jdwp agent.
05-13 15:50:35.728 21528 21528 I Finsky  : [2] JobSchedulerEngine$PhoneskyJobSchedulerJobService.onStartJob(3): SCH: onJobSchedulerWakeup with jobId 9000
05-13 15:50:35.730  1620  4584 D CompatibilityInfo: mCompatibilityFlags - 0
05-13 15:50:35.730  1620  4584 D CompatibilityInfo: applicationDensity - 440
05-13 15:50:35.730  1620  4584 D CompatibilityInfo: applicationScale - 1.0
05-13 15:50:35.732  1620  4584 D CompatibilityInfo: mCompatibilityFlags - 0
05-13 15:50:35.732  1620  4584 D CompatibilityInfo: applicationDensity - 440
05-13 15:50:35.732  1620  4584 D CompatibilityInfo: applicationScale - 1.0
05-13 15:50:35.738  1620  2642 I MiuiNetworkPolicy: updateUidState uid = 10239, uidState = 12
05-13 15:50:35.738  1620  2642 I MiuiNetworkPolicy: updateMLUid uid:10239,old:20,new:12
05-13 15:50:35.738  1620  2642 I MiuiNetworkPolicy: isMLEnabled state:20,uid:10239,connect:CONNECTED
05-13 15:50:35.738  1620  2642 I MiuiNetworkPolicy: isMLEnabled state:12,uid:10239,connect:CONNECTED
05-13 15:50:35.740 21528 21528 I Finsky  : [2] vhw.a(19): Scheduling fallback job with id: 9034, and delay: 43200000 ms
05-13 15:50:35.743 21528 21528 I Finsky  : [2] vhw.a(9): Scheduling fallback in 64799998 (absolute: 403593872)
05-13 15:50:35.776 30915 30915 I com.whatsapp: The ClassLoaderContext is a special shared library.
05-13 15:50:35.783 21528 21528 I Finsky  : [2] vif.handleMessage(6): SCH: DeviceState: DeviceState{currentTime=1589377835777, isCharging=false, isIdle=false, netAny=true, netNotRoaming=true, netUnmetered=true, batteryPercent=83.0}
05-13 15:50:35.787 21528 30280 I Finsky  : [2173] vkt.a(7): SCH: Jobs in database: 1-1337 12-1 26-1414141414 34-561 34-563 34-566 34-569 34-570 34-571 34-572 34-573 34-574 34-575 
05-13 15:50:35.789 21528 21528 I Finsky  : [2] vig.a(18): SCH: Running job: 12-1
05-13 15:50:35.790 21528 21528 I Finsky  : [2] ContentSyncJob.a(15): ContentSyncJob started
05-13 15:50:35.790 21528 21528 I Finsky  : [2] vif.handleMessage(57): SCH: RunningQueue size: 1, PendingQueue size: 0
05-13 15:50:35.790 21528 21528 I Finsky  : [2] vif.handleMessage(60): SCH: Running queue: 12-1 
05-13 15:50:35.862 30915 30915 I Perf    : Connecting to perf service.
05-13 15:50:35.891 30915 30915 I MultiDex: VM with version 2.1.0 has multidex support
05-13 15:50:35.891 30915 30915 I MultiDex: Installing application
05-13 15:50:35.891 30915 30915 I MultiDex: VM has multidex support, MultiDex support library is disabled.
05-13 15:50:35.915 30915 30915 W com.whatsapp: type=1400 audit(0.0:122110): avc: granted { execute } for path="/data/data/com.whatsapp/files/decompressed/libs.spk.zst/libvlc.so" dev="sda31" ino=615190 scontext=u:r:untrusted_app:s0:c239,c256,c512,c768 tcontext=u:object_r:app_data_file:s0:c239,c256,c512,c768 tclass=file
05-13 15:50:35.925 30915 30915 W com.whatsapp: type=1400 audit(0.0:122111): avc: granted { execute } for path="/data/data/com.whatsapp/files/decompressed/libs.spk.zst/libwhatsapp.so" dev="sda31" ino=615373 scontext=u:r:untrusted_app:s0:c239,c256,c512,c768 tcontext=u:object_r:app_data_file:s0:c239,c256,c512,c768 tclass=file
05-13 15:50:35.959   561   561 I hwservicemanager: getTransport: Cannot find entry vendor.qti.hardware.servicetracker@1.0::IServicetracker/default in either framework or device manifest.
05-13 15:50:35.977 30915 30915 D SigquitBasedANRDetector: Registered
05-13 15:50:35.965 30915 30915 W com.whatsapp: type=1400 audit(0.0:122112): avc: granted { execute } for path="/data/data/com.whatsapp/files/decompressed/libs.spk.zst/libcurve25519.so" dev="sda31" ino=615379 scontext=u:r:untrusted_app:s0:c239,c256,c512,c768 tcontext=u:object_r:app_data_file:s0:c239,c256,c512,c768 tclass=file
05-13 15:50:36.026 30915 30915 D FirebaseApp: com.google.firebase.auth.FirebaseAuth is not linked. Skipping initialization.
05-13 15:50:36.026 30915 30915 D FirebaseApp: com.google.firebase.crash.FirebaseCrash is not linked. Skipping initialization.
05-13 15:50:36.026 30915 30915 D FirebaseApp: com.google.android.gms.measurement.AppMeasurement is not linked. Skipping initialization.
05-13 15:50:36.027 30915 30915 I FirebaseInitProvider: FirebaseApp initialization successful
05-13 15:50:36.039 30915 30915 I FeatureParser: can't find cepheus.xml in assets/device_features/,it may be in /system/etc/device_features
05-13 15:50:36.043 30915 30915 E libc    : Access denied finding property "ro.vendor.df.effect.conflict"
05-13 15:50:36.106 30915 30915 D Event   : No subscribers registered for event class X.0M8
05-13 15:50:36.106 30915 30915 D Event   : No subscribers registered for event class X.0Og
05-13 15:50:36.111 30915 30968 D NetworkSecurityConfig: Using Network Security Config from resource network_security_config debugBuild: false
05-13 15:50:36.152   672 30975 E ResolverController: No valid NAT64 prefix (121, <unspecified>/0)
05-13 15:50:36.267   561   561 I hwservicemanager: getTransport: Cannot find entry vendor.qti.hardware.servicetracker@1.0::IServicetracker/default in either framework or device manifest.
05-13 15:50:36.269  1620  4584 D CompatibilityInfo: mCompatibilityFlags - 0
05-13 15:50:36.270  1620  4584 D CompatibilityInfo: applicationDensity - 440
05-13 15:50:36.270  1620  4584 D CompatibilityInfo: applicationScale - 1.0
05-13 15:50:36.270   561   561 I hwservicemanager: getTransport: Cannot find entry vendor.qti.hardware.servicetracker@1.0::IServicetracker/default in either framework or device manifest.
05-13 15:50:36.272  1620  2642 I MiuiNetworkPolicy: updateUidState uid = 10239, uidState = 9
05-13 15:50:36.272  1620  2642 I MiuiNetworkPolicy: updateMLUid uid:10239,old:12,new:9
05-13 15:50:36.272  1620  2642 I MiuiNetworkPolicy: isMLEnabled state:12,uid:10239,connect:CONNECTED
05-13 15:50:36.272  1620  2642 I MiuiNetworkPolicy: isMLEnabled state:9,uid:10239,connect:CONNECTED
05-13 15:50:36.273  1620  9324 D CompatibilityInfo: mCompatibilityFlags - 0
05-13 15:50:36.273  1620  9324 D CompatibilityInfo: applicationDensity - 440
05-13 15:50:36.273  1620  9324 D CompatibilityInfo: applicationScale - 1.0
05-13 15:50:36.274  7660  7660 D CleanMasterReceiver: receive broadcast
05-13 15:50:36.275  7660  7660 D GmsModelUtils: start scan 
05-13 15:50:36.275  7660  7660 D GmsModelUtils: time realInterval : 13
05-13 15:50:36.275  7660  7801 D ApkLoader: start update 
05-13 15:50:36.276 30915 30915 D Event   : No subscribers registered for event class X.0M8
05-13 15:50:36.276 30915 30915 D Event   : No subscribers registered for event class X.0Og
05-13 15:50:36.291   561   561 I hwservicemanager: getTransport: Cannot find entry vendor.qti.hardware.servicetracker@1.0::IServicetracker/default in either framework or device manifest.
05-13 15:50:36.293  1620  1674 D CompatibilityInfo: mCompatibilityFlags - 0
05-13 15:50:36.293  1620  1674 D CompatibilityInfo: applicationDensity - 440
05-13 15:50:36.293  1620  1674 D CompatibilityInfo: applicationScale - 1.0
05-13 15:50:36.294   561   561 I hwservicemanager: getTransport: Cannot find entry vendor.qti.hardware.servicetracker@1.0::IServicetracker/default in either framework or device manifest.
05-13 15:50:36.296  1620  2642 I MiuiNetworkPolicy: updateUidState uid = 99068, uidState = 5
05-13 15:50:36.296  1620  2642 I MiuiNetworkPolicy: updateMLUid uid:99068,old:9,new:5
05-13 15:50:36.296  1620  2642 I MiuiNetworkPolicy: updateUidState uid = 10181, uidState = 5
05-13 15:50:36.296  1620  2642 I MiuiNetworkPolicy: updateMLUid uid:10181,old:6,new:5
05-13 15:50:36.296  1620  2642 I MiuiNetworkPolicy: isMLEnabled state:6,uid:10181,connect:CONNECTED
05-13 15:50:36.296  1620  2642 I MiuiNetworkPolicy: isMLEnabled state:5,uid:10181,connect:CONNECTED
05-13 15:50:36.298 30915 31003 E Perf    : Fail to get file list com.whatsapp
05-13 15:50:36.299 30915 31003 E Perf    : getFolderSize() : Exception_1 = java.lang.NullPointerException: Attempt to get length of null array
05-13 15:50:36.299 30915 31003 E Perf    : Fail to get file list oat
05-13 15:50:36.299 30915 31003 E Perf    : getFolderSize() : Exception_1 = java.lang.NullPointerException: Attempt to get length of null array
05-13 15:50:36.300 24803 24803 E adbd    : failed to connect to socket 'tcp:6666': Connection refused
05-13 15:50:36.307  7660 20985 I FreeformWindowUtils: quick reply close, no need update apps
05-13 15:50:36.309   561   561 I hwservicemanager: getTransport: Cannot find entry vendor.qti.hardware.servicetracker@1.0::IServicetracker/default in either framework or device manifest.
05-13 15:50:36.310   561   561 I hwservicemanager: getTransport: Cannot find entry vendor.qti.hardware.servicetracker@1.0::IServicetracker/default in either framework or device manifest.
05-13 15:50:36.313  1620  2642 I MiuiNetworkPolicy: updateUidState uid = 99068, uidState = 6
05-13 15:50:36.313  1620  2642 I MiuiNetworkPolicy: updateMLUid uid:99068,old:5,new:6
05-13 15:50:36.313  1620  2642 I MiuiNetworkPolicy: updateUidState uid = 10181, uidState = 6
05-13 15:50:36.313  1620  2642 I MiuiNetworkPolicy: updateMLUid uid:10181,old:5,new:6
05-13 15:50:36.313  1620  2642 I MiuiNetworkPolicy: isMLEnabled state:5,uid:10181,connect:CONNECTED
05-13 15:50:36.313 20718 20735 I CloudSettingsProvider: uriMatch : 2
05-13 15:50:36.313  1620  2642 I MiuiNetworkPolicy: isMLEnabled state:6,uid:10181,connect:CONNECTED
05-13 15:50:36.325   672 31011 E ResolverController: No valid NAT64 prefix (121, <unspecified>/0)
05-13 15:50:36.335   672 31010 E ResolverController: No valid NAT64 prefix (121, <unspecified>/0)
05-13 15:50:36.378   561   561 I hwservicemanager: getTransport: Cannot find entry vendor.qti.hardware.servicetracker@1.0::IServicetracker/default in either framework or device manifest.
05-13 15:50:36.380  1620 12215 D CompatibilityInfo: mCompatibilityFlags - 0
05-13 15:50:36.380  1620 12215 D CompatibilityInfo: applicationDensity - 440
05-13 15:50:36.380  1620 12215 D CompatibilityInfo: applicationScale - 1.0
05-13 15:50:36.381   561   561 I hwservicemanager: getTransport: Cannot find entry vendor.qti.hardware.servicetracker@1.0::IServicetracker/default in either framework or device manifest.
05-13 15:50:36.388   561   561 I hwservicemanager: getTransport: Cannot find entry vendor.qti.hardware.servicetracker@1.0::IServicetracker/default in either framework or device manifest.
05-13 15:50:36.390  1620 14048 D CompatibilityInfo: mCompatibilityFlags - 0
05-13 15:50:36.390  1620 14048 D CompatibilityInfo: applicationDensity - 440
05-13 15:50:36.390  1620 14048 D CompatibilityInfo: applicationScale - 1.0
05-13 15:50:36.390   561   561 I hwservicemanager: getTransport: Cannot find entry vendor.qti.hardware.servicetracker@1.0::IServicetracker/default in either framework or device manifest.
05-13 15:50:36.394   561   561 I hwservicemanager: getTransport: Cannot find entry vendor.qti.hardware.servicetracker@1.0::IServicetracker/default in either framework or device manifest.
05-13 15:50:36.399   561   561 E SELinux : avc:  denied  { find } for interface=android.hardware.memtrack::IMemtrack sid=u:r:untrusted_app:s0:c239,c256,c512,c768 pid=30915 scontext=u:r:untrusted_app:s0:c239,c256,c512,c768 tcontext=u:object_r:hal_memtrack_hwservice:s0 tclass=hwservice_manager permissive=0
05-13 15:50:36.399 30915 31007 E memtrack: Couldn't load memtrack module
05-13 15:50:36.399 30915 31007 W android.os.Debug: failed to get memory consumption info: -1
05-13 15:50:36.400   561   561 I hwservicemanager: getTransport: Cannot find entry vendor.qti.hardware.servicetracker@1.0::IServicetracker/default in either framework or device manifest.
05-13 15:50:36.400   561   561 I hwservicemanager: getTransport: Cannot find entry vendor.qti.hardware.servicetracker@1.0::IServicetracker/default in either framework or device manifest.
05-13 15:50:36.421 30915 30968 D WM-PackageManagerHelper: androidx.work.impl.background.systemjob.SystemJobService enabled
05-13 15:50:36.421 30915 30968 D WM-Schedulers: Created SystemJobScheduler and enabled SystemJobService
05-13 15:50:36.424 30915 31016 D WM-ForceStopRunnable: Performing cleanup operations.
05-13 15:50:36.485   672 31020 E ResolverController: No valid NAT64 prefix (121, <unspecified>/0)
05-13 15:50:36.485   672 31021 E ResolverController: No valid NAT64 prefix (121, <unspecified>/0)
05-13 15:50:36.522   561   561 I hwservicemanager: getTransport: Cannot find entry vendor.qti.hardware.servicetracker@1.0::IServicetracker/default in either framework or device manifest.
05-13 15:50:36.523   561   561 I hwservicemanager: getTransport: Cannot find entry vendor.qti.hardware.servicetracker@1.0::IServicetracker/default in either framework or device manifest.
05-13 15:50:36.525  1620  2642 I MiuiNetworkPolicy: updateUidState uid = 10239, uidState = 11
05-13 15:50:36.526  1620  2642 I MiuiNetworkPolicy: updateMLUid uid:10239,old:9,new:11
05-13 15:50:36.526  1620  2642 I MiuiNetworkPolicy: isMLEnabled state:9,uid:10239,connect:CONNECTED
05-13 15:50:36.526  1620  2642 I MiuiNetworkPolicy: isMLEnabled state:11,uid:10239,connect:CONNECTED
05-13 15:50:36.527  1620  2642 I MiuiNetworkPolicy: updateUidState uid = 10239, uidState = 20
05-13 15:50:36.527  1620  2642 I MiuiNetworkPolicy: updateMLUid uid:10239,old:11,new:20
05-13 15:50:36.527  1620  2642 I MiuiNetworkPolicy: isMLEnabled state:11,uid:10239,connect:CONNECTED
05-13 15:50:36.527  1620  2642 I MiuiNetworkPolicy: isMLEnabled state:20,uid:10239,connect:CONNECTED
05-13 15:50:36.600  1620 12215 D CompatibilityInfo: mCompatibilityFlags - 0
05-13 15:50:36.600  1620 12215 D CompatibilityInfo: applicationDensity - 440
05-13 15:50:36.600  1620 12215 D CompatibilityInfo: applicationScale - 1.0
05-13 15:50:36.600   561   561 I hwservicemanager: getTransport: Cannot find entry vendor.qti.hardware.servicetracker@1.0::IServicetracker/default in either framework or device manifest.
05-13 15:50:36.601  1620  2642 I MiuiNetworkPolicy: updateUidState uid = 10239, uidState = 11
05-13 15:50:36.601  1620  2642 I MiuiNetworkPolicy: updateMLUid uid:10239,old:20,new:11
05-13 15:50:36.601  1620  2642 I MiuiNetworkPolicy: isMLEnabled state:20,uid:10239,connect:CONNECTED
05-13 15:50:36.601  1620  2642 I MiuiNetworkPolicy: isMLEnabled state:11,uid:10239,connect:CONNECTED
05-13 15:50:36.603  1620  2642 I MiuiNetworkPolicy: updateUidState uid = 10055, uidState = 11
05-13 15:50:36.603  1620  2642 I MiuiNetworkPolicy: updateMLUid uid:10055,old:20,new:11
05-13 15:50:36.603  1620  2642 I MiuiNetworkPolicy: isMLEnabled state:20,uid:10055,connect:CONNECTED
05-13 15:50:36.603  1620  2642 I MiuiNetworkPolicy: isMLEnabled state:11,uid:10055,connect:CONNECTED
05-13 15:50:36.675 24803 24803 W /system/bin/adbd: type=1400 audit(0.0:122118): avc: denied { search } for comm=73796E6320737663203137 name="oem" dev="dm-0" ino=58 scontext=u:r:adbd:s0 tcontext=u:object_r:oemfs:s0 tclass=dir permissive=0
05-13 15:50:36.685 24803 24803 W /system/bin/adbd: type=1400 audit(0.0:122122): avc: denied { search } for comm=73796E6320737663203137 name="oem" dev="dm-0" ino=58 scontext=u:r:adbd:s0 tcontext=u:object_r:oemfs:s0 tclass=dir permissive=0
05-13 15:50:36.708  2763  3223 D NetworkController.MobileSignalController(1): 4G level = 5
05-13 15:50:36.725   561   561 I hwservicemanager: getTransport: Cannot find entry vendor.qti.hardware.servicetracker@1.0::IServicetracker/default in either framework or device manifest.
05-13 15:50:36.727  1620 12215 D CompatibilityInfo: mCompatibilityFlags - 0
05-13 15:50:36.728  1620 12215 D CompatibilityInfo: applicationDensity - 440
05-13 15:50:36.728  1620 12215 D CompatibilityInfo: applicationScale - 1.0
05-13 15:50:36.728   561   561 I hwservicemanager: getTransport: Cannot find entry vendor.qti.hardware.servicetracker@1.0::IServicetracker/default in either framework or device manifest.
05-13 15:50:36.730  1620  2642 I MiuiNetworkPolicy: updateUidState uid = 10239, uidState = 9
05-13 15:50:36.730  1620  2642 I MiuiNetworkPolicy: updateMLUid uid:10239,old:11,new:9
05-13 15:50:36.730  1620  2642 I MiuiNetworkPolicy: isMLEnabled state:11,uid:10239,connect:CONNECTED
05-13 15:50:36.730  1620  2642 I MiuiNetworkPolicy: isMLEnabled state:9,uid:10239,connect:CONNECTED
05-13 15:50:36.730  1620  2642 I MiuiNetworkPolicy: updateUidState uid = 10055, uidState = 9
05-13 15:50:36.730  1620  2642 I MiuiNetworkPolicy: updateMLUid uid:10055,old:11,new:9
05-13 15:50:36.730  1620  2642 I MiuiNetworkPolicy: isMLEnabled state:11,uid:10055,connect:CONNECTED
05-13 15:50:36.730  1620  2642 I MiuiNetworkPolicy: isMLEnabled state:9,uid:10055,connect:CONNECTED
05-13 15:50:36.732   561   561 I hwservicemanager: getTransport: Cannot find entry vendor.qti.hardware.servicetracker@1.0::IServicetracker/default in either framework or device manifest.
05-13 15:50:36.733   561   561 I hwservicemanager: getTransport: Cannot find entry vendor.qti.hardware.servicetracker@1.0::IServicetracker/default in either framework or device manifest.
05-13 15:50:36.735  1620  2642 I MiuiNetworkPolicy: updateUidState uid = 10239, uidState = 11
05-13 15:50:36.735  1620  2642 I MiuiNetworkPolicy: updateMLUid uid:10239,old:9,new:11
05-13 15:50:36.735  1620  2642 I MiuiNetworkPolicy: isMLEnabled state:9,uid:10239,connect:CONNECTED
05-13 15:50:36.735  1620  2642 I MiuiNetworkPolicy: isMLEnabled state:11,uid:10239,connect:CONNECTED
05-13 15:50:36.735  1620  2642 I MiuiNetworkPolicy: updateUidState uid = 10055, uidState = 11
05-13 15:50:36.735  1620  2642 I MiuiNetworkPolicy: updateMLUid uid:10055,old:9,new:11
05-13 15:50:36.735  1620  2642 I MiuiNetworkPolicy: isMLEnabled state:9,uid:10055,connect:CONNECTED
05-13 15:50:36.735  1620  2642 I MiuiNetworkPolicy: isMLEnabled state:11,uid:10055,connect:CONNECTED
05-13 15:50:36.780 21528 30380 I Finsky  : [2188] eid.a(29): Completed 0 account content syncs with 0 successful.
05-13 15:50:36.781 21528 21528 I Finsky  : [2] ContentSyncJob.a(13): Installation state replication succeeded.
05-13 15:50:36.781 21528 21528 I Finsky  : [2] vjq.a(16): SCH: jobFinished: 12-1. TimeElapsed: 991ms.
05-13 15:50:36.781 21528 21528 I Finsky  : [2] vig.a(36): SCH: Job 12-1 finished. Not rescheduling.
05-13 15:50:36.782 21528 21528 I Finsky  : [2] vif.handleMessage(57): SCH: RunningQueue size: 0, PendingQueue size: 0
05-13 15:50:36.782 21528 21528 I Finsky  : [2] vif.handleMessage(23): Executor finished
05-13 15:50:36.786   561   561 I hwservicemanager: getTransport: Cannot find entry vendor.qti.hardware.servicetracker@1.0::IServicetracker/default in either framework or device manifest.
05-13 15:50:36.786   561   561 I hwservicemanager: getTransport: Cannot find entry vendor.qti.hardware.servicetracker@1.0::IServicetracker/default in either framework or device manifest.
05-13 15:50:36.788  1620  2642 I MiuiNetworkPolicy: updateUidState uid = 10170, uidState = 11
05-13 15:50:36.788  1620  2642 I MiuiNetworkPolicy: updateMLUid uid:10170,old:9,new:11
05-13 15:50:36.788  1620  2642 I MiuiNetworkPolicy: isMLEnabled state:9,uid:10170,connect:CONNECTED
05-13 15:50:36.788  1620  2642 I MiuiNetworkPolicy: isMLEnabled state:11,uid:10170,connect:CONNECTED
05-13 15:50:36.793  1620  2642 I MiuiNetworkPolicy: updateUidState uid = 10170, uidState = 20
05-13 15:50:36.793  1620  2642 I MiuiNetworkPolicy: updateMLUid uid:10170,old:11,new:20
05-13 15:50:36.793  1620  2642 I MiuiNetworkPolicy: isMLEnabled state:11,uid:10170,connect:CONNECTED
05-13 15:50:36.793  1620  2642 I MiuiNetworkPolicy: isMLEnabled state:20,uid:10170,connect:CONNECTED
05-13 15:50:36.798 21528 21528 I Finsky  : [2] vkt.a(7): SCH: Jobs in database: 1-1337 26-1414141414 34-561 34-563 34-566 34-569 34-570 34-571 34-572 34-573 34-574 34-575 
05-13 15:50:36.800 21528 21528 I Finsky  : [2] vgo.a(58): SCH: ConstraintMapping: 1-1337, 34-572,  -> L: 12109430ms, D: 55309430ms, C: false, I: false, N: 1
05-13 15:50:36.800 21528 21528 I Finsky  : [2] vgo.a(58): SCH: ConstraintMapping: 34-561, 34-563, 34-566, 34-569, 34-570, 34-571, 34-573, 34-574, 34-575,  -> L: 347196879ms, D: 1643196879ms, C: false, I: true, N: 2
05-13 15:50:36.801 21528 21528 I Finsky  : [2] vgo.a(58): SCH: ConstraintMapping: 34-561, 34-563, 34-566, 34-569, 34-570, 34-571, 34-573, 34-574, 34-575,  -> L: 347196879ms, D: 1643196879ms, C: true, I: true, N: 2
05-13 15:50:36.801 21528 21528 I Finsky  : [2] vgo.a(58): SCH: ConstraintMapping: 26-1414141414,  -> L: 11921296ms, D: 12821296ms, C: false, I: false, N: 0
05-13 15:50:36.813 21528 21528 I Finsky  : [2] vjd.a(35): Cancelling existing jobscheduler jobs: 9005 9006 9002 
05-13 15:50:36.813 21528 21528 I Finsky  : [2] vjd.a(28): Scheduling job Id: 9001, L: 12109430, D: 55309430, C: false, I: false, N: 1
05-13 15:50:36.814 21528 21528 I Finsky  : [2] vjd.a(28): Scheduling job Id: 9003, L: 347196879, D: 1643196879, C: false, I: true, N: 2
05-13 15:50:36.815 21528 21528 I Finsky  : [2] vjd.a(28): Scheduling job Id: 9004, L: 347196879, D: 1643196879, C: true, I: true, N: 2
05-13 15:50:36.816 21528 21528 I Finsky  : [2] vjd.a(28): Scheduling job Id: 9007, L: 11921296, D: 12821296, C: false, I: false, N: 0
05-13 15:50:37.208   561   561 I hwservicemanager: getTransport: Cannot find entry vendor.qti.hardware.servicetracker@1.0::IServicetracker/default in either framework or device manifest.
05-13 15:50:37.493   561   561 I hwservicemanager: getTransport: Cannot find entry vendor.qti.hardware.servicetracker@1.0::IServicetracker/default in either framework or device manifest.
05-13 15:50:37.495  1620 12215 D CompatibilityInfo: mCompatibilityFlags - 0
05-13 15:50:37.495  1620 12215 D CompatibilityInfo: applicationDensity - 440
05-13 15:50:37.495  1620 12215 D CompatibilityInfo: applicationScale - 1.0
05-13 15:50:37.496   561   561 I hwservicemanager: getTransport: Cannot find entry vendor.qti.hardware.servicetracker@1.0::IServicetracker/default in either framework or device manifest.
05-13 15:50:37.498  1620  2642 I MiuiNetworkPolicy: updateUidState uid = 99068, uidState = 5
05-13 15:50:37.498  1620  2642 I MiuiNetworkPolicy: updateMLUid uid:99068,old:6,new:5
05-13 15:50:37.498  1620  2642 I MiuiNetworkPolicy: updateUidState uid = 10181, uidState = 5
05-13 15:50:37.498  1620  2642 I MiuiNetworkPolicy: updateMLUid uid:10181,old:6,new:5
05-13 15:50:37.498  1620  2642 I MiuiNetworkPolicy: isMLEnabled state:6,uid:10181,connect:CONNECTED
05-13 15:50:37.498  1620  2642 I MiuiNetworkPolicy: isMLEnabled state:5,uid:10181,connect:CONNECTED
05-13 15:50:37.500   561   561 I hwservicemanager: getTransport: Cannot find entry vendor.qti.hardware.servicetracker@1.0::IServicetracker/default in either framework or device manifest.
05-13 15:50:37.501   561   561 I hwservicemanager: getTransport: Cannot find entry vendor.qti.hardware.servicetracker@1.0::IServicetracker/default in either framework or device manifest.
05-13 15:50:37.506  1620  2642 I MiuiNetworkPolicy: updateUidState uid = 99068, uidState = 11
05-13 15:50:37.506  1620  2642 I MiuiNetworkPolicy: updateMLUid uid:99068,old:5,new:11
05-13 15:50:37.506  1620  2642 I MiuiNetworkPolicy: updateUidState uid = 10181, uidState = 6
05-13 15:50:37.506  1620  2642 I MiuiNetworkPolicy: updateMLUid uid:10181,old:5,new:6
05-13 15:50:37.506  1620  2642 I MiuiNetworkPolicy: isMLEnabled state:5,uid:10181,connect:CONNECTED
05-13 15:50:37.506  1620  2642 I MiuiNetworkPolicy: isMLEnabled state:6,uid:10181,connect:CONNECTED
05-13 15:50:37.675  1620  2642 I MiuiNetworkPolicy: updateUidState uid = 99068, uidState = 6
05-13 15:50:37.675  1620  2642 I MiuiNetworkPolicy: updateMLUid uid:99068,old:11,new:6
05-13 15:50:37.675  1620  2642 I MiuiNetworkPolicy: updateUidState uid = 10055, uidState = 16
05-13 15:50:37.675  1620  2642 I MiuiNetworkPolicy: updateMLUid uid:10055,old:11,new:16
05-13 15:50:37.675  1620  2642 I MiuiNetworkPolicy: isMLEnabled state:11,uid:10055,connect:CONNECTED
05-13 15:50:37.675  1620  2642 I MiuiNetworkPolicy: isMLEnabled state:16,uid:10055,connect:CONNECTED
05-13 15:50:37.717   561   561 I hwservicemanager: getTransport: Cannot find entry vendor.qti.hardware.servicetracker@1.0::IServicetracker/default in either framework or device manifest.
05-13 15:50:38.678   561   561 I hwservicemanager: getTransport: Cannot find entry vendor.qti.hardware.servicetracker@1.0::IServicetracker/default in either framework or device manifest.
05-13 15:50:38.715 24803 24803 W /system/bin/adbd: type=1400 audit(0.0:123246): avc: denied { search } for comm=73796E6320737663203137 name="oem" dev="dm-0" ino=58 scontext=u:r:adbd:s0 tcontext=u:object_r:oemfs:s0 tclass=dir permissive=0
05-13 15:50:38.715 24803 24803 W /system/bin/adbd: type=1400 audit(0.0:123250): avc: denied { search } for comm=73796E6320737663203137 name="oem" dev="dm-0" ino=58 scontext=u:r:adbd:s0 tcontext=u:object_r:oemfs:s0 tclass=dir permissive=0
05-13 15:50:39.088   561   561 I hwservicemanager: getTransport: Cannot find entry vendor.qti.hardware.servicetracker@1.0::IServicetracker/default in either framework or device manifest.
05-13 15:50:39.329  2763  3223 D NetworkController.MobileSignalController(1): 4G level = 5
05-13 15:50:39.725 24803 24803 W /system/bin/adbd: type=1400 audit(0.0:124297): avc: denied { search } for comm=73796E6320737663203137 name="oem" dev="dm-0" ino=58 scontext=u:r:adbd:s0 tcontext=u:object_r:oemfs:s0 tclass=dir permissive=0
05-13 15:50:39.755 24803 24803 W /system/bin/adbd: type=1400 audit(0.0:124301): avc: denied { search } for comm=73796E6320737663203137 name="oem" dev="dm-0" ino=58 scontext=u:r:adbd:s0 tcontext=u:object_r:oemfs:s0 tclass=dir permissive=0
05-13 15:50:39.920   561   561 I hwservicemanager: getTransport: Cannot find entry vendor.qti.hardware.servicetracker@1.0::IServicetracker/default in either framework or device manifest.
05-13 15:50:40.311 24803 24803 E adbd    : failed to connect to socket 'tcp:6666': Connection refused
05-13 15:50:40.324 30782 30807 I ui.cloudservic: ProcessProfilingInfo new_methods=0 is saved saved_to_disk=0 resolve_classes_delay=8000
05-13 15:50:40.810 30855 30878 I ackageinstalle: ProcessProfilingInfo new_methods=0 is saved saved_to_disk=0 resolve_classes_delay=8000
05-13 15:50:40.811 30827 30877 I ctivate.servic: ProcessProfilingInfo new_methods=0 is saved saved_to_disk=0 resolve_classes_delay=8000
05-13 15:50:40.805 24803 24803 W /system/bin/adbd: type=1400 audit(0.0:124611): avc: denied { search } for comm=73796E6320737663203137 name="oem" dev="dm-0" ino=58 scontext=u:r:adbd:s0 tcontext=u:object_r:oemfs:s0 tclass=dir permissive=0
05-13 15:50:40.805 24803 24803 W /system/bin/adbd: type=1400 audit(0.0:124615): avc: denied { search } for comm=73796E6320737663203137 name="oem" dev="dm-0" ino=58 scontext=u:r:adbd:s0 tcontext=u:object_r:oemfs:s0 tclass=dir permissive=0
05-13 15:50:41.809   672 22608 D OemNetd : setLimit: disable, rate=0
05-13 15:50:42.104  2763  3223 D NetworkController.MobileSignalController(1): 4G level = 5
05-13 15:50:42.318 24803 24803 E adbd    : failed to connect to socket 'tcp:6666': Connection refused
05-13 15:50:42.801   561   561 I hwservicemanager: getTransport: Cannot find entry vendor.qti.hardware.servicetracker@1.0::IServicetracker/default in either framework or device manifest.
05-13 15:50:42.795   783   783 W memtrack@1.0-se: type=1400 audit(0.0:124774): avc: denied { search } for name="kgsl" dev="sysfs" ino=55501 scontext=u:r:hal_memtrack_default:s0 tcontext=u:object_r:sysfs_kgsl:s0 tclass=dir permissive=0
05-13 15:50:42.805   783   783 W memtrack@1.0-se: type=1400 audit(0.0:124778): avc: denied { search } for name="kgsl" dev="sysfs" ino=55501 scontext=u:r:hal_memtrack_default:s0 tcontext=u:object_r:sysfs_kgsl:s0 tclass=dir permissive=0
05-13 15:50:44.381 24803 24803 E adbd    : failed to connect to socket 'tcp:6666': Connection refused
05-13 15:50:44.585  1620  2642 I MiuiNetworkPolicy: updateUidState uid = 10170, uidState = 20
05-13 15:50:44.575   783   783 W memtrack@1.0-se: type=1400 audit(0.0:124784): avc: denied { search } for name="kgsl" dev="sysfs" ino=55501 scontext=u:r:hal_memtrack_default:s0 tcontext=u:object_r:sysfs_kgsl:s0 tclass=dir permissive=0
05-13 15:50:44.575   783   783 W memtrack@1.0-se: type=1400 audit(0.0:124785): avc: denied { search } for name="kgsl" dev="sysfs" ino=55501 scontext=u:r:hal_memtrack_default:s0 tcontext=u:object_r:sysfs_kgsl:s0 tclass=dir permissive=0
05-13 15:50:44.712  5099  5099 D NfcService: Received android.intent.action.BATTERY_CHANGED
05-13 15:50:44.712  7660  7660 I BatteryInfoReceiver: ACTION_BATTERY_CHANGED
05-13 15:50:44.713  2763  2763 D KeyguardUpdateMonitor: received broadcast android.intent.action.BATTERY_CHANGED
05-13 15:50:44.715  7915  8035 D PowerCheckerService: onBatteryChanged, mBatteryLevel = 83, status = 2, level = 83, plug = 2, scale = 100
05-13 15:50:45.942   561   561 I hwservicemanager: getTransport: Cannot find entry vendor.qti.hardware.servicetracker@1.0::IServicetracker/default in either framework or device manifest.
05-13 15:50:45.935   783   783 W memtrack@1.0-se: type=1400 audit(0.0:124786): avc: denied { search } for name="kgsl" dev="sysfs" ino=55501 scontext=u:r:hal_memtrack_default:s0 tcontext=u:object_r:sysfs_kgsl:s0 tclass=dir permissive=0
05-13 15:50:45.935   783   783 W memtrack@1.0-se: type=1400 audit(0.0:124787): avc: denied { search } for name="kgsl" dev="sysfs" ino=55501 scontext=u:r:hal_memtrack_default:s0 tcontext=u:object_r:sysfs_kgsl:s0 tclass=dir permissive=0
05-13 15:50:46.684 24803 24803 E adbd    : failed to connect to socket 'tcp:6666': Connection refused
05-13 15:50:46.814   672 22608 D OemNetd : setLimit: enable, rate=0
05-13 15:50:47.234   561   561 I hwservicemanager: getTransport: Cannot find entry vendor.qti.hardware.servicetracker@1.0::IServicetracker/default in either framework or device manifest.
05-13 15:50:47.235  2763  3223 D NetworkController.MobileSignalController(1): 4G level = 5
05-13 15:50:47.238   561   561 I hwservicemanager: getTransport: Cannot find entry vendor.qti.hardware.servicetracker@1.0::IServicetracker/default in either framework or device manifest.
05-13 15:50:47.240  1620  2642 I MiuiNetworkPolicy: updateUidState uid = 10127, uidState = 20
05-13 15:50:47.240  1620  2642 I MiuiNetworkPolicy: updateMLUid uid:10127,old:16,new:20
05-13 15:50:47.225   783   783 W memtrack@1.0-se: type=1400 audit(0.0:124788): avc: denied { search } for name="kgsl" dev="sysfs" ino=55501 scontext=u:r:hal_memtrack_default:s0 tcontext=u:object_r:sysfs_kgsl:s0 tclass=dir permissive=0
05-13 15:50:47.240  1620  2642 I MiuiNetworkPolicy: isMLEnabled state:16,uid:10127,connect:CONNECTED
05-13 15:50:47.240  1620  2642 I MiuiNetworkPolicy: isMLEnabled state:20,uid:10127,connect:CONNECTED
05-13 15:50:47.225   783   783 W memtrack@1.0-se: type=1400 audit(0.0:124789): avc: denied { search } for name="kgsl" dev="sysfs" ino=55501 scontext=u:r:hal_memtrack_default:s0 tcontext=u:object_r:sysfs_kgsl:s0 tclass=dir permissive=0
05-13 15:50:47.235   783   783 W memtrack@1.0-se: type=1400 audit(0.0:124791): avc: denied { search } for name="kgsl" dev="sysfs" ino=55501 scontext=u:r:hal_memtrack_default:s0 tcontext=u:object_r:sysfs_kgsl:s0 tclass=dir permissive=0
05-13 15:50:47.271   561   561 I hwservicemanager: getTransport: Cannot find entry vendor.qti.hardware.servicetracker@1.0::IServicetracker/default in either framework or device manifest.
05-13 15:50:47.282   561   561 I chatty  : uid=1000(system) hwservicemanage identical 9 lines
05-13 15:50:47.283   561   561 I hwservicemanager: getTransport: Cannot find entry vendor.qti.hardware.servicetracker@1.0::IServicetracker/default in either framework or device manifest.
05-13 15:50:47.286  1620  2642 I MiuiNetworkPolicy: updateUidState uid = 10091, uidState = 11
05-13 15:50:47.286  1620  2642 I MiuiNetworkPolicy: updateMLUid uid:10091,old:6,new:11
05-13 15:50:47.286  1620  2642 I MiuiNetworkPolicy: isMLEnabled state:6,uid:10091,connect:CONNECTED
05-13 15:50:47.286  1620  2642 I MiuiNetworkPolicy: isMLEnabled state:11,uid:10091,connect:CONNECTED
05-13 15:50:47.289  1620  2642 I MiuiNetworkPolicy: updateUidState uid = 10091, uidState = 20
05-13 15:50:47.290  1620  2642 I MiuiNetworkPolicy: updateMLUid uid:10091,old:11,new:20
05-13 15:50:47.290  1620  2642 I MiuiNetworkPolicy: isMLEnabled state:11,uid:10091,connect:CONNECTED
05-13 15:50:47.290  1620  2642 I MiuiNetworkPolicy: isMLEnabled state:20,uid:10091,connect:CONNECTED
05-13 15:50:47.328   561   561 I hwservicemanager: getTransport: Cannot find entry vendor.qti.hardware.servicetracker@1.0::IServicetracker/default in either framework or device manifest.
05-13 15:50:47.329   673   673 I Zygote  : Process 24664 exited due to signal 9 (Killed)
05-13 15:50:47.330   561   561 I hwservicemanager: getTransport: Cannot find entry vendor.qti.hardware.servicetracker@1.0::IServicetracker/default in either framework or device manifest.
05-13 15:50:47.332  1620  1715 I libprocessgroup: Successfully killed process cgroup uid 10173 pid 24664 in 43ms
05-13 15:50:47.332   561   561 I hwservicemanager: getTransport: Cannot find entry vendor.qti.hardware.servicetracker@1.0::IServicetracker/default in either framework or device manifest.
05-13 15:50:47.342   561   561 I hwservicemanager: getTransport: Cannot find entry vendor.qti.hardware.servicetracker@1.0::IServicetracker/default in either framework or device manifest.
05-13 15:50:47.344  1620  2642 I MiuiNetworkPolicy: updateUidState uid = 99068, uidState = 11
05-13 15:50:47.344  1620  2642 I MiuiNetworkPolicy: updateMLUid uid:99068,old:6,new:11
05-13 15:50:47.345   561   561 I hwservicemanager: getTransport: Cannot find entry vendor.qti.hardware.servicetracker@1.0::IServicetracker/default in either framework or device manifest.
05-13 15:50:47.346   561   561 I hwservicemanager: getTransport: Cannot find entry vendor.qti.hardware.servicetracker@1.0::IServicetracker/default in either framework or device manifest.
05-13 15:50:48.291  1192  1192 I cnss-daemon: nl80211 response handler invoked
05-13 15:50:48.291  1192  1192 I cnss-daemon: nl80211_response_handler: cmd 103, vendorID 4980, subcmd 10  received
05-13 15:50:48.291   789 13157 I WifiHAL : event received NL80211_CMD_VENDOR, vendor_id = 0x1374, subcmd = 0xa
05-13 15:50:48.295 13036 13036 I wpa_supplicant: wlan0: CTRL-EVENT-AVOID-FREQ ranges=
05-13 15:50:48.297 13036 13036 I wpa_supplicant: wlan0: CTRL-EVENT-REGDOM-CHANGE init=DRIVER type=COUNTRY alpha2=FR
05-13 15:50:48.698 24803 24803 E adbd    : failed to connect to socket 'tcp:6666': Connection refused
05-13 15:50:50.091   789 13157 I WifiHAL : event received NL80211_CMD_VENDOR, vendor_id = 0x1374, subcmd = 0xa
05-13 15:50:50.092  1192  1192 I cnss-daemon: nl80211 response handler invoked
05-13 15:50:50.092  1192  1192 I cnss-daemon: nl80211_response_handler: cmd 103, vendorID 4980, subcmd 10  received
05-13 15:50:50.096 13036 13036 I wpa_supplicant: wlan0: CTRL-EVENT-AVOID-FREQ ranges=5500-5640
05-13 15:50:50.098 13036 13036 I wpa_supplicant: wlan0: CTRL-EVENT-REGDOM-CHANGE init=DRIVER type=COUNTRY alpha2=FR
--------- beginning of system
05-13 15:50:50.372  1620  1712 I ActivityManager: Killing 24719:com.google.android.gms:car/u0a181 (adj 999): empty #31
05-13 15:50:50.374  1620  1712 I ActivityManager: Killing 21462:com.facebook.orca/u0a227 (adj 999): empty #32
05-13 15:50:50.377  1620  2642 I MiuiNetworkPolicy: updateUidState uid = 10109, uidState = 20
05-13 15:50:50.377  1620  2642 I MiuiNetworkPolicy: updateMLUid uid:10109,old:16,new:20
05-13 15:50:50.377  1620  2642 I MiuiNetworkPolicy: isMLEnabled state:16,uid:10109,connect:CONNECTED
