05-13 15:50:51.946  1620  2642 I MiuiNetworkPolicy: updateMLUid uid:10106,old:5,new:20
05-13 15:50:51.946  1620  2642 I MiuiNetworkPolicy: isMLEnabled state:5,uid:10106,connect:CONNECTED
05-13 15:50:51.946  1620  2642 I MiuiNetworkPolicy: isMLEnabled state:20,uid:10106,connect:CONNECTED
05-13 15:50:51.951 31128 31185 I Ad      : isPersonalizedAdEnabled getAdSettings: 3
05-13 15:50:51.953   561   561 I hwservicemanager: getTransport: Cannot find entry vendor.qti.hardware.servicetracker@1.0::IServicetracker/default in either framework or device manifest.
05-13 15:50:51.954  1620  3754 D CompatibilityInfo: mCompatibilityFlags - 0
05-13 15:50:51.954  1620  3754 D CompatibilityInfo: applicationDensity - 440
05-13 15:50:51.954  1620  3754 D CompatibilityInfo: applicationScale - 1.0
05-13 15:50:51.955   561   561 I hwservicemanager: getTransport: Cannot find entry vendor.qti.hardware.servicetracker@1.0::IServicetracker/default in either framework or device manifest.
05-13 15:50:52.039 31128 31185 D NetworkSecurityConfig: No Network Security Config specified, using platform default
05-13 15:50:52.042 31128 31185 W System  : Ignoring header Content-Type because its value was null.
05-13 15:50:52.066   672 31186 E ResolverController: No valid NAT64 prefix (121, <unspecified>/0)
05-13 15:50:52.290 18121 31188 D IdProviderImpl: getOAID
05-13 15:50:52.319   672 31189 E ResolverController: No valid NAT64 prefix (121, <unspecified>/0)
05-13 15:50:52.460   803   843 W ANDR-PERF-LM: FeatureState: readState() 149: warning: appName is NULL, returning default State
05-13 15:50:52.460   803   843 W ANDR-PERF-LM: FeatureState: readState() 149: warning: appName is NULL, returning default State
05-13 15:50:52.460   803   843 W ANDR-PERF-LM: MetaMeter: handleSecondaryAsync() 149: AdaptLaunch MetaMeterThread start(). No MeterMgr Available to handle this Secondary/Data Async. !!!! 
05-13 15:50:52.574 23432 23432 V GrantPermissionsActivity: Logged buttons presented and clicked permissionGroupName=android.permission-group.STORAGE uid=10315 package=com.FlowerGames.FlowerGame presentedButtons=9 clickedButton=1
05-13 15:50:51.958 31128 31185 I Ad      : isPersonalizedAdEnabled getAdSettings: 3
05-13 15:50:52.575   583  2704 D vold    : Remounting 10315 as mode read
05-13 15:50:52.577  1620  5390 V LocSvc_HIDL_IzatProvider_jni: [onRemoveRequest][180] [HC] =>> [HS]
05-13 15:50:52.577  5500  5519 I FusedLocationProvider: onSetRequest
05-13 15:50:52.577  5500  5736 I AbsoluteLocationDispatcher: request type:0
05-13 15:50:52.577   776   776 V LocSvc_HIDL_IzatProvider: [onRemoveRequest][210] [HS] <<<<= [HC]
05-13 15:50:52.577   776   776 I IzatSvc_IzatManager: LocTech-Label :: IZATMANAGER :: Remove Request In
05-13 15:50:52.577   776   776 I IzatSvc_IzatManager: LocTech-Value :: Provider: 2, Num Updates: 2147483647, TTFF: 0, Interval: 5000, Displacement: 0.000000, Horizontal Accuracy: 1, Altitude Accuracy: 2, Bearing Accuracy: 2
05-13 15:50:52.577  1620  2178 V LocSvc_HIDL_OsNpGlue_jni: [onStopRequest][73] [HC] <<= [HS]
05-13 15:50:52.583   583  2704 D vold    : Found matching PID 31078
05-13 15:50:52.589   583  2704 D vold    : Remounting 10315 as mode write
05-13 15:50:52.590  1620  5390 V LocSvc_HIDL_IzatProvider_jni: [onRemoveRequest][180] [HC] =>> [HS]
05-13 15:50:52.590   776   776 V LocSvc_HIDL_IzatProvider: [onRemoveRequest][210] [HS] <<<<= [HC]
05-13 15:50:52.590   776   776 I IzatSvc_IzatManager: LocTech-Label :: IZATMANAGER :: Remove Request In
05-13 15:50:52.590   776   776 I IzatSvc_IzatManager: LocTech-Value :: Provider: 2, Num Updates: 2147483647, TTFF: 0, Interval: 5000, Displacement: 0.000000, Horizontal Accuracy: 1, Altitude Accuracy: 2, Bearing Accuracy: 2
05-13 15:50:52.590  1620  2178 V LocSvc_HIDL_OsNpGlue_jni: [onStopRequest][73] [HC] <<= [HS]
05-13 15:50:52.590  5500  5519 I FusedLocationProvider: onSetRequest
05-13 15:50:52.591  5500  5736 I AbsoluteLocationDispatcher: request type:0
05-13 15:50:52.594 31128 31185 E SystemUpdate-ConnectionRSA: get key exception : com.android.org.bouncycastle.util.encoders.DecoderException: unable to decode base64 string: invalid characters encountered in base64 data
05-13 15:50:52.595   583  2704 D vold    : Found matching PID 31078
05-13 15:50:52.598 23432 23432 V GrantPermissionsActivity: Permission grant result requestId=-5703678744518127858 callingUid=10315 callingPackage=com.FlowerGames.FlowerGame permission=android.permission.WRITE_EXTERNAL_STORAGE isImplicit=false result=4
05-13 15:50:52.598 23432 23432 V GrantPermissionsActivity: Permission grant result requestId=-5703678744518127858 callingUid=10315 callingPackage=com.FlowerGames.FlowerGame permission=android.permission.READ_EXTERNAL_STORAGE isImplicit=true result=4
05-13 15:50:52.599  1620  9324 D ActivityTrigger: ActivityTrigger activityPauseTrigger 
05-13 15:50:52.604  1620  5110 D WindowManager: Input focus has changed to Window{b8af1a9 u0 com.FlowerGames.FlowerGame/com.epicgames.ue4.SplashActivity}
05-13 15:50:52.605  7660 32637 I ProcessMonitor: onForegroundInfoChanged: ForegroundInfo{mForegroundPackageName='com.FlowerGames.FlowerGame', mForegroundUid=10315, mForegroundPid=31078, mLastForegroundPackageName='com.google.android.permissioncontroller', mLastForegroundUid=10091, mLastForegroundPid=23432, mMultiWindowForegroundPackageName='null', mMultiWindowForegroundUid=-1, mFlags=0}
05-13 15:50:52.605  7660 32637 I GameBoosterService: onForegroundInfoChanged: Cur=com.FlowerGames.FlowerGame	 last=com.google.android.permissioncontroller
05-13 15:50:52.606  7660 32637 D GameBoosterService: onGameStatusChange foreground:ForegroundInfo{mForegroundPackageName='com.FlowerGames.FlowerGame', mForegroundUid=10315, mForegroundPid=31078, mLastForegroundPackageName='com.google.android.permissioncontroller', mLastForegroundUid=10091, mLastForegroundPid=23432, mMultiWindowForegroundPackageName='null', mMultiWindowForegroundUid=-1, mFlags=0}
05-13 15:50:52.606  7660 32637 I GameBoosterService: onForegroundInfoChanged: Exit
05-13 15:50:52.607 31078 31078 I Timeline: Timeline: Activity_launch_request time:89600645
05-13 15:50:52.609  1620  5110 I Timeline: Timeline: App_transition_ready time:89600646
05-13 15:50:52.612  2763  2763 D EventBus: [2763, u0] send(AppTransitionFinishedEvent)
05-13 15:50:52.612  2763  2763 D EventBus: [2763, u0]  -> ForcedResizableInfoActivityController [0xe75ca23, P1] onBusEvent(AppTransitionFinishedEvent)
05-13 15:50:52.612  2763  2763 D EventBus: [2763, u0] onBusEvent(AppTransitionFinishedEvent) duration: 11 microseconds, avg: 738
05-13 15:50:52.612  1620  9324 I ActivityTaskManager: START u0 {flg=0x10000 cmp=com.FlowerGames.FlowerGame/com.epicgames.ue4.GameActivity (has extras)} from uid 10315
05-13 15:50:52.612  2763  2763 D StatusBar: disable<e i a s b h r c s > disable2<q i n g r >
05-13 15:50:52.615  1620  9324 D CompatibilityInfo: mCompatibilityFlags - 0
05-13 15:50:52.615  1620  9324 D CompatibilityInfo: applicationDensity - 440
05-13 15:50:52.615  1620  9324 D CompatibilityInfo: applicationScale - 1.0
05-13 15:50:52.616  1620  9324 D ActivityTrigger: ActivityTrigger activityPauseTrigger 
05-13 15:50:52.618  2763  2763 D PhoneStatusBar/NavigationBarView: setDisabledFlags back:false home:false recent:false
05-13 15:50:52.618  2763  2763 D StatusBarClock:  isNormalMode= true clock visible=true
05-13 15:50:52.620  1620  2184 V UiModeManager: switch night mode to 1
05-13 15:50:52.621  2763  2763 D GestureStubView: resetRenderProperty: showGestureStub
05-13 15:50:52.621 20718 25130 I CloudSettingsProvider: uriMatch : 2
05-13 15:50:52.621  2763  2763 D GestureStubView: showGestureStub
05-13 15:50:52.621  2763  2763 D GestureStubView: resetRenderProperty: showGestureStub
05-13 15:50:52.621  2763  2763 D GestureStubView: showGestureStub
05-13 15:50:52.624  1620  9324 I ActivityTaskManager: The Process com.FlowerGames.FlowerGame Already Exists in BG. So sending its PID: 31078
05-13 15:50:52.625  1620  9324 D CompatibilityInfo: mCompatibilityFlags - 0
05-13 15:50:52.625  1620  9324 D CompatibilityInfo: applicationDensity - 440
05-13 15:50:52.625  1620  9324 D CompatibilityInfo: applicationScale - 1.0
05-13 15:50:52.626  1620  9324 D WindowManager: Input focus has changed to null
05-13 15:50:52.628  1620  9324 I Timeline: Timeline: App_transition_ready time:89600665
05-13 15:50:52.629 31078 31078 W ActivityThread: handleWindowVisibility: no activity for token android.os.BinderProxy@a0d2b69
05-13 15:50:52.629  1620  1705 I set_top_app: success /proc/31078/top_app:1
05-13 15:50:52.630  1620  1705 I set_top_app: success /proc/31119/top_app:2
05-13 15:50:52.630  1620  1705 I set_top_app: success /proc/23432/top_app:0
05-13 15:50:52.630  1620  1705 I set_top_app: success /proc/31150/top_app:0
05-13 15:50:52.633 20718 25130 I CloudSettingsProvider: uriMatch : 2
05-13 15:50:52.638  1620  9324 I Timeline: Timeline: App_transition_ready time:89600676
05-13 15:50:52.639  2763  2763 D GestureStubView: gatherTransparentRegion: need render w:129  h:648
05-13 15:50:52.641  1620  8592 I Timeline: Timeline: App_transition_ready time:89600679
05-13 15:50:52.642  2763  2763 D GestureStubView: gatherTransparentRegion: need render w:54  h:648
05-13 15:50:52.683 31078 31078 D UE4     : Used memory before allocating anything was 126.38MB
05-13 15:50:52.716 24803 24803 E adbd    : failed to connect to socket 'tcp:6666': Connection refused
05-13 15:50:52.783 31078 31078 D UE4     : In the JNI_OnLoad function
05-13 15:50:52.784 31078 31078 D UE4     : [JNI] - Failed to determine if app purchasing is enabled!
05-13 15:50:52.786 31078 31078 D UE4     : Path found as '/storage/emulated/0'
05-13 15:50:52.786 31078 31078 D UE4     : Font Path found as '/system/fonts/'
05-13 15:50:52.786 31078 31078 D UE4     : In the JNI_OnLoad function 5
05-13 15:50:52.792 31078 31078 D OVRPlugin: JNI_OnLoad
05-13 15:50:52.808 31078 31205 D UE4     : Entering native app glue main function
05-13 15:50:52.808 31078 31205 D UE4     : Created event thread
05-13 15:50:52.808 31078 31205 D UE4     : Entered AndroidMain()
05-13 15:50:52.808 31078 31206 D UE4     : Entering event processing thread engine entry point
05-13 15:50:52.808 31078 31206 D UE4     : Prepared looper for event thread
05-13 15:50:52.808 31078 31206 D UE4     : Passed callback initialization
05-13 15:50:52.808 31078 31206 D UE4     : Passed sensor initialization
05-13 15:50:52.809 31078 31205 D UE4     : Controller interface supported
05-13 15:50:52.828 31078 31078 D UE4     : [GameActivity] Target SDK is 28.  This may cause issues if permissions are denied by the user.
05-13 15:50:52.828 31078 31078 E PermissionHelper: GVRTransition2DActivity.getActivity() failed. Trying to get GameActivity.
05-13 15:50:52.829 31078 31078 D PermissionHelper: checkPermission: android.permission.WRITE_EXTERNAL_STORAGE has granted
05-13 15:50:52.832 31078 31078 D UE4     : [GameActivity] Vulkan version: 1.1.0
05-13 15:50:52.832 31078 31078 D UE4     : [GameActivity] Vulkan level: 1
05-13 15:50:52.833 31078 31078 D UE4     : [GameActivity] Found DepthBufferPreference = 0
05-13 15:50:52.833 31078 31078 D UE4     : [GameActivity] Found bPackageDataInsideApk = 0
05-13 15:50:52.833 31078 31078 D UE4     : [GameActivity] Found ProjectName = FlowerGame
05-13 15:50:52.833 31078 31078 D UE4     : [GameActivity] Found AppType = 
05-13 15:50:52.833 31078 31078 D UE4     : [GameActivity] Found bHasOBBFiles = 0
05-13 15:50:52.833 31078 31078 D UE4     : [GameActivity] Found bVerifyOBBOnStartUp = false
05-13 15:50:52.833 31078 31078 D UE4     : [GameActivity] UI hiding set to true
05-13 15:50:52.833 31078 31078 D UE4     : [GameActivity] BuildConfiguration set to Development
05-13 15:50:52.833 31078 31078 D UE4     : [GameActivity] UseExternalFilesDir set to false
05-13 15:50:52.833 31078 31078 D UE4     : [GameActivity] PublicLogFiles set to false
05-13 15:50:52.833 31078 31078 D UE4     : [GameActivity] AllowIMU set to true
05-13 15:50:52.833 31078 31078 D UE4     : [GameActivity] SupportsVulkan set to false
05-13 15:50:52.834 31078 31078 D UE4     : [GameActivity] No Oculus Mobile mode detected.
05-13 15:50:52.835 31078 31078 D UE4     : [GameActivity] Using commandline from: /storage/emulated/0/UE4Game/FlowerGame/UE4CommandLine.txt
05-13 15:50:52.835 31078 31078 D UE4     : [GameActivity] Parsing commandline: ../../../FlowerGame/FlowerGame.uproject  /Game/MobileStarterContent/Maps/TestMap -Messaging -SessionId=8C095C1D446BDB7464A1759EC121C06B -SessionOwner="a021694" -SessionName="Launch On Device" -iterative
05-13 15:50:52.844 31078 31078 D UE4     : [GameActivity] Hardware: Qualcomm Technologies, Inc SM8150
05-13 15:50:52.844 31078 31078 D UE4     : [GameActivity] ro.hardware: qcom
05-13 15:50:52.845 31078 31078 D UE4     : [GameActivity] Memory: 5504 MB
05-13 15:50:52.847 31078 31078 D UE4     : [GameActivity] UseAffinity: false
05-13 15:50:52.847 31078 31078 D UE4     : [GameActivity] BigCoreMask: 0xffff
05-13 15:50:52.847 31078 31078 D UE4     : [GameActivity] LittleCoreMask: 0x0
05-13 15:50:52.848 31078 31078 D UE4     : [GameActivity] APK path: /data/app/com.FlowerGames.FlowerGame-bMAS8pgWgsw5bw9ztym1cA==/base.apk
05-13 15:50:52.848 31078 31078 D UE4     : [GameActivity] OBB in APK: false
05-13 15:50:52.849 31078 31078 D UE4     : InternalFilePath found as '/data/user/0/com.FlowerGames.FlowerGame/files'
05-13 15:50:52.850 31078 31078 D UE4     : ExternalFilePath found as '/storage/emulated/0/Android/data/com.FlowerGames.FlowerGame/files'
05-13 15:50:52.850 31078 31078 D UE4     : App is running in Landscape
05-13 15:50:52.850 31078 31078 D UE4     : [GameActivity] Android version is 10
05-13 15:50:52.850 31078 31078 D UE4     : [GameActivity] Android manufacturer is Xiaomi
05-13 15:50:52.850 31078 31078 D UE4     : [GameActivity] Android model is MI 9
05-13 15:50:52.850 31078 31078 D UE4     : [GameActivity] Android build number is QKQ1.190825.002 test-keys
05-13 15:50:52.850 31078 31078 D UE4     : [GameActivity] OS language is set to fr_FR
05-13 15:50:52.850 31078 31078 D UE4     : [GameActivity] Debugger attached is false
05-13 15:50:52.853  2763  2763 D EventBus: [2763, u0] send(AppTransitionFinishedEvent)
05-13 15:50:52.853  2763  2763 D EventBus: [2763, u0]  -> ForcedResizableInfoActivityController [0xe75ca23, P1] onBusEvent(AppTransitionFinishedEvent)
05-13 15:50:52.853  2763  2763 D EventBus: [2763, u0] onBusEvent(AppTransitionFinishedEvent) duration: 10 microseconds, avg: 738
05-13 15:50:52.870 23432 31150 D OpenGLRenderer: endAllActiveAnimators on 0x6ff76b1000 (RippleDrawable) with handle 0x6fed90d0c0
05-13 15:50:52.872  1620  1706 I Timeline: Timeline: App_transition_ready time:89600910
05-13 15:50:52.874  1620  8592 I Timeline: Timeline: App_transition_ready time:89600912
05-13 15:50:52.905   783   783 W memtrack@1.0-se: type=1400 audit(0.0:124804): avc: denied { search } for name="kgsl" dev="sysfs" ino=55501 scontext=u:r:hal_memtrack_default:s0 tcontext=u:object_r:sysfs_kgsl:s0 tclass=dir permissive=0
05-13 15:50:52.905   783   783 W memtrack@1.0-se: type=1400 audit(0.0:124805): avc: denied { search } for name="kgsl" dev="sysfs" ino=55501 scontext=u:r:hal_memtrack_default:s0 tcontext=u:object_r:sysfs_kgsl:s0 tclass=dir permissive=0
05-13 15:50:52.914 31078 31207 D UE4     : [GameActivity] Used memory: 144702
05-13 15:50:52.955 31078 31078 W PopupManager: You have not specified a View to use as content view for popups. Falling back to the Activity content view. Note that this may not work as expected in multi-screen environments
05-13 15:50:52.958 31078 31078 D UE4     : [GameActivity] googleClient is valid
05-13 15:50:52.958 31078 31078 D UE4     : [GameActivity] ==============> GameActive.onCreate complete!
05-13 15:50:52.961 31078 31078 D UE4     : [GameActivity] Creating console command broadcast listener
05-13 15:50:52.961 31078 31206 D UE4     : LogAndroidEvents::EnqueueAppEvent : 9, [width=-1, height=-1], tid = 31206, APP_EVENT_STATE_ON_START
05-13 15:50:52.963 31078 31078 D UE4     : [GameActivity] ==================================> Inside onStart function in GameActivity
05-13 15:50:52.965 31078 31206 D UE4     : Case APP_CMD_RESUME
05-13 15:50:52.965 31078 31206 D UE4     : LogAndroidEvents::EnqueueAppEvent : 7, [width=-1, height=-1], tid = 31206, APP_EVENT_STATE_ON_RESUME
05-13 15:50:52.965 31078 31078 D UE4     : [GameActivity] === Restoring Transparent Bars ===
05-13 15:50:52.966 31078 31078 D UE4     : [GameActivity] ==============> [JAVA] AndroidThunkJava_KeepScreenOn(false) - Enabled screen saver
05-13 15:50:52.966 31078 31078 D UE4     : [GameActivity] Registering sensor listeners
05-13 15:50:52.968   786   786 I sensors-hal: batch:180, android.sensor.accelerometer/50, period=20000000, max_latency=0
05-13 15:50:52.969   786   786 I sensors-hal: batch:189, android.sensor.accelerometer/50, period=20000000, max_latency=0 request completed
05-13 15:50:52.969   786   786 I sensors-hal: flush:209, android.sensor.accelerometer/50
05-13 15:50:52.971   786   786 I sensors-hal: flush:215, android.sensor.accelerometer/50 completed
05-13 15:50:52.976   786   786 I sensors-hal: batch:180, android.sensor.magnetic_field/26, period=20000000, max_latency=0
05-13 15:50:52.976   786   786 I sensors-hal: batch:189, android.sensor.magnetic_field/26, period=20000000, max_latency=0 request completed
05-13 15:50:52.976   786   786 I sensors-hal: activate:147, android.sensor.magnetic_field/26 en=1
05-13 15:50:52.977   786   786 I sensors-hal: get_qmi_debug_flag:230, support_qmi_debug : false
05-13 15:50:52.978  1446  1446 I chatty  : uid=1001(radio) imsdatadaemon expire 1476 lines
05-13 15:50:52.979  1620  1705 I system_server: Explicit concurrent copying GC freed 241777(14MB) AllocSpace objects, 25(1452KB) LOS objects, 34% free, 46MB/70MB, paused 85us total 163.625ms
05-13 15:50:52.981   786 31212 I sensors-hal: handle_indication_realtime:406,  SCHED_FIFO(10) for qmi_cbk
05-13 15:50:52.982   786   786 I sensors-hal: get_qmi_debug_flag:230, support_qmi_debug : false
05-13 15:50:52.986   786   786 I sensors-hal: activate:274, mag_filter is enabled
05-13 15:50:52.986   786 31217 I sensors-hal: handle_indication_realtime:406,  SCHED_FIFO(10) for qmi_cbk
05-13 15:50:52.986   786   786 I sensors-hal: activate:158, android.sensor.magnetic_field/26 en=1 completed
05-13 15:50:52.987   786   786 I sensors-hal: batch:180, android.sensor.gyroscope/52, period=20000000, max_latency=0
05-13 15:50:52.987   786   786 I sensors-hal: batch:189, android.sensor.gyroscope/52, period=20000000, max_latency=0 request completed
05-13 15:50:52.987   786   786 I sensors-hal: activate:147, android.sensor.gyroscope/52 en=1
05-13 15:50:52.987   786   786 I sensors-hal: get_qmi_debug_flag:230, support_qmi_debug : false
05-13 15:50:52.990   786   786 I sensors-hal: get_qmi_debug_flag:230, support_qmi_debug : false
05-13 15:50:52.991   786 31221 I sensors-hal: handle_indication_realtime:406,  SCHED_FIFO(10) for qmi_cbk
05-13 15:50:52.992   786   786 I sensors-hal: get_qmi_debug_flag:230, support_qmi_debug : false
05-13 15:50:52.996   786   786 I sensors-hal: activate:158, android.sensor.gyroscope/52 en=1 completed
05-13 15:50:52.996 31078 31078 D UE4     : App is running in Landscape
05-13 15:50:52.996 31078 31078 D UE4     : [GameActivity] === Restoring Transparent Bars ===
05-13 15:50:52.996 31078 31078 D UE4     : [GameActivity] ==============> Resuming main init
05-13 15:50:52.997   786 31228 I sensors-hal: handle_indication_realtime:406,  SCHED_FIFO(10) for qmi_cbk
05-13 15:50:53.004 31078 31205 D UE4     : APK Commandline: ../../../FlowerGame/FlowerGame.uproject  /Game/MobileStarterContent/Maps/TestMap -Messaging -SessionId=8C095C1D446BDB7464A1759EC121C06B -SessionOwner="a021694" -SessionName="Launch On Device" -iterative
05-13 15:50:53.004 31078 31205 D UE4     : Override Commandline: ../../../FlowerGame/FlowerGame.uproject  /Game/MobileStarterContent/Maps/TestMap -Messaging -SessionId=8C095C1D446BDB7464A1759EC121C06B -SessionOwner="a021694" -SessionName="Launch On Device" -iterative
05-13 15:50:53.004 31078 31205 D UE4     : Final commandline: ../../../FlowerGame/FlowerGame.uproject  /Game/MobileStarterContent/Maps/TestMap -Messaging -SessionId=8C095C1D446BDB7464A1759EC121C06B -SessionOwner="a021694" -SessionName="Launch On Device" -iterative
05-13 15:50:53.004 31078 31205 D UE4     : Created sync event
05-13 15:50:53.007 31078 31078 D UE4     : [GameActivity] ==============> GameActive.onResume complete!
05-13 15:50:53.014  1620  2184 V UiModeManager: switch night mode to 1
05-13 15:50:53.015  2763  2763 D GestureStubView: resetRenderProperty: showGestureStub
05-13 15:50:53.015  2763  2763 D GestureStubView: showGestureStub
05-13 15:50:53.015  2763  2763 D GestureStubView: resetRenderProperty: showGestureStub
05-13 15:50:53.015  2763  2763 D GestureStubView: showGestureStub
05-13 15:50:53.016 31078 31078 W Looper  : Slow Looper MainThread-UE4: Activity com.FlowerGames.FlowerGame/com.epicgames.ue4.GameActivity is 389ms late (wall=0ms running=0ms ClientTransaction{ callbacks=[android.app.servertransaction.TopResumedActivityChangeItem] }) because of 8 msg, msg 8 took 385ms (seq=27 running=267ms runnable=26ms io=40ms late=3ms h=android.app.ActivityThread$H w=159)
05-13 15:50:53.021  1620  9324 I Timeline: Timeline: App_transition_ready time:89601058
05-13 15:50:53.021  2763  2763 D GestureStubView: gatherTransparentRegion: need render w:129  h:648
05-13 15:50:53.023  1620 14048 I Timeline: Timeline: App_transition_ready time:89601060
05-13 15:50:53.025  1620  9324 I Timeline: Timeline: App_transition_ready time:89601063
05-13 15:50:53.027  2763  2763 D GestureStubView: gatherTransparentRegion: need render w:54  h:648
05-13 15:50:53.043  1620  9324 I Timeline: Timeline: App_transition_ready time:89601080
05-13 15:50:53.043  1620  9324 D WindowManager: Input focus has changed to Window{19a6074 u0 com.FlowerGames.FlowerGame/com.epicgames.ue4.GameActivity}
05-13 15:50:53.048   892  3443 W ServiceManager: Permission failure: android.permission.ACCESS_SURFACE_FLINGER from uid=10315 pid=31078
05-13 15:50:53.048   892  3443 D PermissionCache: checking android.permission.ACCESS_SURFACE_FLINGER for uid=10315 => denied (276 us)
05-13 15:50:53.054 31078 31206 D UE4     : Case APP_CMD_INIT_WINDOW
05-13 15:50:53.054 31078 31206 D UE4     : LogAndroidEvents::EnqueueAppEvent : 0, [width=2265, height=1080], tid = 31206, APP_EVENT_STATE_WINDOW_CREATED
05-13 15:50:53.070  1620  1706 I Timeline: Timeline: App_transition_ready time:89601107
05-13 15:50:53.072  2763  2763 D EventBus: [2763, u0] send(AppTransitionFinishedEvent)
05-13 15:50:53.072  2763  2763 D EventBus: [2763, u0]  -> ForcedResizableInfoActivityController [0xe75ca23, P1] onBusEvent(AppTransitionFinishedEvent)
05-13 15:50:53.072  2763  2763 D EventBus: [2763, u0] onBusEvent(AppTransitionFinishedEvent) duration: 10 microseconds, avg: 738
05-13 15:50:53.072  2763  2763 D EventBus: [2763, u0] send(AppTransitionFinishedEvent)
05-13 15:50:53.072  2763  2763 D EventBus: [2763, u0]  -> ForcedResizableInfoActivityController [0xe75ca23, P1] onBusEvent(AppTransitionFinishedEvent)
05-13 15:50:53.072  2763  2763 D EventBus: [2763, u0] onBusEvent(AppTransitionFinishedEvent) duration: 4 microseconds, avg: 738
05-13 15:50:53.072  1620  1706 I Timeline: Timeline: App_transition_ready time:89601110
05-13 15:50:53.073  1620  1706 I Timeline: Timeline: Activity_windows_visible id: ActivityRecord{449f8bd u0 com.FlowerGames.FlowerGame/com.epicgames.ue4.GameActivity t1736} time:89601111
05-13 15:50:53.074  1620  1706 I Timeline: Timeline: App_transition_stopped time:89601111
05-13 15:50:53.074  1620  1712 I ActivityTaskManager: Displayed com.FlowerGames.FlowerGame/com.epicgames.ue4.GameActivity: +463ms
05-13 15:50:53.075  2763  2763 D EventBus: [2763, u0] send(AppTransitionFinishedEvent)
05-13 15:50:53.075  2763  2763 D EventBus: [2763, u0]  -> ForcedResizableInfoActivityController [0xe75ca23, P1] onBusEvent(AppTransitionFinishedEvent)
05-13 15:50:53.075  2763  2763 D EventBus: [2763, u0] onBusEvent(AppTransitionFinishedEvent) duration: 14 microseconds, avg: 738
05-13 15:50:53.086 31078 31206 D UE4     : LogAndroidEvents::EnqueueAppEvent : 11, [width=-1, height=-1], tid = 31206, APP_EVENT_STATE_WINDOW_GAINED_FOCUS
05-13 15:50:53.086 31078 31206 D UE4     : LogAndroidEvents::EnqueueAppEvent : 14, [width=-1, height=-1], tid = 31206, APP_EVENT_STATE_APP_ACTIVATED
05-13 15:50:53.086 31078 31206 D UE4     : LogAndroidEvents::EnqueueAppEvent : 15, [width=-1, height=-1], tid = 31206, APP_EVENT_RUN_CALLBACK
05-13 15:50:53.090 31078 31078 D UE4     : [GameActivity] === Restoring Transparent Bars due to Visibility Change ===
05-13 15:50:53.090 31078 31078 D UE4     : [GameActivity] === Restoring Transparent Bars ===
05-13 15:50:53.123  1620  1705 I ActivityManager: Killing 24604:com.google.android.projection.gearhead:shared/u0a173 (adj 999): empty #31
05-13 15:50:53.125   783   783 W memtrack@1.0-se: type=1400 audit(0.0:124806): avc: denied { search } for name="kgsl" dev="sysfs" ino=55501 scontext=u:r:hal_memtrack_default:s0 tcontext=u:object_r:sysfs_kgsl:s0 tclass=dir permissive=0
05-13 15:50:53.125   783   783 W memtrack@1.0-se: type=1400 audit(0.0:124807): avc: denied { search } for name="kgsl" dev="sysfs" ino=55501 scontext=u:r:hal_memtrack_default:s0 tcontext=u:object_r:sysfs_kgsl:s0 tclass=dir permissive=0
05-13 15:50:53.131  1620  2642 I MiuiNetworkPolicy: updateUidState uid = 10091, uidState = 20
05-13 15:50:53.131  1620  2642 I MiuiNetworkPolicy: updateWmmForUidState uid: 10091 state: 20 wmm: 0
05-13 15:50:53.131   672 22608 D OemNetd : updateWmm: uid=10091, wmm=0
05-13 15:50:53.132  1620  2642 I MiuiNetworkPolicy: updateMLUid uid:10091,old:2,new:20
05-13 15:50:53.132  1620  2642 I MiuiNetworkPolicy: isMLEnabled state:2,uid:10091,connect:CONNECTED
05-13 15:50:53.132  1620  2642 I MiuiNetworkPolicy: isMLEnabled state:20,uid:10091,connect:CONNECTED
05-13 15:50:53.135  2763  2763 D EventBus: [2763, u0] send(AppTransitionFinishedEvent)
05-13 15:50:53.135  2763  2763 D EventBus: [2763, u0]  -> ForcedResizableInfoActivityController [0xe75ca23, P1] onBusEvent(AppTransitionFinishedEvent)
05-13 15:50:53.135  2763  2763 D EventBus: [2763, u0] onBusEvent(AppTransitionFinishedEvent) duration: 15 microseconds, avg: 738
05-13 15:50:53.140  2763  2763 D EventBus: [2763, u0] send(AppTransitionFinishedEvent)
05-13 15:50:53.140  2763  2763 D EventBus: [2763, u0]  -> ForcedResizableInfoActivityController [0xe75ca23, P1] onBusEvent(AppTransitionFinishedEvent)
05-13 15:50:53.140  2763  2763 D EventBus: [2763, u0] onBusEvent(AppTransitionFinishedEvent) duration: 12 microseconds, avg: 738
05-13 15:50:53.154   561   561 I hwservicemanager: getTransport: Cannot find entry vendor.qti.hardware.servicetracker@1.0::IServicetracker/default in either framework or device manifest.
05-13 15:50:53.154  1620  1715 I libprocessgroup: Successfully killed process cgroup uid 10173 pid 24604 in 31ms
05-13 15:50:53.155   673   673 I Zygote  : Process 24604 exited due to signal 9 (Killed)
05-13 15:50:53.145   783   783 W memtrack@1.0-se: type=1400 audit(0.0:124808): avc: denied { search } for name="kgsl" dev="sysfs" ino=55501 scontext=u:r:hal_memtrack_default:s0 tcontext=u:object_r:sysfs_kgsl:s0 tclass=dir permissive=0
05-13 15:50:53.156  1620  2642 I MiuiNetworkPolicy: removeUidState uid = 10173
05-13 15:50:53.167 31078 31205 D UE4     : EGL Extensions: 
05-13 15:50:53.167 31078 31205 D UE4     : EGL_KHR_get_all_proc_addresses EGL_ANDROID_presentation_time EGL_KHR_swap_buffers_with_damage EGL_ANDROID_get_native_client_buffer EGL_ANDROID_front_buffer_auto_refresh EGL_ANDROID_get_frame_timestamps EGL_EXT_surface_SMPTE2086_metadata EGL_EXT_surface_CTA861_3_metadata EGL_EXT_gl_colorspace_scrgb EGL_EXT_gl_colorspace_scrgb_linear EGL_EXT_gl_colorspace_display_p3_linear EGL_EXT_gl_colorspace_display_p3 EGL_EXT_gl_colorspace_display_p3_passthrough EGL_EXT_gl_colorspace_bt2020_linear EGL_EXT_gl_colorspace_bt2020_pq EGL_KHR_image EGL_KHR_image_base EGL_EXT_image_gl_colorspace EGL_KHR_lock_surface EGL_KHR_gl_colorspace EGL_KHR_gl_texture_2D_image EGL_KHR_gl_texture_3D_image EGL_KHR_gl_texture_cubemap_image EGL_KHR_gl_renderbuffer_image EGL_KHR_reusable_sync EGL_KHR_fence_sync EGL_KHR_create_context EGL_KHR_surfaceless_context EGL_EXT_create_context_robustness EGL_ANDROID_image_native_buffer EGL_KHR_wait_sync EGL_ANDROID_recordable EGL_KHR_partial_update EGL_EXT_pixel_format_float EGL_KHR_create_context_no_error
05-13 15:50:53.169 31078 31205 D UE4     : FAndroidGPUInfo
05-13 15:50:53.169 31078 31205 D UE4     : AndroidEGL::InitSurface 1, 1
05-13 15:50:53.169 31078 31205 D UE4     : AndroidEGL::InitSurface, wnd: 0xca030808, width: 8, height 8 
05-13 15:50:53.169 31078 31205 D UE4     : AndroidEGL::CreateEGLSurface() 0xdf3be560
05-13 15:50:53.169 31078 31205 D UE4     : AndroidEGL::CreateEGLSurface(1), auxSurface = eglCreatePbufferSurface(), 8x8
05-13 15:50:53.199 31078 31205 D vulkan  : searching for layers in '/data/app/com.FlowerGames.FlowerGame-bMAS8pgWgsw5bw9ztym1cA==/lib/arm'
05-13 15:50:53.199 31078 31205 D vulkan  : searching for layers in '/data/app/com.FlowerGames.FlowerGame-bMAS8pgWgsw5bw9ztym1cA==/base.apk!/lib/armeabi-v7a'
05-13 15:50:53.201 31078 31205 I AdrenoVK: QUALCOMM build          : e0436c5, Ib165d46056
05-13 15:50:53.201 31078 31205 I AdrenoVK: Build Date              : 09/10/19
05-13 15:50:53.201 31078 31205 I AdrenoVK: Shader Compiler Version : EV031.27.05.01
05-13 15:50:53.201 31078 31205 I AdrenoVK: Local Branch            : 
05-13 15:50:53.201 31078 31205 I AdrenoVK: Remote Branch           : quic/gfx-adreno.lnx.1.0.r74-rel
05-13 15:50:53.201 31078 31205 I AdrenoVK: Remote Branch           : NONE
05-13 15:50:53.201 31078 31205 I AdrenoVK: Reconstruct Branch      : NOTHING
05-13 15:50:53.201 31078 31205 I AdrenoVK: Build Config            : S P 8.0.11 AArch32
05-13 15:50:53.239 31078 31205 D UE4     : LogPluginManager: Mounting plugin VariantManagerContent
05-13 15:50:53.242 31078 31205 D UE4     : LogPluginManager: Mounting plugin DatasmithContent
05-13 15:50:53.243 31078 31205 D UE4     : LogPluginManager: Mounting plugin AlembicImporter
05-13 15:50:53.243 31078 31205 D UE4     : LogPluginManager: Mounting plugin ChaosCloth
05-13 15:50:53.244 31078 31205 D UE4     : LogPluginManager: Mounting plugin ChaosNiagara
05-13 15:50:53.245 31078 31205 D UE4     : LogPluginManager: Mounting plugin ChaosClothEditor
05-13 15:50:53.246 31078 31205 D UE4     : LogPluginManager: Mounting plugin PlanarCut
05-13 15:50:53.247 31078 31205 D UE4     : LogPluginManager: Mounting plugin ChaosSolverPlugin
05-13 15:50:53.248 31078 31205 D UE4     : LogPluginManager: Mounting plugin AutomationUtils
05-13 15:50:53.248 31078 31205 D UE4     : LogPluginManager: Mounting plugin CharacterAI
05-13 15:50:53.249 31078 31205 D UE4     : LogPluginManager: Mounting plugin GeometryCollectionPlugin
05-13 15:50:53.250 31078 31205 D UE4     : LogPluginManager: Mounting plugin PlatformCrypto
05-13 15:50:53.251 31078 31205 D UE4     : LogPluginManager: Mounting plugin GeometryCache
05-13 15:50:53.252 31078 31205 D UE4     : LogPluginManager: Mounting plugin ChaosEditor
05-13 15:50:53.253 31078 31205 D UE4     : LogPluginManager: Mounting plugin GeometryProcessing
05-13 15:50:53.254 31078 31205 D UE4     : LogPluginManager: Mounting plugin BackChannel
05-13 15:50:53.254 31078 31205 D UE4     : LogPluginManager: Mounting plugin LightPropagationVolume
05-13 15:50:53.255 31078 31205 D UE4     : LogPluginManager: Mounting plugin ScreenshotTools
05-13 15:50:53.256 31078 31205 D UE4     : LogPluginManager: Mounting plugin TcpMessaging
05-13 15:50:53.257 31078 31205 D UE4     : LogPluginManager: Mounting plugin UdpMessaging
05-13 15:50:53.258 31078 31205 D UE4     : LogPluginManager: Mounting plugin MediaCompositing
05-13 15:50:53.258 31078 31205 D UE4     : LogPluginManager: Mounting plugin AndroidMedia
05-13 15:50:53.259 31078 31205 D UE4     : LogPluginManager: Mounting plugin ImgMedia
05-13 15:50:53.260 31078 31205 D UE4     : LogPluginManager: Mounting plugin OnlineSubsystemNull
05-13 15:50:53.261 31078 31205 D UE4     : LogPluginManager: Mounting plugin OnlineSubsystemUtils
05-13 15:50:53.262 31078 31205 D UE4     : LogPluginManager: Mounting plugin OnlineSubsystemGooglePlay
05-13 15:50:53.263 31078 31205 D UE4     : LogPluginManager: Mounting plugin OnlineSubsystem
05-13 15:50:53.263 31078 31205 D UE4     : LogPluginManager: Mounting plugin AnimationSharing
05-13 15:50:53.264 31078 31205 D UE4     : LogPluginManager: Mounting plugin UObjectPlugin
05-13 15:50:53.265 31078 31205 D UE4     : LogPluginManager: Mounting plugin MeshPainting
05-13 15:50:53.266 31078 31205 D UE4     : LogPluginManager: Mounting plugin NetcodeUnitTest
05-13 15:50:53.267 31078 31205 D UE4     : LogPluginManager: Mounting plugin MatineeToLevelSequence
05-13 15:50:53.267 31078 31205 D UE4     : LogPluginManager: Mounting plugin ActorSequence
05-13 15:50:53.268 31078 31205 D UE4     : LogPluginManager: Mounting plugin LevelSequenceEditor
05-13 15:50:53.269 31078 31205 D UE4     : LogPluginManager: Mounting plugin MovieRenderPipeline
05-13 15:50:53.270 31078 31205 D UE4     : LogPluginManager: Mounting plugin TemplateSequence
05-13 15:50:53.271 31078 31205 D UE4     : LogPluginManager: Mounting plugin AudioCapture
05-13 15:50:53.271 31078 31205 D UE4     : LogPluginManager: Mounting plugin GoogleCloudMessaging
05-13 15:50:53.272 31078 31205 D UE4     : LogPluginManager: Mounting plugin AppleImageUtils
05-13 15:50:53.273 31078 31205 D UE4     : LogPluginManager: Mounting plugin AssetTags
05-13 15:50:53.274 31078 31205 D UE4     : LogPluginManager: Mounting plugin ArchVisCharacter
05-13 15:50:53.275 31078 31205 D UE4     : LogPluginManager: Mounting plugin AndroidMoviePlayer
05-13 15:50:53.275 31078 31205 D UE4     : LogPluginManager: Mounting plugin SoundFields
05-13 15:50:53.276 31078 31205 D UE4     : LogPluginManager: Mounting plugin EditableMesh
05-13 15:50:53.277 31078 31205 D UE4     : LogPluginManager: Mounting plugin MobilePatchingUtils
05-13 15:50:53.278 31078 31205 D UE4     : LogPluginManager: Mounting plugin LocationServicesBPLibrary
05-13 15:50:53.278 31078 31205 D UE4     : LogPluginManager: Mounting plugin OculusVR
05-13 15:50:53.280 31078 31205 D UE4     : LogPluginManager: Mounting plugin CustomMeshComponent
05-13 15:50:53.280 31078 31205 D UE4     : LogPluginManager: Mounting plugin RuntimePhysXCooking
05-13 15:50:53.281 31078 31205 D UE4     : LogPluginManager: Mounting plugin Synthesis
05-13 15:50:53.283 31078 31205 D UE4     : LogPluginManager: Mounting plugin ProceduralMeshComponent
05-13 15:50:53.283 31078 31205 D UE4     : LogPluginManager: Mounting plugin ExampleDeviceProfileSelector
05-13 15:50:53.284 31078 31205 D UE4     : LogPluginManager: Mounting plugin AndroidDeviceProfileSelector
05-13 15:50:53.285 31078 31205 D UE4     : LogPluginManager: Mounting plugin SignificanceManager
05-13 15:50:53.286 31078 31205 D UE4     : LogPluginManager: Mounting plugin PhysXVehicles
05-13 15:50:53.287 31078 31205 D UE4     : LogPluginManager: Mounting plugin GooglePAD
05-13 15:50:53.288 31078 31205 D UE4     : LogPluginManager: Mounting plugin CableComponent
05-13 15:50:53.289 31078 31205 D UE4     : LogPluginManager: Mounting plugin AndroidPermission
05-13 15:50:53.290 31078 31205 D UE4     : LogPluginManager: Mounting plugin Paper2D
05-13 15:50:53.291 31078 31205 D UE4     : LogPluginManager: Mounting plugin GeometryMode
05-13 15:50:53.291 31078 31205 D UE4     : LogPluginManager: Mounting plugin FacialAnimation
05-13 15:50:53.292 31078 31205 D UE4     : LogPluginManager: Mounting plugin AssetManagerEditor
05-13 15:50:53.293 31078 31205 D UE4     : LogPluginManager: Mounting plugin EditorScriptingUtilities
05-13 15:50:53.294 31078 31205 D UE4     : LogPluginManager: Mounting plugin AISupport
05-13 15:50:53.295 31078 31205 D UE4     : LogPluginManager: Mounting plugin Niagara
05-13 15:50:53.404 31078 31205 D UE4     : LogInit: Using libcurl 7.46.0
05-13 15:50:53.404 31078 31205 D UE4     : LogInit:  - built for arm-unknown-linux-androideabi
05-13 15:50:53.404 31078 31205 D UE4     : LogInit:  - supports SSL with OpenSSL/1.0.1s
05-13 15:50:53.404 31078 31205 D UE4     : LogInit:  - supports HTTP deflate (compression) using libz 1.2.11
05-13 15:50:53.404 31078 31205 D UE4     : LogInit:  - other features:
05-13 15:50:53.404 31078 31205 D UE4     : LogInit:      CURL_VERSION_SSL
05-13 15:50:53.404 31078 31205 D UE4     : LogInit:      CURL_VERSION_LIBZ
05-13 15:50:53.404 31078 31205 D UE4     : LogInit:      CURL_VERSION_IPV6
05-13 15:50:53.404 31078 31205 D UE4     : LogInit:      CURL_VERSION_ASYNCHDNS
05-13 15:50:53.404 31078 31205 D UE4     : LogInit:      CURL_VERSION_TLSAUTH_SRP
05-13 15:50:53.405 31078 31205 D UE4     : LogInit:  CurlRequestOptions (configurable via config and command line):
05-13 15:50:53.405 31078 31205 D UE4     : LogInit:  - bVerifyPeer = true  - Libcurl will verify peer certificate
05-13 15:50:53.405 31078 31205 D UE4     : LogInit:  - bUseHttpProxy = false  - Libcurl will NOT use HTTP proxy
05-13 15:50:53.405 31078 31205 D UE4     : LogInit:  - bDontReuseConnections = false  - Libcurl will reuse connections
05-13 15:50:53.405 31078 31205 D UE4     : LogInit:  - MaxHostConnections = 16  - Libcurl will limit the number of connections to a host
05-13 15:50:53.405 31078 31205 D UE4     : LogInit:  - LocalHostAddr = Default
05-13 15:50:53.405 31078 31205 D UE4     : LogInit:  - BufferSize = 65536
05-13 15:50:53.406 31078 31205 D UE4     : LogOnline: Display: OSS: OnlineSubsystemGooglePlayModule::StartupModule()
05-13 15:50:53.406 31078 31205 D UE4     : LogOnline: OSS: Creating online subsystem instance for: GOOGLEPLAY
05-13 15:50:53.406 31078 31205 D UE4     : LogOnline: Warning: OSS: FOnlineSubsystemGooglePlayModule was disabled
05-13 15:50:53.406 31078 31205 D UE4     : LogOnline: OSS: Unable to create OnlineSubsystem module GOOGLEPLAY
05-13 15:50:53.406 31078 31205 D UE4     : LogOnline: OSS: Creating online subsystem instance for: NULL
05-13 15:50:53.407 31078 31205 D UE4     : LogOnline: OSS: TryLoadSubsystemAndSetDefault: Loaded subsystem for module [NULL]
05-13 15:50:53.407 31078 31205 D UE4     : LogOnline: OSS: Creating online subsystem instance for: GOOGLEPLAY
05-13 15:50:53.407 31078 31205 D UE4     : LogOnline: Warning: OSS: FOnlineSubsystemGooglePlayModule was disabled
05-13 15:50:53.407 31078 31205 D UE4     : LogHMD: App is not packaged for Oculus Mobile
05-13 15:50:53.408 31078 31205 D UE4     : LogInit: Build: ++UE4+Release-4.25-CL-13144385
05-13 15:50:53.408 31078 31205 D UE4     : LogInit: Engine Version: 4.25.0-13144385+++UE4+Release-4.25
05-13 15:50:53.408 31078 31205 D UE4     : LogInit: Compatible Engine Version: 4.25.0-13144385+++UE4+Release-4.25
05-13 15:50:53.408 31078 31205 D UE4     : LogInit: Net CL: 13144385
05-13 15:50:53.408 31078 31205 D UE4     : LogInit: OS: Android (10), CPU: MI 9, GPU: Adreno (TM) 640
05-13 15:50:53.408 31078 31205 D UE4     : LogInit: Compiled (32-bit): May  2 2020 06:29:56
05-13 15:50:53.408 31078 31205 D UE4     : LogInit: Compiled with Clang: 9.0.8 (https://android.googlesource.com/toolchain/llvm-project e0caee08e5f09b374a27a676d04978c81fcb1928)
05-13 15:50:53.408 31078 31205 D UE4     : LogInit: Build Configuration: Development
05-13 15:50:53.408 31078 31205 D UE4     : LogInit: Branch Name: ++UE4+Release-4.25
05-13 15:50:53.408 31078 31205 D UE4     : LogInit: Command Line:   /Game/MobileStarterContent/Maps/TestMap -Messaging -SessionId=8C095C1D446BDB7464A1759EC121C06B -SessionOwner="a021694" -SessionName="Launch On Device" -iterative
05-13 15:50:53.408 31078 31205 D UE4     : LogInit: Base Directory: 
05-13 15:50:53.408 31078 31205 D UE4     : LogInit: Allocator: binned
05-13 15:50:53.408 31078 31205 D UE4     : LogInit: Installed Engine Build: 0
05-13 15:50:53.408 31078 31205 D UE4     : LogDevObjectVersion: Number of dev versions registered: 26
05-13 15:50:53.408 31078 31205 D UE4     : LogDevObjectVersion:   Dev-Blueprints (B0D832E4-1F89-4F0D-ACCF-7EB736FD4AA2): 10
05-13 15:50:53.408 31078 31205 D UE4     : LogDevObjectVersion:   Dev-Build (E1C64328-A22C-4D53-A36C-8E866417BD8C): 0
05-13 15:50:53.408 31078 31205 D UE4     : LogDevObjectVersion:   Dev-Core (375EC13C-06E4-48FB-B500-84F0262A717E): 4
05-13 15:50:53.408 31078 31205 D UE4     : LogDevObjectVersion:   Dev-Editor (E4B068ED-F494-42E9-A231-DA0B2E46BB41): 38
05-13 15:50:53.408 31078 31205 D UE4     : LogDevObjectVersion:   Dev-Framework (CFFC743F-43B0-4480-9391-14DF171D2073): 37
05-13 15:50:53.408 31078 31205 D UE4     : LogDevObjectVersion:   Dev-Mobile (B02B49B5-BB20-44E9-A304-32B752E40360): 2
05-13 15:50:53.408 31078 31205 D UE4     : LogDevObjectVersion:   Dev-Networking (A4E4105C-59A1-49B5-A7C5-40C4547EDFEE): 0
05-13 15:50:53.408 31078 31205 D UE4     : LogDevObjectVersion:   Dev-Online (39C831C9-5AE6-47DC-9A44-9C173E1C8E7C): 0
05-13 15:50:53.408 31078 31205 D UE4     : LogDevObjectVersion:   Dev-Physics (78F01B33-EBEA-4F98-B9B4-84EACCB95AA2): 4
05-13 15:50:53.408 31078 31205 D UE4     : LogDevObjectVersion:   Dev-Platform (6631380F-2D4D-43E0-8009-CF276956A95A): 0
05-13 15:50:53.408 31078 31205 D UE4     : LogDevObjectVersion:   Dev-Rendering (12F88B9F-8875-4AFC-A67C-D90C383ABD29): 43
05-13 15:50:53.408 31078 31205 D UE4     : LogDevObjectVersion:   Dev-Sequencer (7B5AE74C-D270-4C10-A958-57980B212A5A): 12
05-13 15:50:53.408 31078 31205 D UE4     : LogDevObjectVersion:   Dev-VR (D7296918-1DD6-4BDD-9DE2-64A83CC13884): 3
05-13 15:50:53.408 31078 31205 D UE4     : LogDevObjectVersion:   Dev-LoadTimes (C2A15278-BFE7-4AFE-6C17-90FF531DF755): 1
05-13 15:50:53.408 31078 31205 D UE4     : LogDevObjectVersion:   Private-Geometry (6EACA3D4-40EC-4CC1-B786-8BED09428FC5): 3
05-13 15:50:53.408 31078 31205 D UE4     : LogDevObjectVersion:   Dev-AnimPhys (29E575DD-E0A3-4627-9D10-D276232CDCEA): 17
05-13 15:50:53.408 31078 31205 D UE4     : LogDevObjectVersion:   Dev-Anim (AF43A65D-7FD3-4947-9873-3E8ED9C1BB05): 7
05-13 15:50:53.408 31078 31205 D UE4     : LogDevObjectVersion:   Dev-ReflectionCapture (6B266CEC-1EC7-4B8F-A30B-E4D90942FC07): 1
05-13 15:50:53.408 31078 31205 D UE4     : LogDevObjectVersion:   Dev-Automation (0DF73D61-A23F-47EA-B727-89E90C41499A): 1
05-13 15:50:53.408 31078 31205 D UE4     : LogDevObjectVersion:   FortniteMain (601D1886-AC64-4F84-AA16-D3DE0DEAC7D6): 31
05-13 15:50:53.408 31078 31205 D UE4     : LogDevObjectVersion:   Dev-Enterprise (9DFFBCD6-494F-0158-E221-12823C92A888): 10
05-13 15:50:53.408 31078 31205 D UE4     : LogDevObjectVersion:   Dev-Niagara (F2AED0AC-9AFE-416F-8664-AA7FFA26D6FC): 1
05-13 15:50:53.408 31078 31205 D UE4     : LogDevObjectVersion:   Dev-Destruction (174F1F0B-B4C6-45A5-B13F-2EE8D0FB917D): 10
05-13 15:50:53.408 31078 31205 D UE4     : LogDevObjectVersion:   Dev-Physics-Ext (35F94A83-E258-406C-A318-09F59610247C): 37
05-13 15:50:53.408 31078 31205 D UE4     : LogDevObjectVersion:   Dev-PhysicsMaterial-Chaos (B68FC16E-8B1B-42E2-B453-215C058844FE): 1
05-13 15:50:53.408 31078 31205 D UE4     : LogDevObjectVersion:   Dev-CineCamera (B2E18506-4273-CFC2-A54E-F4BB758BBA07): 1
05-13 15:50:53.423 31078 31205 D UE4     : LogInit: Presizing for max 131072 objects, including 1 objects not considered by GC, pre-allocating 0 bytes for permanent pool.
05-13 15:50:53.423 31078 31205 D UE4     : LogConfig: Applying CVar settings from Section [/Script/Engine.StreamingSettings] File [../../../FlowerGame/Saved/Config/Android/Engine.ini]
05-13 15:50:53.423 31078 31205 D UE4     : LogConfig: Setting CVar [[s.MinBulkDataSizeForAsyncLoading:131072]]
05-13 15:50:53.423 31078 31205 D UE4     : LogConfig: Setting CVar [[s.AsyncLoadingThreadEnabled:0]]
05-13 15:50:53.423 31078 31205 D UE4     : LogConfig: Setting CVar [[s.EventDrivenLoaderEnabled:1]]
05-13 15:50:53.423 31078 31205 D UE4     : LogConfig: Setting CVar [[s.WarnIfTimeLimitExceeded:0]]
05-13 15:50:53.423 31078 31205 D UE4     : LogConfig: Setting CVar [[s.TimeLimitExceededMultiplier:1.5]]
05-13 15:50:53.424 31078 31205 D UE4     : LogConfig: Setting CVar [[s.TimeLimitExceededMinTime:0.005]]
05-13 15:50:53.424 31078 31205 D UE4     : LogConfig: Setting CVar [[s.UseBackgroundLevelStreaming:1]]
05-13 15:50:53.424 31078 31205 D UE4     : LogConfig: Setting CVar [[s.PriorityAsyncLoadingExtraTime:15.0]]
05-13 15:50:53.424 31078 31205 D UE4     : LogConfig: Setting CVar [[s.LevelStreamingActorsUpdateTimeLimit:5.0]]
05-13 15:50:53.424 31078 31205 D UE4     : LogConfig: Setting CVar [[s.PriorityLevelStreamingActorsUpdateExtraTime:5.0]]
05-13 15:50:53.424 31078 31205 D UE4     : LogConfig: Setting CVar [[s.LevelStreamingComponentsRegistrationGranularity:10]]
05-13 15:50:53.424 31078 31205 D UE4     : LogConfig: Setting CVar [[s.UnregisterComponentsTimeLimit:1.0]]
05-13 15:50:53.424 31078 31205 D UE4     : LogConfig: Setting CVar [[s.LevelStreamingComponentsUnregistrationGranularity:5]]
05-13 15:50:53.424 31078 31205 D UE4     : LogConfig: Setting CVar [[s.FlushStreamingOnExit:1]]
05-13 15:50:53.424 31078 31205 D UE4     : LogStreaming: Display: Async Loading initialized: Event Driven Loader: true, Async Loading Thread: false, Async Post Load: true
05-13 15:50:53.430 31078 31205 D UE4     : LogInit: Object subsystem initialized
05-13 15:50:53.433 31078 31205 D UE4     : LogConfig: Setting CVar [[con.DebugEarlyDefault:1]]
05-13 15:50:53.434 31078 31205 D UE4     : [2020.05.13-13.50.53:434][  0]LogConfig: Setting CVar [[con.DebugEarlyDefault:1]]
05-13 15:50:53.434 31078 31205 D UE4     : [2020.05.13-13.50.53:434][  0]LogConfig: Applying CVar settings from Section [/Script/Engine.RendererSettings] File [../../../FlowerGame/Saved/Config/Android/Engine.ini]
05-13 15:50:53.434 31078 31205 D UE4     : [2020.05.13-13.50.53:434][  0]LogConfig: Setting CVar [[r.GPUCrashDebugging:0]]
05-13 15:50:53.434 31078 31205 D UE4     : [2020.05.13-13.50.53:434][  0]LogConfig: Setting CVar [[r.MobileHDR:1]]
05-13 15:50:53.434 31078 31205 D UE4     : [2020.05.13-13.50.53:434][  0]LogConfig: Setting CVar [[r.Mobile.DisableVertexFog:1]]
05-13 15:50:53.434 31078 31205 D UE4     : [2020.05.13-13.50.53:434][  0]LogConfig: Setting CVar [[r.Shadow.CSM.MaxMobileCascades:2]]
05-13 15:50:53.434 31078 31205 D UE4     : [2020.05.13-13.50.53:434][  0]LogConfig: Setting CVar [[r.MobileMSAA:1]]
05-13 15:50:53.434 31078 31205 D UE4     : [2020.05.13-13.50.53:434][  0]LogConfig: Setting CVar [[r.Mobile.UseLegacyShadingModel:0]]
05-13 15:50:53.434 31078 31205 D UE4     : [2020.05.13-13.50.53:434][  0]LogConfig: Setting CVar [[r.Mobile.UseHWsRGBEncoding:0]]
05-13 15:50:53.434 31078 31205 D UE4     : [2020.05.13-13.50.53:434][  0]LogConfig: Setting CVar [[r.Mobile.AllowDitheredLODTransition:0]]
05-13 15:50:53.434 31078 31205 D UE4     : [2020.05.13-13.50.53:434][  0]LogConfig: Setting CVar [[r.Mobile.AllowSoftwareOcclusion:0]]
05-13 15:50:53.434 31078 31205 D UE4     : [2020.05.13-13.50.53:434][  0]LogConfig: Setting CVar [[r.DiscardUnusedQuality:0]]
05-13 15:50:53.434 31078 31205 D UE4     : [2020.05.13-13.50.53:434][  0]LogConfig: Setting CVar [[r.AllowOcclusionQueries:1]]
05-13 15:50:53.434 31078 31205 D UE4     : [2020.05.13-13.50.53:434][  0]LogConfig: Setting CVar [[r.MinScreenRadiusForLights:0.030000]]
05-13 15:50:53.434 31078 31205 D UE4     : [2020.05.13-13.50.53:434][  0]LogConfig: Setting CVar [[r.MinScreenRadiusForDepthPrepass:0.030000]]
05-13 15:50:53.434 31078 31205 D UE4     : [2020.05.13-13.50.53:434][  0]LogConfig: Setting CVar [[r.MinScreenRadiusForCSMDepth:0.010000]]
05-13 15:50:53.434 31078 31205 D UE4     : [2020.05.13-13.50.53:434][  0]LogConfig: Setting CVar [[r.PrecomputedVisibilityWarning:0]]
05-13 15:50:53.434 31078 31205 D UE4     : [2020.05.13-13.50.53:434][  0]LogConfig: Setting CVar [[r.TextureStreaming:1]]
05-13 15:50:53.435 31078 31205 D UE4     : [2020.05.13-13.50.53:435][  0]LogConfig: Setting CVar [[Compat.UseDXT5NormalMaps:0]]
05-13 15:50:53.435 31078 31205 D UE4     : [2020.05.13-13.50.53:435][  0]LogConfig: Setting CVar [[r.VirtualTextures:0]]
05-13 15:50:53.435 31078 31205 D UE4     : [2020.05.13-13.50.53:435][  0]LogConfig: Setting CVar [[r.VirtualTexturedLightmaps:0]]
05-13 15:50:53.435 31078 31205 D UE4     : [2020.05.13-13.50.53:435][  0]LogConfig: Setting CVar [[r.VT.TileSize:128]]
05-13 15:50:53.435 31078 31205 D UE4     : [2020.05.13-13.50.53:435][  0]LogConfig: Setting CVar [[r.VT.TileBorderSize:4]]
05-13 15:50:53.435 31078 31205 D UE4     : [2020.05.13-13.50.53:435][  0]LogConfig: Setting CVar [[r.vt.FeedbackFactor:16]]
05-13 15:50:53.435 31078 31205 D UE4     : [2020.05.13-13.50.53:435][  0]LogConfig: Setting CVar [[r.VT.EnableCompressZlib:1]]
05-13 15:50:53.435 31078 31205 D UE4     : [2020.05.13-13.50.53:435][  0]LogConfig: Setting CVar [[r.VT.EnableCompressCrunch:0]]
05-13 15:50:53.435 31078 31205 D UE4     : [2020.05.13-13.50.53:435][  0]LogConfig: Setting CVar [[r.ClearCoatNormal:0]]
05-13 15:50:53.435 31078 31205 D UE4     : [2020.05.13-13.50.53:435][  0]LogConfig: Setting CVar [[r.ReflectionCaptureResolution:128]]
05-13 15:50:53.435 31078 31205 D UE4     : [2020.05.13-13.50.53:435][  0]LogConfig: Setting CVar [[r.ReflectionEnvironmentLightmapMixBasedOnRoughness:1]]
05-13 15:50:53.435 31078 31205 D UE4     : [2020.05.13-13.50.53:435][  0]LogConfig: Setting CVar [[r.ForwardShading:0]]
05-13 15:50:53.435 31078 31205 D UE4     : [2020.05.13-13.50.53:435][  0]LogConfig: Setting CVar [[r.VertexFoggingForOpaque:1]]
05-13 15:50:53.435 31078 31205 D UE4     : [2020.05.13-13.50.53:435][  0]LogConfig: Setting CVar [[r.AllowStaticLighting:1]]
05-13 15:50:53.435 31078 31205 D UE4     : [2020.05.13-13.50.53:435][  0]LogConfig: Setting CVar [[r.NormalMapsForStaticLighting:0]]
05-13 15:50:53.435 31078 31205 D UE4     : [2020.05.13-13.50.53:435][  0]LogConfig: Setting CVar [[r.GenerateMeshDistanceFields:0]]
