05-13 15:50:25.058 30523 30638 V xiaomi  : [Thread:13818] Perf_code  packetType  2031  length 226
05-13 15:50:25.059 30620 30620 I Perf    : Connecting to perf service.
05-13 15:50:25.059 30523 30664 V xiaomi  : [Thread:13820] receive an intent from server, action=com.xiaomi.mipush.RECEIVE_MESSAGE
05-13 15:50:25.059 30523 30664 V xiaomi  : receiving an empty message, drop
05-13 15:50:25.060  5899  6046 W PushService: 2020-05-13 15:50:25,060 - [WARN::PushService] - [Thread:318] JOB: Handle intent action = com.xiaomi.mipush.SEND_MESSAGE
05-13 15:50:25.061 30523 30638 V xiaomi  : [Thread:13818] Perf_code  packetType  2031  length 226
05-13 15:50:25.061  5899  6046 W PushService: 2020-05-13 15:50:25,061 - [WARN::PushService] - [Thread:318] try send mi push message. packagename:com.miui.hybrid action:Notification
05-13 15:50:25.062  5899  6046 W PushService: 2020-05-13 15:50:25,062 - [WARN::PushService] - [Thread:318] JOB: Handle intent action = com.xiaomi.mipush.ENABLE_PUSH_MESSAGE
05-13 15:50:25.062  5899  6046 W PushService: 2020-05-13 15:50:25,062 - [WARN::PushService] - [Thread:318] JOB: register app
05-13 15:50:25.062  5899  6046 W PushService: 2020-05-13 15:50:25,062 - [WARN::PushService] - [Thread:318] try send mi push message. packagename:com.miui.hybrid action:Notification
05-13 15:50:25.064  5899  6046 W PushService: 2020-05-13 15:50:25,064 - [WARN::PushService] - [Thread:318] JOB: Handle intent action = action_cr_config
05-13 15:50:25.079 30620 30641 D  GuardProvider: start parse apk : /data/app/vmdl2112773826.tmp
05-13 15:50:25.079  5899  6046 W PushService: 2020-05-13 15:50:25,079 - [WARN::PushService] - [Thread:318] JOB: Handle intent action = com.xiaomi.mipush.SEND_MESSAGE
05-13 15:50:25.080  5899  6046 W PushService: 2020-05-13 15:50:25,080 - [WARN::PushService] - [Thread:318] try send mi push message. packagename:com.miui.hybrid action:Notification
05-13 15:50:25.081 30620 30620 I FeatureParser: can't find cepheus.xml in assets/device_features/,it may be in /system/etc/device_features
05-13 15:50:25.082  5899  6046 W PushService: 2020-05-13 15:50:25,082 - [WARN::PushService] - [Thread:318] JOB: Handle intent action = com.xiaomi.mipush.ENABLE_PUSH_MESSAGE
05-13 15:50:25.082  5899  6046 W PushService: 2020-05-13 15:50:25,082 - [WARN::PushService] - [Thread:318] JOB: register app
05-13 15:50:25.082 30620 30620 E libc    : Access denied finding property "ro.vendor.df.effect.conflict"
05-13 15:50:25.082  5899  6046 W PushService: 2020-05-13 15:50:25,082 - [WARN::PushService] - [Thread:318] try send mi push message. packagename:com.miui.hybrid action:Notification
05-13 15:50:25.084  1620  4584 D CompatibilityInfo: mCompatibilityFlags - 0
05-13 15:50:25.084  1620  4584 D CompatibilityInfo: applicationDensity - 440
05-13 15:50:25.084  1620  4584 D CompatibilityInfo: applicationScale - 1.0
05-13 15:50:25.085   561   561 I hwservicemanager: getTransport: Cannot find entry vendor.qti.hardware.servicetracker@1.0::IServicetracker/default in either framework or device manifest.
05-13 15:50:25.086 30620 30620 D MI_STAT : initialize com.miui.guardprovider, 2882303761517522561, international, false
05-13 15:50:25.091  5899  6046 W PushService: 2020-05-13 15:50:25,091 - [WARN::PushService] - [Thread:318] receive a message, appid=2882303761517542074, msgid= 57Fa2
05-13 15:50:25.094  5899  6046 W PushService: 2020-05-13 15:50:25,094 - [WARN::PushService] - [Thread:318] receive a message, appid=2882303761517542074, msgid= 57Fa2
05-13 15:50:25.096  5899  6046 W PushService: 2020-05-13 15:50:25,096 - [WARN::PushService] - [Thread:318] JOB: Handle intent action = com.xiaomi.mipush.SEND_MESSAGE
05-13 15:50:25.097  5899  6046 W PushService: 2020-05-13 15:50:25,097 - [WARN::PushService] - [Thread:318] try send mi push message. packagename:com.miui.hybrid action:Notification
05-13 15:50:25.098  3214  3214 D Launcher_UnlockAnimationStateMachine: mResetIdleStateRunnable
05-13 15:50:25.111  5899  6046 W PushService: 2020-05-13 15:50:25,111 - [WARN::PushService] - [Thread:318] receive a message, appid=2882303761517542074, msgid= 57Fa3
05-13 15:50:25.112   674   674 I Zygote  : Process 21910 exited due to signal 9 (Killed)
05-13 15:50:25.113 30620 30641 W IconCustomizer: can't load transform_config.xml
05-13 15:50:25.113   561   561 I hwservicemanager: getTransport: Cannot find entry vendor.qti.hardware.servicetracker@1.0::IServicetracker/default in either framework or device manifest.
05-13 15:50:25.115 30620 30641 D miuisdk : current sdk level is 19
05-13 15:50:25.115  5899  6046 W PushService: 2020-05-13 15:50:25,115 - [WARN::PushService] - [Thread:318] receive a message, appid=2882303761517542074, msgid= 57Fa3
05-13 15:50:25.116  1620  1715 I libprocessgroup: Successfully killed process cgroup uid 10170 pid 21910 in 105ms
05-13 15:50:25.120 30620 30641 D IconCustomizer: Content Ratio = 1.2765957
05-13 15:50:25.121 30620 30641 D IconCustomizer: Content Ratio = 1.2765957
05-13 15:50:25.121 30620 30641 D IconCustomizer: BitmapDensity = 320  setTargetDensity = 320
05-13 15:50:25.122 30620 30641 D IconCustomizer: Generate customized icon for com.FlowerGames.FlowerGame.png
05-13 15:50:25.126 30620 30675 E Perf    : Fail to get file list com.miui.guardprovider
05-13 15:50:25.126 30620 30675 E Perf    : getFolderSize() : Exception_1 = java.lang.NullPointerException: Attempt to get length of null array
05-13 15:50:25.126 30620 30675 E Perf    : Fail to get file list com.miui.guardprovider
05-13 15:50:25.126 30620 30675 E Perf    : getFolderSize() : Exception_1 = java.lang.NullPointerException: Attempt to get length of null array
05-13 15:50:25.127 30620 30641 I ThemeRuntimeManager: add pending job com.FlowerGames.FlowerGame.png
05-13 15:50:25.127 30620 30676 I ThemeRuntimeManager: saving icon for com.FlowerGames.FlowerGame.png
05-13 15:50:25.182 30573 30573 D miui_anim: handleViewTouch for com.miui.internal.widget.GroupButton{cf3f4ae VFED..C.. ......I. 0,0-0,0 #1020019 android:id/button1}
05-13 15:50:25.183 30573 30573 D miui_anim: handleViewTouch for com.miui.internal.widget.GroupButton{4bbca44 VFED..C.. ......I. 0,0-0,0 #102001a android:id/button2}
05-13 15:50:25.183 30573 30573 D miui_anim: handleViewTouch for com.miui.internal.widget.GroupButton{5cd46b0 VFED..C.. ......I. 0,0-0,0 #102001b android:id/button3}
05-13 15:50:25.194 30573 30573 I TmBinderCacher: onServiceConnected name=ComponentInfo{com.miui.securitycenter/com.miui.networkassistant.service.tm.TrafficManageService}
05-13 15:50:25.195  2763  2763 D GestureStubView: resetRenderProperty: showGestureStub
05-13 15:50:25.195  2763  2763 D GestureStubView: showGestureStub
05-13 15:50:25.195  2763  2763 D GestureStubView: resetRenderProperty: showGestureStub
05-13 15:50:25.195  2763  2763 D GestureStubView: showGestureStub
05-13 15:50:25.205 30573 30615 I AdrenoGLES: QUALCOMM build                   : e0436c5, Ib165d46056
05-13 15:50:25.205 30573 30615 I AdrenoGLES: Build Date                       : 09/10/19
05-13 15:50:25.205 30573 30615 I AdrenoGLES: OpenGL ES Shader Compiler Version: EV031.27.05.01
05-13 15:50:25.205 30573 30615 I AdrenoGLES: Local Branch                     : 
05-13 15:50:25.205 30573 30615 I AdrenoGLES: Remote Branch                    : quic/gfx-adreno.lnx.1.0.r74-rel
05-13 15:50:25.205 30573 30615 I AdrenoGLES: Remote Branch                    : NONE
05-13 15:50:25.205 30573 30615 I AdrenoGLES: Reconstruct Branch               : NOTHING
05-13 15:50:25.205 30573 30615 I AdrenoGLES: Build Config                     : S P 8.0.11 AArch64
05-13 15:50:25.208 30573 30615 I AdrenoGLES: PFP: 0x016ee187, ME: 0x00000000
05-13 15:50:25.214  2763  2763 D GestureStubView: gatherTransparentRegion: need render w:54  h:1404
05-13 15:50:25.221  2763  2763 D GestureStubView: gatherTransparentRegion: need render w:54  h:1404
05-13 15:50:25.261   561   561 I hwservicemanager: getTransport: Cannot find entry android.hardware.graphics.mapper@3.0::IMapper/default in either framework or device manifest.
05-13 15:50:25.261 30573 30615 W Gralloc3: mapper 3.x is not supported
05-13 15:50:25.270 30644 30682 I chatty  : uid=1001(radio) HwBinder:30644_ expire 6 lines
05-13 15:50:25.281  1620  1712 W system_server: Insufficient pre-allocated space to mmap vdex.
05-13 15:50:25.282  2763  2763 D EventBus: [2763, u0] send(AppTransitionFinishedEvent)
05-13 15:50:25.282  2763  2763 D EventBus: [2763, u0]  -> ForcedResizableInfoActivityController [0xe75ca23, P1] onBusEvent(AppTransitionFinishedEvent)
05-13 15:50:25.282  2763  2763 D EventBus: [2763, u0] onBusEvent(AppTransitionFinishedEvent) duration: 10 microseconds, avg: 739
05-13 15:50:25.283  2763  2763 D EventBus: [2763, u0] send(AppTransitionFinishedEvent)
05-13 15:50:25.283  2763  2763 D EventBus: [2763, u0]  -> ForcedResizableInfoActivityController [0xe75ca23, P1] onBusEvent(AppTransitionFinishedEvent)
05-13 15:50:25.283  2763  2763 D EventBus: [2763, u0] onBusEvent(AppTransitionFinishedEvent) duration: 7 microseconds, avg: 739
05-13 15:50:25.284 30573 30573 I DualSimCardHelper: one sim card inserted
05-13 15:50:25.284 30573 30573 I TelephonyUtil: getSubscriberId slot: 0
05-13 15:50:25.287  1620  1712 I ActivityTaskManager: Displayed com.miui.securitycenter/com.miui.permcenter.install.AdbInstallActivity: +525ms
05-13 15:50:25.290 30573 30573 I DualSimCardHelper: make siminfo: SimInfo: imsi:9, simName:Orange F, simId:1, iccId:8933012646201697XXXX, slotNum:0, oversea:true, inserted:true, dataRoaming:false
05-13 15:50:25.523   672 30707 E ResolverController: No valid NAT64 prefix (121, <unspecified>/0)
05-13 15:50:25.691  1620 16252 D CompatibilityInfo: mCompatibilityFlags - 0
05-13 15:50:25.691  1620 16252 D CompatibilityInfo: applicationDensity - 440
05-13 15:50:25.691  1620 16252 D CompatibilityInfo: applicationScale - 1.0
05-13 15:50:25.693 30644 30710 I chatty  : uid=1001(radio) com.miui.vsimcore expire 4 lines
05-13 15:50:25.699  5270  5270 I SoterService: onReceive in
05-13 15:50:25.699  5270  5270 I SoterService: install: isReplacing = false
05-13 15:50:25.699  5270  5270 I SoterService: install: uid = 10285
05-13 15:50:25.699  5270  5270 I SoterService: begin to use uid to remove ask
05-13 15:50:25.709  5270  5270 I android_os_HwBinder: HwBinder: Starting thread pool for getting: vendor.qti.hardware.soter@1.0::ISoter/default
05-13 15:50:25.709  5270  5270 I SoterService: start removeAllAuthKey
05-13 15:50:25.711   809   809 D vendor.qti.hardware.soter@1.0-impl: FremoveAllUidKey called 
05-13 15:50:25.726   809   809 E vendor.qti.hardware.soter@1.0-impl: remove ASK send cmd failed
05-13 15:50:25.726   809   809 E vendor.qti.hardware.soter@1.0-impl: ret: 0
05-13 15:50:25.726   809   809 E vendor.qti.hardware.soter@1.0-impl: rsp->status: -5
05-13 15:50:25.727  1620 16252 D CompatibilityInfo: mCompatibilityFlags - 0
05-13 15:50:25.727  1620 16252 D CompatibilityInfo: applicationDensity - 440
05-13 15:50:25.727  1620 16252 D CompatibilityInfo: applicationScale - 1.0
05-13 15:50:25.729  1620  2642 I MiuiNetworkPolicy: updateUidState uid = 10228, uidState = 12
05-13 15:50:25.729  1620  2642 I MiuiNetworkPolicy: updateMLUid uid:10228,old:17,new:12
05-13 15:50:25.729  1620  2642 I MiuiNetworkPolicy: isMLEnabled state:17,uid:10228,connect:CONNECTED
05-13 15:50:25.729  1620  2642 I MiuiNetworkPolicy: isMLEnabled state:12,uid:10228,connect:CONNECTED
05-13 15:50:25.730  1620 16252 D CompatibilityInfo: mCompatibilityFlags - 0
05-13 15:50:25.730  1620 16252 D CompatibilityInfo: applicationDensity - 440
05-13 15:50:25.730  1620 16252 D CompatibilityInfo: applicationScale - 1.0
05-13 15:50:25.733  1620  2642 I MiuiNetworkPolicy: updateUidState uid = 10228, uidState = 17
05-13 15:50:25.733  1620  2642 I MiuiNetworkPolicy: updateMLUid uid:10228,old:12,new:17
05-13 15:50:25.733  1620  2642 I MiuiNetworkPolicy: isMLEnabled state:12,uid:10228,connect:CONNECTED
05-13 15:50:25.733  1620  2642 I MiuiNetworkPolicy: isMLEnabled state:17,uid:10228,connect:CONNECTED
05-13 15:50:25.747 17700 17700 D MI_STAT : SHOW_MI_STAT:false
05-13 15:50:25.757 17700 17700 I MI_STAT : Initializing SDK: com.android.providers.downloads, 2882303761517144351, default channel, false
05-13 15:50:25.771 17700 17700 I MI_STAT : The initialization consumes 15 ms.
05-13 15:50:25.784 20718 20735 I CloudSettingsProvider: uriMatch : 1
05-13 15:50:25.791 17700 30715 I CloudConfig: fetchStatistics.find nothing!
05-13 15:50:25.807  1620 16252 D CompatibilityInfo: mCompatibilityFlags - 0
05-13 15:50:25.807  1620 16252 D CompatibilityInfo: applicationDensity - 440
05-13 15:50:25.807  1620 16252 D CompatibilityInfo: applicationScale - 1.0
05-13 15:50:25.809  1620 11866 D CompatibilityInfo: mCompatibilityFlags - 0
05-13 15:50:25.809  1620 11866 D CompatibilityInfo: applicationDensity - 440
05-13 15:50:25.809  1620 11866 D CompatibilityInfo: applicationScale - 1.0
05-13 15:50:25.812  1620 12215 D CompatibilityInfo: mCompatibilityFlags - 0
05-13 15:50:25.812  1620 12215 D CompatibilityInfo: applicationDensity - 440
05-13 15:50:25.812  1620 12215 D CompatibilityInfo: applicationScale - 1.0
05-13 15:50:25.812 17700 30717 D NetworkSecurityConfig: No Network Security Config specified, using platform default
05-13 15:50:25.814  1620 16252 D CompatibilityInfo: mCompatibilityFlags - 0
05-13 15:50:25.814  1620 16252 D CompatibilityInfo: applicationDensity - 440
05-13 15:50:25.814  1620 16252 D CompatibilityInfo: applicationScale - 1.0
05-13 15:50:25.819  1620  1713 D CompatibilityInfo: mCompatibilityFlags - 0
05-13 15:50:25.819  1620  1713 D CompatibilityInfo: applicationDensity - 440
05-13 15:50:25.819  1620  1713 D CompatibilityInfo: applicationScale - 1.0
05-13 15:50:25.820   672 30719 E ResolverController: No valid NAT64 prefix (121, <unspecified>/0)
05-13 15:50:25.821  1620  4584 D CompatibilityInfo: mCompatibilityFlags - 0
05-13 15:50:25.821  1620  4584 D CompatibilityInfo: applicationDensity - 440
05-13 15:50:25.821  1620  4584 D CompatibilityInfo: applicationScale - 1.0
05-13 15:50:25.823  1620  4584 D CompatibilityInfo: mCompatibilityFlags - 0
05-13 15:50:25.823  1620  4584 D CompatibilityInfo: applicationDensity - 440
05-13 15:50:25.824  1620  4584 D CompatibilityInfo: applicationScale - 1.0
05-13 15:50:25.828  1620 16252 D CompatibilityInfo: mCompatibilityFlags - 0
05-13 15:50:25.828  1620 16252 D CompatibilityInfo: applicationDensity - 440
05-13 15:50:25.828  1620 16252 D CompatibilityInfo: applicationScale - 1.0
05-13 15:50:25.830  1620 11866 D CompatibilityInfo: mCompatibilityFlags - 0
05-13 15:50:25.830  1620 11866 D CompatibilityInfo: applicationDensity - 440
05-13 15:50:25.830  1620 11866 D CompatibilityInfo: applicationScale - 1.0
05-13 15:50:25.832  1620  4584 D CompatibilityInfo: mCompatibilityFlags - 0
05-13 15:50:25.832  1620  4584 D CompatibilityInfo: applicationDensity - 440
05-13 15:50:25.832  1620  4584 D CompatibilityInfo: applicationScale - 1.0
05-13 15:50:26.007 20753 20808 W .apps.wellbein: resources.arsc in APK '/data/app/com.instagram.android-bz76vMSxV5Cry85PGOBlPg==/base.apk' is compressed.
05-13 15:50:26.074   561   561 I hwservicemanager: getTransport: Cannot find entry vendor.qti.hardware.servicetracker@1.0::IServicetracker/default in either framework or device manifest.
05-13 15:50:26.130  1620  2642 I MiuiNetworkPolicy: updateUidState uid = 10109, uidState = 16
05-13 15:50:26.130  1620  2642 I MiuiNetworkPolicy: updateMLUid uid:10109,old:4,new:16
05-13 15:50:26.130  1620  2642 I MiuiNetworkPolicy: isMLEnabled state:4,uid:10109,connect:CONNECTED
05-13 15:50:26.130  1620  2642 I MiuiNetworkPolicy: isMLEnabled state:16,uid:10109,connect:CONNECTED
05-13 15:50:26.199 24803 24803 E adbd    : failed to connect to socket 'tcp:6666': Connection refused
05-13 15:50:26.411 30573 30573 D miui_anim: onEventDown, touchDown
05-13 15:50:26.412 30573 30573 W StyleComposer: failed to invoke public abstract void miui.animation.ICancelableStyle.cancel() for null
05-13 15:50:26.412 30573 30573 D miui_anim: to end
05-13 15:50:26.413 30573 30573 D miui_anim: prepare, from AnimState{mTag='to', mMaps=[0.{}, 1.{ViewProperty{mPropertyName='scaleX'}=StateValue{value=1.0, intValue = 0, enable=true}, ViewProperty{mPropertyName='foreground'}=StateValue{value=0.0, intValue = 0, enable=true}, ViewProperty{mPropertyName='scaleY'}=StateValue{value=1.0, intValue = 0, enable=true}}, 2.{}]}, to AnimState{mTag='DOWN', mMaps=[0.{}, 1.{ViewProperty{mPropertyName='scaleX'}=StateValue{value=1.0, intValue = 0, enable=true}, ViewProperty{mPropertyName='foreground'}=StateValue{value=0.0, intValue = 335544320, enable=true}, ViewProperty{mPropertyName='scaleY'}=StateValue{value=1.0, intValue = 0, enable=true}}, 2.{}]}, oneTimeConfigs.length = 3, target = com.miui.internal.widget.GroupButton{4bbca44 VFED..C.. ........ 80,83-520,223 #102001a android:id/button2}
05-13 15:50:26.414 30573 30573 D miui_anim: prepare, property = scaleX, global delay = 0, config = AnimConfig{, delay=0, ease=InterpolateEaseStyle{style=0, duration=350, factors=[0.9, 0.86]}, tintMethod = 0, relatedProperty=null}
05-13 15:50:26.414 30573 30573 D miui_anim: scaleX, fromValue = 1.0, toValue = 1.0, same value
05-13 15:50:26.414 30573 30573 D miui_anim: prepare, abandon scaleX for setValue failed
05-13 15:50:26.414 30573 30573 D miui_anim: prepare, property = foreground, global delay = 0, config = AnimConfig{, delay=0, ease=InterpolateEaseStyle{style=0, duration=350, factors=[0.9, 0.86]}, tintMethod = 0, relatedProperty=null}
05-13 15:50:26.414 30573 30573 D miui_anim: foreground, fromValue = 0, toValue = 335544320
05-13 15:50:26.414 30573 30573 D miui_anim: prepare, property = scaleY, global delay = 0, config = AnimConfig{, delay=0, ease=InterpolateEaseStyle{style=0, duration=350, factors=[0.9, 0.86]}, tintMethod = 0, relatedProperty=null}
05-13 15:50:26.414 30573 30573 D miui_anim: scaleY, fromValue = 1.0, toValue = 1.0, same value
05-13 15:50:26.414 30573 30573 D miui_anim: prepare, abandon scaleY for setValue failed
05-13 15:50:26.493 30523 30537 W System  : A resource failed to call close. 
05-13 15:50:26.550 30573 30573 D miui_anim: onEventUp, touchUp
05-13 15:50:26.550 30573 30573 W StyleComposer: failed to invoke public abstract void miui.animation.ICancelableStyle.cancel() for null
05-13 15:50:26.550 30573 30573 D miui_anim: DOWN end
05-13 15:50:26.550 30573 30573 D miui_anim: prepare, from AnimState{mTag='DOWN', mMaps=[0.{}, 1.{ViewProperty{mPropertyName='alpha'}=StateValue{value=1.0, intValue = 0, enable=true}, ViewProperty{mPropertyName='scaleX'}=StateValue{value=1.0, intValue = 0, enable=true}, ViewProperty{mPropertyName='foreground'}=StateValue{value=0.0, intValue = 268435456, enable=true}, ViewProperty{mPropertyName='scaleY'}=StateValue{value=1.0, intValue = 0, enable=true}}, 2.{}]}, to AnimState{mTag='UP', mMaps=[0.{}, 1.{ViewProperty{mPropertyName='alpha'}=StateValue{value=1.0, intValue = 0, enable=true}, ViewProperty{mPropertyName='scaleX'}=StateValue{value=1.0, intValue = 0, enable=true}, ViewProperty{mPropertyName='foreground'}=StateValue{value=0.0, intValue = 0, enable=true}, ViewProperty{mPropertyName='scaleY'}=StateValue{value=1.0, intValue = 0, enable=true}}, 2.{}]}, oneTimeConfigs.length = 5, target = com.miui.internal.widget.GroupButton{4bbca44 VFED..C.. ...P..I. 80,83-520,223 #102001a android:id/button2}
05-13 15:50:26.550 30573 30573 D miui_anim: prepare, property = alpha, global delay = 0, config = AnimConfig{, delay=0, ease=InterpolateEaseStyle{style=0, duration=500, factors=[0.9, 0.8]}, tintMethod = 0, relatedProperty=ViewProperty{mPropertyName='alpha'}}
05-13 15:50:26.551 30573 30573 D miui_anim: alpha, fromValue = 1.0, toValue = 1.0, same value
05-13 15:50:26.551 30573 30573 D miui_anim: prepare, abandon alpha for setValue failed
05-13 15:50:26.551 30573 30573 D miui_anim: prepare, property = scaleX, global delay = 0, config = AnimConfig{, delay=0, ease=InterpolateEaseStyle{style=0, duration=450, factors=[0.99, 0.67]}, tintMethod = 0, relatedProperty=null}
05-13 15:50:26.551 30573 30573 D miui_anim: scaleX, fromValue = 1.0, toValue = 1.0, same value
05-13 15:50:26.551 30573 30573 D miui_anim: prepare, abandon scaleX for setValue failed
05-13 15:50:26.551 30573 30573 D miui_anim: prepare, property = foreground, global delay = 0, config = AnimConfig{, delay=0, ease=InterpolateEaseStyle{style=0, duration=500, factors=[0.9, 0.8]}, tintMethod = 0, relatedProperty=ViewProperty{mPropertyName='foreground'}}
05-13 15:50:26.551 30573 30573 D miui_anim: foreground, fromValue = 268435456, toValue = 0
05-13 15:50:26.551 30573 30573 D miui_anim: prepare, property = scaleY, global delay = 0, config = AnimConfig{, delay=0, ease=InterpolateEaseStyle{style=0, duration=450, factors=[0.99, 0.67]}, tintMethod = 0, relatedProperty=null}
05-13 15:50:26.551 30573 30573 D miui_anim: scaleY, fromValue = 1.0, toValue = 1.0, same value
05-13 15:50:26.551 30573 30573 D miui_anim: prepare, abandon scaleY for setValue failed
05-13 15:50:26.584  3214 31562 D Launcher: get showing item successnull
05-13 15:50:26.585  1620  4584 D ActivityTrigger: ActivityTrigger activityPauseTrigger 
05-13 15:50:26.591  3214  3214 D Launcher.Lifecycle: onWindowFocusChanged:true,UserHandle{0},2d8b5bf,false
05-13 15:50:26.591  3214  3214 D Launcher_UnlockAnimationStateMachine: onWindowFocus:IDLE
05-13 15:50:26.593  2763  2763 D StatusBar: recevie broadbcast ACTION_APPLICATION_MESSAGE_QUERY, requestFirstTime=false
05-13 15:50:26.602  7660  7683 I ProcessMonitor: onForegroundInfoChanged: ForegroundInfo{mForegroundPackageName='com.miui.home', mForegroundUid=10087, mForegroundPid=3214, mLastForegroundPackageName='com.miui.securitycenter', mLastForegroundUid=1000, mLastForegroundPid=30573, mMultiWindowForegroundPackageName='null', mMultiWindowForegroundUid=-1, mFlags=0}
05-13 15:50:26.602  7660  7683 I GameBoosterService: onForegroundInfoChanged: Cur=com.miui.home	 last=com.miui.securitycenter
05-13 15:50:26.603  7660  7683 D GameBoosterService: onGameStatusChange foreground:ForegroundInfo{mForegroundPackageName='com.miui.home', mForegroundUid=10087, mForegroundPid=3214, mLastForegroundPackageName='com.miui.securitycenter', mLastForegroundUid=1000, mLastForegroundPid=30573, mMultiWindowForegroundPackageName='null', mMultiWindowForegroundUid=-1, mFlags=0}
05-13 15:50:26.603  7660  7683 I GameBoosterService: onForegroundInfoChanged: Exit
05-13 15:50:26.604  3214  3214 D Launcher.Lifecycle: onResume:UserHandle{0},2d8b5bf,true
05-13 15:50:26.604  3214  3326 I RenderThread: RenderThread resumed
05-13 15:50:26.604  3214  3326 I RenderThread: All controllers paused.
05-13 15:50:26.604  3214  3326 I RenderThread: RenderThread paused, waiting for signal
05-13 15:50:26.604  3214  3272 D Launcher: disableStatusBarClock:false
05-13 15:50:26.606  2763  2763 D EventBus: [2763, u0] send(AppTransitionFinishedEvent)
05-13 15:50:26.606  2763  2763 D EventBus: [2763, u0]  -> ForcedResizableInfoActivityController [0xe75ca23, P1] onBusEvent(AppTransitionFinishedEvent)
05-13 15:50:26.606  2763  2763 D EventBus: [2763, u0] onBusEvent(AppTransitionFinishedEvent) duration: 11 microseconds, avg: 739
05-13 15:50:26.606  2763  2763 D EventBus: [2763, u0] send(AppTransitionFinishedEvent)
05-13 15:50:26.606  2763  2763 D EventBus: [2763, u0]  -> ForcedResizableInfoActivityController [0xe75ca23, P1] onBusEvent(AppTransitionFinishedEvent)
05-13 15:50:26.606  2763  2763 D EventBus: [2763, u0] onBusEvent(AppTransitionFinishedEvent) duration: 2 microseconds, avg: 739
05-13 15:50:26.616  2763  2763 D EventBus: [2763, u0] send(AppTransitionFinishedEvent)
05-13 15:50:26.616  2763  2763 D EventBus: [2763, u0]  -> ForcedResizableInfoActivityController [0xe75ca23, P1] onBusEvent(AppTransitionFinishedEvent)
05-13 15:50:26.616  2763  2763 D EventBus: [2763, u0] onBusEvent(AppTransitionFinishedEvent) duration: 12 microseconds, avg: 739
05-13 15:50:26.619  3214  3214 D Launcher_WallpaperUtils: changeStatusBarMode:false
05-13 15:50:26.624 30573 30573 D miui_anim: UP end
05-13 15:50:26.626  2763  2763 D EventBus: [2763, u0] send(TaskSnapshotChangedEvent)
05-13 15:50:26.628  1620  1713 D CompatibilityInfo: mCompatibilityFlags - 0
05-13 15:50:26.628  1620  1713 D CompatibilityInfo: applicationDensity - 440
05-13 15:50:26.628  1620  1713 D CompatibilityInfo: applicationScale - 1.0
05-13 15:50:26.630 20718 20735 I CloudSettingsProvider: uriMatch : 2
05-13 15:50:26.632  2763  2763 D EventBus: [2763, u0] send(AppTransitionFinishedEvent)
05-13 15:50:26.632  2763  2763 D EventBus: [2763, u0]  -> ForcedResizableInfoActivityController [0xe75ca23, P1] onBusEvent(AppTransitionFinishedEvent)
05-13 15:50:26.632  2763  2763 D EventBus: [2763, u0] onBusEvent(AppTransitionFinishedEvent) duration: 12 microseconds, avg: 738
05-13 15:50:26.635 30620 30641 D  GuardProvider: start parse apk : /data/app/vmdl2112773826.tmp
05-13 15:50:26.636 20718 20735 I CloudSettingsProvider: uriMatch : 2
05-13 15:50:26.639  7660 18035 D PackageVerifyedRecevier: verify package /data/app/vmdl2112773826.tmp info:  PackageInfo{e15a0be com.FlowerGames.FlowerGame}
05-13 15:50:26.640  7660 18035 D PackageVerifyedRecevier: verify package /data/app/vmdl2112773826.tmp finish true
05-13 15:50:26.724 30573 30680 D NetworkSecurityConfig: Using Network Security Config from resource network_security_config debugBuild: false
05-13 15:50:26.737   672 30736 E ResolverController: No valid NAT64 prefix (121, <unspecified>/0)
05-13 15:50:26.760  2763  2763 D EventBus: [2763, u0] send(AppTransitionFinishedEvent)
05-13 15:50:26.760  2763  2763 D EventBus: [2763, u0]  -> ForcedResizableInfoActivityController [0xe75ca23, P1] onBusEvent(AppTransitionFinishedEvent)
05-13 15:50:26.760  2763  2763 D EventBus: [2763, u0] onBusEvent(AppTransitionFinishedEvent) duration: 15 microseconds, avg: 738
05-13 15:50:26.796  1620  2642 I MiuiNetworkPolicy: updateUidState uid = 10109, uidState = 6
05-13 15:50:26.796  1620  2642 I MiuiNetworkPolicy: updateMLUid uid:10109,old:16,new:6
05-13 15:50:26.796  1620  2642 I MiuiNetworkPolicy: isMLEnabled state:16,uid:10109,connect:CONNECTED
05-13 15:50:26.796  1620  2642 I MiuiNetworkPolicy: isMLEnabled state:6,uid:10109,connect:CONNECTED
05-13 15:50:26.870   561   561 I hwservicemanager: getTransport: Cannot find entry vendor.qti.hardware.servicetracker@1.0::IServicetracker/default in either framework or device manifest.
05-13 15:50:26.873  1620  1715 W libprocessgroup: Failed to open process cgroup uid 99092 pid 22694: Permission denied
05-13 15:50:26.873  1620  1715 E libprocessgroup: Error encountered killing process cgroup uid 99092 pid 22694: Permission denied
05-13 15:50:26.873  1620  2642 I MiuiNetworkPolicy: updateUidState uid = 10127, uidState = 16
05-13 15:50:26.873  1620  2642 I MiuiNetworkPolicy: updateMLUid uid:10127,old:11,new:16
05-13 15:50:26.873  1620  2642 I MiuiNetworkPolicy: isMLEnabled state:11,uid:10127,connect:CONNECTED
05-13 15:50:26.874  1620  2642 I MiuiNetworkPolicy: isMLEnabled state:16,uid:10127,connect:CONNECTED
05-13 15:50:26.889  3032  3032 I Zygote  : Process 22694 exited due to signal 9 (Killed)
05-13 15:50:26.890   561   561 I hwservicemanager: getTransport: Cannot find entry vendor.qti.hardware.servicetracker@1.0::IServicetracker/default in either framework or device manifest.
05-13 15:50:26.892  1620  2642 I MiuiNetworkPolicy: removeUidState uid = 99092
05-13 15:50:26.892  3214  3214 E Launcher: changeViewByFsGestureState,  view=FitSystemWindowView,  alpha=1.0,  scale=1.0
05-13 15:50:26.892  3214  3214 E Launcher: changeViewByFsGestureState,  view=ShortcutMenuLayer,  alpha=1.0,  scale=1.0
05-13 15:50:26.892  2763 15975 D EventBus: [2763, u0] post(FsGestureShowStateEvent)
05-13 15:50:26.893  2763  2763 D EventBus: [2763, u0]  -> RecentsImpl [0x5cfeb20, P1] onBusEvent(FsGestureShowStateEvent)
05-13 15:50:26.893  2763  2763 D EventBus: [2763, u0] onBusEvent(FsGestureShowStateEvent) duration: 674 microseconds, avg: 738
05-13 15:50:26.894 22600 22679 W cr_ChildProcessConn: onServiceDisconnected (crash or killed by oom): pid=0 bindings:WM  state:2 counts:0,0,1,0,
05-13 15:50:26.895   561   561 I hwservicemanager: getTransport: Cannot find entry vendor.qti.hardware.servicetracker@1.0::IServicetracker/default in either framework or device manifest.
05-13 15:50:26.897   561   561 I hwservicemanager: getTransport: Cannot find entry vendor.qti.hardware.servicetracker@1.0::IServicetracker/default in either framework or device manifest.
05-13 15:50:27.014 30620 30639 W System  : A resource failed to call close. 
05-13 15:50:27.193  2763  2763 D GestureStubView: hideGestureStub
05-13 15:50:27.193  2763  2763 D GestureStubView: hideGestureStub
05-13 15:50:27.211  2763  2763 D GestureStubView: gatherTransparentRegion: need render w:54  h:1404
05-13 15:50:27.214  2763  2763 D GestureStubView: gatherTransparentRegion: need render w:54  h:1404
05-13 15:50:27.581  1620  2642 I MiuiNetworkPolicy: updateUidState uid = 10170, uidState = 20
05-13 15:50:27.583  1620  1713 D CompatibilityInfo: mCompatibilityFlags - 0
05-13 15:50:27.583  1620  1713 D CompatibilityInfo: applicationDensity - 440
05-13 15:50:27.583  1620  1713 D CompatibilityInfo: applicationScale - 1.0
05-13 15:50:27.585  1620  2642 I MiuiNetworkPolicy: updateUidState uid = 10170, uidState = 12
05-13 15:50:27.585  1620  2642 I MiuiNetworkPolicy: updateMLUid uid:10170,old:20,new:12
05-13 15:50:27.585  1620  2642 I MiuiNetworkPolicy: isMLEnabled state:20,uid:10170,connect:CONNECTED
05-13 15:50:27.585  1620  2642 I MiuiNetworkPolicy: isMLEnabled state:12,uid:10170,connect:CONNECTED
05-13 15:50:27.587 21528 21528 I Finsky  : [2] acap.a(7): Verification requested, id = 59
05-13 15:50:27.591  1620 11866 D CompatibilityInfo: mCompatibilityFlags - 0
05-13 15:50:27.591  1620 11866 D CompatibilityInfo: applicationDensity - 440
05-13 15:50:27.591  1620 11866 D CompatibilityInfo: applicationScale - 1.0
05-13 15:50:27.592   561   561 I hwservicemanager: getTransport: Cannot find entry vendor.qti.hardware.servicetracker@1.0::IServicetracker/default in either framework or device manifest.
05-13 15:50:27.593  1620  2642 I MiuiNetworkPolicy: updateUidState uid = 10170, uidState = 11
05-13 15:50:27.593  1620  2642 I MiuiNetworkPolicy: updateMLUid uid:10170,old:12,new:11
05-13 15:50:27.593  1620  2642 I MiuiNetworkPolicy: isMLEnabled state:12,uid:10170,connect:CONNECTED
05-13 15:50:27.593  1620  2642 I MiuiNetworkPolicy: isMLEnabled state:11,uid:10170,connect:CONNECTED
05-13 15:50:27.641  1620  2642 I MiuiNetworkPolicy: updateUidState uid = 10109, uidState = 16
05-13 15:50:27.642  1620  2642 I MiuiNetworkPolicy: updateMLUid uid:10109,old:6,new:16
05-13 15:50:27.642  1620  2642 I MiuiNetworkPolicy: isMLEnabled state:6,uid:10109,connect:CONNECTED
05-13 15:50:27.642  1620  2642 I MiuiNetworkPolicy: isMLEnabled state:16,uid:10109,connect:CONNECTED
05-13 15:50:27.665 21528 21541 W android.vendin: Reducing the number of considered missed Gc histogram windows from 105 to 100
05-13 15:50:27.701 21528 21528 E Finsky  : [2] acnz.b(2): Package name null is not an installed package
05-13 15:50:27.703 21528 30375 I Finsky  : [2184] accc.a(9): Single user settings service is not running, bind it now
05-13 15:50:27.705   561   561 I hwservicemanager: getTransport: Cannot find entry vendor.qti.hardware.servicetracker@1.0::IServicetracker/default in either framework or device manifest.
05-13 15:50:27.706  1620 12215 D CompatibilityInfo: mCompatibilityFlags - 0
05-13 15:50:27.706  1620 12215 D CompatibilityInfo: applicationDensity - 440
05-13 15:50:27.706  1620 12215 D CompatibilityInfo: applicationScale - 1.0
05-13 15:50:27.706   561   561 I hwservicemanager: getTransport: Cannot find entry vendor.qti.hardware.servicetracker@1.0::IServicetracker/default in either framework or device manifest.
05-13 15:50:27.708 21528 21528 I Finsky  : [2] accb.onServiceConnected(1): Single user settings service is connected
05-13 15:50:27.711   561   561 I hwservicemanager: getTransport: Cannot find entry vendor.qti.hardware.servicetracker@1.0::IServicetracker/default in either framework or device manifest.
05-13 15:50:27.715   561   561 I hwservicemanager: getTransport: Cannot find entry vendor.qti.hardware.servicetracker@1.0::IServicetracker/default in either framework or device manifest.
05-13 15:50:27.727 21528 30375 W Settings: Setting install_non_market_apps has moved from android.provider.Settings.Global to android.provider.Settings.Secure, returning read-only value.
05-13 15:50:27.874   561   561 I hwservicemanager: getTransport: Cannot find entry vendor.qti.hardware.servicetracker@1.0::IServicetracker/default in either framework or device manifest.
05-13 15:50:27.986   561   561 I hwservicemanager: getTransport: Cannot find entry vendor.qti.hardware.servicetracker@1.0::IServicetracker/default in either framework or device manifest.
05-13 15:50:27.988  1620 11866 D CompatibilityInfo: mCompatibilityFlags - 0
05-13 15:50:27.988  1620 11866 D CompatibilityInfo: applicationDensity - 440
05-13 15:50:27.988  1620 11866 D CompatibilityInfo: applicationScale - 1.0
05-13 15:50:27.988   561   561 I hwservicemanager: getTransport: Cannot find entry vendor.qti.hardware.servicetracker@1.0::IServicetracker/default in either framework or device manifest.
05-13 15:50:27.994   561   561 I hwservicemanager: getTransport: Cannot find entry vendor.qti.hardware.servicetracker@1.0::IServicetracker/default in either framework or device manifest.
05-13 15:50:28.128 20753 20808 W .apps.wellbein: resources.arsc in APK '/data/app/com.xiaomi.midrop-ei1huv9VmuVueWXLie_FAg==/base.apk' is compressed.
05-13 15:50:28.203 24803 24803 E adbd    : failed to connect to socket 'tcp:6666': Connection refused
05-13 15:50:28.296 21528 30375 I Finsky  : [2184] lkp.a(9): Task 7 requested foreground
05-13 15:50:28.304 21528 30375 I Finsky  : [2184] lkp.a(22): Not entering foreground
05-13 15:50:28.314  7660  7660 I BatteryInfoReceiver: ACTION_BATTERY_CHANGED
05-13 15:50:28.315  5099  5099 D NfcService: Received android.intent.action.BATTERY_CHANGED
05-13 15:50:28.316  7915  8035 D PowerCheckerService: onBatteryChanged, mBatteryLevel = 83, status = 2, level = 83, plug = 2, scale = 100
05-13 15:50:28.317  2763  2763 D KeyguardUpdateMonitor: received broadcast android.intent.action.BATTERY_CHANGED
05-13 15:50:28.443 20753 20808 W .apps.wellbein: resources.arsc in APK '/data/app/com.facebook.katana-lPD27PiYueqki3HGZrx4Gw==/base.apk' is compressed.
05-13 15:50:28.459 20753 20808 W .apps.wellbein: resources.arsc in APK '/data/app/com.facebook.katana-lPD27PiYueqki3HGZrx4Gw==/split_arservicesoptional.apk' is compressed.
05-13 15:50:28.459 20753 20808 W .apps.wellbein: resources.arsc in APK '/data/app/com.facebook.katana-lPD27PiYueqki3HGZrx4Gw==/split_caffe2.apk' is compressed.
05-13 15:50:28.460 20753 20808 W .apps.wellbein: resources.arsc in APK '/data/app/com.facebook.katana-lPD27PiYueqki3HGZrx4Gw==/split_cgnativeplayer.apk' is compressed.
05-13 15:50:28.460 20753 20808 W .apps.wellbein: resources.arsc in APK '/data/app/com.facebook.katana-lPD27PiYueqki3HGZrx4Gw==/split_eventsguestlist.apk' is compressed.
05-13 15:50:28.460 20753 20808 W .apps.wellbein: resources.arsc in APK '/data/app/com.facebook.katana-lPD27PiYueqki3HGZrx4Gw==/split_instantgamesads.apk' is compressed.
05-13 15:50:28.461 20753 20808 W .apps.wellbein: resources.arsc in APK '/data/app/com.facebook.katana-lPD27PiYueqki3HGZrx4Gw==/split_slam.apk' is compressed.
05-13 15:50:28.461 20753 20808 W .apps.wellbein: resources.arsc in APK '/data/app/com.facebook.katana-lPD27PiYueqki3HGZrx4Gw==/split_streamingsdk.apk' is compressed.
05-13 15:50:28.613 20753 20808 W .apps.wellbein: resources.arsc in APK '/data/app/com.facebook.orca-L6O4wwjlcWuawz8hWli-Xg==/base.apk' is compressed.
05-13 15:50:28.644   789 13157 I WifiHAL : event received NL80211_CMD_VENDOR, vendor_id = 0x1374, subcmd = 0xa
05-13 15:50:28.644  1192  1192 I cnss-daemon: nl80211 response handler invoked
05-13 15:50:28.644  1192  1192 I cnss-daemon: nl80211_response_handler: cmd 103, vendorID 4980, subcmd 10  received
05-13 15:50:28.647 13036 13036 I wpa_supplicant: wlan0: CTRL-EVENT-AVOID-FREQ ranges=5500-5640
05-13 15:50:28.648 13036 13036 I wpa_supplicant: wlan0: CTRL-EVENT-REGDOM-CHANGE init=DRIVER type=COUNTRY alpha2=FR
05-13 15:50:28.755   783   783 W memtrack@1.0-se: type=1400 audit(0.0:121438): avc: denied { search } for name="kgsl" dev="sysfs" ino=55501 scontext=u:r:hal_memtrack_default:s0 tcontext=u:object_r:sysfs_kgsl:s0 tclass=dir permissive=0
05-13 15:50:28.765   783   783 I chatty  : uid=1000(system) memtrack@1.0-se identical 6 lines
05-13 15:50:28.765   783   783 W memtrack@1.0-se: type=1400 audit(0.0:121441): avc: denied { search } for name="kgsl" dev="sysfs" ino=55501 scontext=u:r:hal_memtrack_default:s0 tcontext=u:object_r:sysfs_kgsl:s0 tclass=dir permissive=0
05-13 15:50:29.272 30393 30427 I .android.chrom: ProcessProfilingInfo new_methods=0 is saved saved_to_disk=0 resolve_classes_delay=8000
05-13 15:50:29.931 20753 20808 W .apps.wellbein: resources.arsc in APK '/data/app/com.facemoji.lite.xiaomi-Ff-MELQznaYcrjiP9UaGRw==/base.apk' is compressed.
05-13 15:50:30.238 24803 24803 E adbd    : failed to connect to socket 'tcp:6666': Connection refused
05-13 15:50:30.845 21528 30383 I Finsky  : [2189] acik.b(3): Verify: Verification package=com.FlowerGames.FlowerGame, id=59 response=0
05-13 15:50:30.851 21528 30375 I Finsky  : [2184] aceo.c(1): Verify AP install started
05-13 15:50:30.852 21528 30375 I Finsky  : [2184] aceo.c(2): Allowing install because there are no Advanced Protection users
05-13 15:50:30.853 21528 21528 I Finsky  : [2] aceo.hr(2): Reported verification result: ALLOW
05-13 15:50:30.853 21528 30375 I Finsky  : [2184] acnz.c(3): PSIC verification started with installer uid: 2000 package name: null, originating uid: -1
05-13 15:50:30.856 21528 21528 I Finsky  : [2] acjn.c(15): Verifying id=59, result=1
05-13 15:50:30.858 21528 21528 I Finsky  : [2] acjn.hr(6): Verification complete: id=59, package_name=com.FlowerGames.FlowerGame
05-13 15:50:30.845   803   803 W perf@2.0-servic: type=1400 audit(0.0:121442): avc: denied { search } for name="1620" dev="proc" ino=700 scontext=u:r:hal_perf_default:s0 tcontext=u:r:system_server:s0 tclass=dir permissive=0
05-13 15:50:30.845   803   803 W perf@2.0-servic: type=1400 audit(0.0:121443): avc: denied { search } for name="1620" dev="proc" ino=700 scontext=u:r:hal_perf_default:s0 tcontext=u:r:system_server:s0 tclass=dir permissive=0
05-13 15:50:30.862   561   561 I hwservicemanager: getTransport: Cannot find entry vendor.qti.hardware.servicetracker@1.0::IServicetracker/default in either framework or device manifest.
05-13 15:50:30.869   561   561 I hwservicemanager: getTransport: Cannot find entry vendor.qti.hardware.servicetracker@1.0::IServicetracker/default in either framework or device manifest.
05-13 15:50:30.872  1620  2642 I MiuiNetworkPolicy: updateUidState uid = 10170, uidState = 20
05-13 15:50:30.872  1620  2642 I MiuiNetworkPolicy: updateMLUid uid:10170,old:11,new:20
05-13 15:50:30.872  1620  2642 I MiuiNetworkPolicy: isMLEnabled state:11,uid:10170,connect:CONNECTED
05-13 15:50:30.872  1620  2642 I MiuiNetworkPolicy: isMLEnabled state:20,uid:10170,connect:CONNECTED
05-13 15:50:30.901   673   673 I Zygote  : Process 22600 exited due to signal 9 (Killed)
05-13 15:50:30.901   561   561 I hwservicemanager: getTransport: Cannot find entry vendor.qti.hardware.servicetracker@1.0::IServicetracker/default in either framework or device manifest.
05-13 15:50:30.902   561   561 I hwservicemanager: getTransport: Cannot find entry vendor.qti.hardware.servicetracker@1.0::IServicetracker/default in either framework or device manifest.
05-13 15:50:30.902  1620  1715 I libprocessgroup: Successfully killed process cgroup uid 10246 pid 22600 in 30ms
05-13 15:50:31.380   561   561 I hwservicemanager: getTransport: Cannot find entry vendor.qti.hardware.servicetracker@1.0::IServicetracker/default in either framework or device manifest.
05-13 15:50:31.386   561   561 I hwservicemanager: getTransport: Cannot find entry vendor.qti.hardware.servicetracker@1.0::IServicetracker/default in either framework or device manifest.
05-13 15:50:31.885  1620  1702 W system_server: Long monitor contention with owner PackageManager (1727) at void com.android.server.pm.PackageManagerService.installPackagesLI(java.util.List)(PackageManagerService.java:17554) waiters=0 in void com.android.server.pm.permission.PermissionManagerService.doNotifyRuntimePermissionStateChanged(java.lang.String, int) for 765ms
05-13 15:50:31.886  1620  1712 W system_server: Long monitor contention with owner PackageManager (1727) at void com.android.server.pm.PackageManagerService.installPackagesLI(java.util.List)(PackageManagerService.java:17554) waiters=1 in void com.android.server.pm.Settings$RuntimePermissionPersistence.writePermissionsSync(int) for 564ms
05-13 15:50:31.920   672 22608 I netd    : trafficSetNetPermForUids(4, [10315]) <0.03ms>
05-13 15:50:31.920  1090  1090 E         : Couldn't opendir /data/app/vmdl2112773826.tmp: No such file or directory
05-13 15:50:31.920  1090  1090 E installd: Failed to delete /data/app/vmdl2112773826.tmp: No such file or directory
05-13 15:50:31.915  1620  1620 W Binder:1620_1A: type=1400 audit(0.0:121444): avc: denied { getopt } for scontext=u:r:system_server:s0 tcontext=u:r:shell:s0 tclass=unix_stream_socket permissive=0
05-13 15:50:31.924  1620  1727 D CompatibilityInfo: mCompatibilityFlags - 0
05-13 15:50:31.915  1620  1620 W Binder:1620_1A: type=1400 audit(0.0:121445): avc: denied { getopt } for scontext=u:r:system_server:s0 tcontext=u:r:shell:s0 tclass=unix_stream_socket permissive=0
05-13 15:50:31.924  1620  1727 D CompatibilityInfo: applicationDensity - 440
05-13 15:50:31.924  1620  1727 D CompatibilityInfo: applicationScale - 1.0
05-13 15:50:31.915  1620  1620 W Binder:1620_1A: type=1400 audit(0.0:121446): avc: denied { getopt } for scontext=u:r:system_server:s0 tcontext=u:r:shell:s0 tclass=unix_stream_socket permissive=0
05-13 15:50:31.915 24803 24803 W adbd    : type=1400 audit(0.0:121447): avc: denied { shutdown } for scontext=u:r:adbd:s0 tcontext=u:r:shell:s0 tclass=unix_stream_socket permissive=0
05-13 15:50:31.937   672 22608 I netd    : firewallSetUidRule(2, 10315, 2) <0.03ms>
05-13 15:50:31.940  1620  2642 I MiuiNetworkPolicy: ACTION_PACKAGE_ADDED uid = 10315
05-13 15:50:31.942  1620  2176 I InputReader: Reconfiguring input devices.  changes=0x00000010
05-13 15:50:31.945  2763  2763 D LockScreenMagazineController: received broadcast android.intent.action.PACKAGE_ADDED
05-13 15:50:31.955  1620  5475 W LocationProviderProxy: com.qualcomm.location resolves service com.android.location.service.v3.NetworkLocationProvider, but has wrong signature, ignoring
05-13 15:50:31.957  7660  7660 D AppInstalledReceiver: receive broadcast
05-13 15:50:31.957  7660  7660 D AppInstalledReceiver: packageName: com.FlowerGames.FlowerGame
05-13 15:50:31.958  7802  7802 I WakePathManager: PackageMonitor. onPackageAdded: packageName =com.FlowerGames.FlowerGame
05-13 15:50:31.959  1620  5475 W LocationProviderProxy: com.qualcomm.location resolves service com.android.location.service.v3.NetworkLocationProvider, but has wrong signature, ignoring
05-13 15:50:31.964  7660  7660 E AutoInstalls: Layout definition not found in package: android.autoinstalls.config.Xiaomi.cepheus
05-13 15:50:31.968 26953 26953 I GsaVoiceInteractionSrv: O received Intent { act=android.intent.action.PACKAGE_ADDED dat=package:com.FlowerGames.FlowerGame flg=0x4000010 (has extras) }
05-13 15:50:31.970 18121 18121 I PackageInstallReceiver: action = android.intent.action.PACKAGE_ADDED packageName = com.FlowerGames.FlowerGame
05-13 15:50:31.971 18121 18121 I ShortCutsCardView: onAppChanged com.FlowerGames.FlowerGame
05-13 15:50:31.972  5099  5099 E ApduServiceInfo: Not adding <aid-group> with empty or invalid AIDs
05-13 15:50:31.972  5099  5099 D NfcApduServiceInfo: No com.nxp.nfc.extensions meta-data
05-13 15:50:31.972  5099  5099 E NfcApduServiceInfo: SE extension not present, Setting default offhost seID
05-13 15:50:31.972  5099  5099 D RegisteredServicesCache:  Reading service state data always from file
05-13 15:50:31.973  5099  5099 D RegisteredServicesCache: ServiceStateFileVersion=1.0
05-13 15:50:31.973  5099  5099 E RegisteredServicesCache: Next Tag=services
05-13 15:50:31.973  5099  5099 D RegisteredServicesCache:  curr component com.wizway.nfcagent/com.wizway.nfcagent.offhostservice.SimOffhostService
05-13 15:50:31.973  5099  5099 D RegisteredServicesCache:  curr uid 10272
05-13 15:50:31.973  5099  5099 D RegisteredServicesCache:  curr state 2
05-13 15:50:31.973  5099  5099 E RegisteredServicesCache: installedServices no uidString 
05-13 15:50:31.973  5099  5099 E RegisteredServicesCache: 1invalidateCache:WriteServiceStateToFile
05-13 15:50:31.973  5099  5099 E RegisteredServicesCache:  Writing service state Data Always
05-13 15:50:31.975 21528 21528 I Finsky  : [2] sep.a(19): PackageMonitor - Received: android.intent.action.PACKAGE_ADDED, [LZFaW2nZ1_4fAliCbEkPLbaXIT6B2ajS_zmw-WFxxcc]
05-13 15:50:31.975  3190  3190 I chatty  : uid=1001(radio) com.android.phone expire 1 line
05-13 15:50:31.975 21528 21528 I Finsky  : [2] sfs.d(9): Invalidating cached PackageState for com.FlowerGames.FlowerGame
05-13 15:50:31.977  5099  5099 E RegisteredServicesCache: component namecom.wizway.nfcagent/com.wizway.nfcagent.offhostservice.SimOffhostService
05-13 15:50:31.981 21136 21743 D IdProviderImpl: getOAID
05-13 15:50:31.983  7915  8001 I WakelockPolicyManager: setWakelockPolicy
05-13 15:50:31.985 21528 21528 I Finsky  : [2] aduf.a(9): Do not start WearSupportService due to Wear service optimization
05-13 15:50:31.986 21528 21528 I Finsky  : [2] aduf.a(9): Do not start WearSupportService due to Wear service optimization
05-13 15:50:31.987 21528 30287 I Finsky  : [2174] erd.a(12): Asset module storage cleared for package com.FlowerGames.FlowerGame.
05-13 15:50:31.987 21528 21528 I Finsky  : [2] wxa.a(1): Clearing split related stale data.
05-13 15:50:31.990  7660  7660 I FireWallService: mina mPackageReceiver onReceive
05-13 15:50:31.990  7660  7660 W FireWallService: is Pre-installed application
05-13 15:50:31.991  7660  7660 I TrafficManageService: mina mPackageReceiver 0
05-13 15:50:31.992  7660  7660 I InstalledAppMonitor: com.FlowerGames.FlowerGameonReceive add pkg=com.FlowerGames.FlowerGame
05-13 15:50:31.992  7660  7909 I GameBoosterNewApp: addAppToGameBox: isGameBoosterOpen=true
05-13 15:50:31.992  7660  7660 D AppCompatStateReceiver: AppCompatStateReceiver package_name=com.FlowerGames.FlowerGame,app_status=0
05-13 15:50:31.993  5099  5099 D RegisteredNfcFServicesCache: Service unchanged, not updating
05-13 15:50:31.994  1620  1713 D CompatibilityInfo: mCompatibilityFlags - 0
05-13 15:50:31.994  1620  1713 D CompatibilityInfo: applicationDensity - 440
05-13 15:50:31.994  1620  1713 D CompatibilityInfo: applicationScale - 1.0
05-13 15:50:31.995  7660  7909 I GameBoosterNewApp: com.FlowerGames.FlowerGame isGameFromJson false
05-13 15:50:31.995  7660  7909 D com.miui.gamebooster.provider.GameBoosterProvider: query
05-13 15:50:31.996   672 30755 E ResolverController: No valid NAT64 prefix (121, <unspecified>/0)
05-13 15:50:31.998   561   561 I hwservicemanager: getTransport: Cannot find entry vendor.qti.hardware.servicetracker@1.0::IServicetracker/default in either framework or device manifest.
05-13 15:50:32.000  5099  5125 W com.android.nf: Reducing the number of considered missed Gc histogram windows from 432 to 100
05-13 15:50:32.001  1620  2954 D CompatibilityInfo: mCompatibilityFlags - 0
05-13 15:50:32.001  1620  2954 D CompatibilityInfo: applicationDensity - 440
05-13 15:50:32.001  1620  2954 D CompatibilityInfo: applicationScale - 1.0
05-13 15:50:32.002   561   561 I hwservicemanager: getTransport: Cannot find entry vendor.qti.hardware.servicetracker@1.0::IServicetracker/default in either framework or device manifest.
05-13 15:50:32.003 20718 20735 I CloudSettingsProvider: uriMatch : 2
05-13 15:50:32.009  7660  7909 I GameBoosterNewApp: com.FlowerGames.FlowerGame isGameFromLocal false
05-13 15:50:32.009  7660 30759 D AppCompatStateReceiver: json params=[{"pkg":"com.FlowerGames.FlowerGame","ver":"1"}]
05-13 15:50:32.014 21528 21528 I Finsky  : [2] lsk.c(2): Frosting ID looked up on UI thread. Caller should move to a background thread.
05-13 15:50:32.029 21528 30320 I Finsky  : [2179] lsg.run(16): Wrote row to frosting DB: 3982
05-13 15:50:32.031  1620  1727 D CompatibilityInfo: mCompatibilityFlags - 0
05-13 15:50:32.031  1620  1727 D CompatibilityInfo: applicationDensity - 440
05-13 15:50:32.031  1620  1727 D CompatibilityInfo: applicationScale - 1.0
05-13 15:50:32.034  1620 12215 D CompatibilityInfo: mCompatibilityFlags - 0
05-13 15:50:32.034  1620 12215 D CompatibilityInfo: applicationDensity - 440
05-13 15:50:32.034  1620 12215 D CompatibilityInfo: applicationScale - 1.0
05-13 15:50:32.035   561   561 I hwservicemanager: getTransport: Cannot find entry vendor.qti.hardware.servicetracker@1.0::IServicetracker/default in either framework or device manifest.
05-13 15:50:32.038  1620  2642 I MiuiNetworkPolicy: updateUidState uid = 99090, uidState = 5
05-13 15:50:32.038  1620  2642 I MiuiNetworkPolicy: updateMLUid uid:99090,old:11,new:5
05-13 15:50:32.038  1620  2642 I MiuiNetworkPolicy: updateUidState uid = 99068, uidState = 5
05-13 15:50:32.038  1620  2642 I MiuiNetworkPolicy: updateMLUid uid:99068,old:6,new:5
05-13 15:50:32.038  1620  2642 I MiuiNetworkPolicy: updateUidState uid = 10181, uidState = 5
05-13 15:50:32.038  1620  2642 I MiuiNetworkPolicy: updateMLUid uid:10181,old:6,new:5
05-13 15:50:32.038  1620  2642 I MiuiNetworkPolicy: isMLEnabled state:6,uid:10181,connect:CONNECTED
05-13 15:50:32.038  1620  2642 I MiuiNetworkPolicy: isMLEnabled state:5,uid:10181,connect:CONNECTED
05-13 15:50:32.044  1620 12215 D CompatibilityInfo: mCompatibilityFlags - 0
05-13 15:50:32.044  1620 12215 D CompatibilityInfo: applicationDensity - 440
