05-14 18:21:06.628  1446  1446 E Diag_Lib:  Diag_LSM_Init: Failed to open handle to diag driver, error = 13
05-14 18:21:06.628  1446  1446 E Diag_Lib: qpLogDiagInit <== result : 0
05-14 18:21:06.628  1446  1446 E Diag_Lib: DATAD : gIsQXDMDisabled 0, gIsADBDisabled 1, gIsDebugDisabled 0, gIsIMSLogsDisabled 0
05-14 18:21:06.630   786   909 I sensors-hal: get_qmi_debug_flag:230, support_qmi_debug : false
05-14 18:21:06.631  1446  1446 E Diag_Lib:  Diag_LSM_Init: Failed to open handle to diag driver, error = 13
05-14 18:21:06.631  1446  1446 E Diag_Lib: qpLogDiagInit <== result : 0
05-14 18:21:06.631  1446  1446 E Diag_Lib: DATAD : gIsQXDMDisabled 0, gIsADBDisabled 1, gIsDebugDisabled 0, gIsIMSLogsDisabled 0
05-14 18:21:06.631  1446  1446 E Diag_Lib:  Diag_LSM_Init: Failed to open handle to diag driver, error = 13
05-14 18:21:06.632  1446  1446 E Diag_Lib: qpLogDiagInit <== result : 0
05-14 18:21:06.632  1446  1446 E Diag_Lib: DATAD : gIsQXDMDisabled 0, gIsADBDisabled 1, gIsDebugDisabled 0, gIsIMSLogsDisabled 0
05-14 18:21:06.634   786 12991 I sensors-hal: handle_indication_realtime:406,  SCHED_FIFO(10) for qmi_cbk
05-14 18:21:06.634   786   909 I sensors-hal: get_qmi_debug_flag:230, support_qmi_debug : false
05-14 18:21:06.635   786 12995 I sensors-hal: handle_indication_realtime:406,  SCHED_FIFO(10) for qmi_cbk
05-14 18:21:06.636  1446  1446 E Diag_Lib:  Diag_LSM_Init: Failed to open handle to diag driver, error = 13
05-14 18:21:06.636  1446  1446 E Diag_Lib: qpLogDiagInit <== result : 0
05-14 18:21:06.636  1446  1446 E Diag_Lib: DATAD : gIsQXDMDisabled 0, gIsADBDisabled 1, gIsDebugDisabled 0, gIsIMSLogsDisabled 0
05-14 18:21:06.636  1446  1446 E Diag_Lib:  Diag_LSM_Init: Failed to open handle to diag driver, error = 13
05-14 18:21:06.636  1446  1446 E Diag_Lib: qpLogDiagInit <== result : 0
05-14 18:21:06.636  1446  1446 E Diag_Lib: DATAD : gIsQXDMDisabled 0, gIsADBDisabled 1, gIsDebugDisabled 0, gIsIMSLogsDisabled 0
05-14 18:21:06.641   786   909 I sensors-hal: activate:158, android.sensor.gyroscope/52 en=1 completed
05-14 18:21:06.641   786 12998 I sensors-hal: handle_indication_realtime:406,  SCHED_FIFO(10) for qmi_cbk
05-14 18:21:06.641 12844 12844 D UE4     : App is running in Landscape
05-14 18:21:06.641 12844 12844 D UE4     : [GameActivity] === Restoring Transparent Bars ===
05-14 18:21:06.642 12844 12844 D UE4     : [GameActivity] ==============> Resuming main init
05-14 18:21:06.649 12844 12979 D UE4     : APK Commandline: ../../../FlowerGame/FlowerGame.uproject  /Game/MobileStarterContent/Maps/TestMap -Messaging -SessionId=7BB3C94C4C2A44D93675CCB6CB64AD3D -SessionOwner="a021694" -SessionName="Launch On Device" -iterative
05-14 18:21:06.649 12844 12979 D UE4     : Override Commandline: ../../../FlowerGame/FlowerGame.uproject  /Game/MobileStarterContent/Maps/TestMap -Messaging -SessionId=7BB3C94C4C2A44D93675CCB6CB64AD3D -SessionOwner="a021694" -SessionName="Launch On Device" -iterative
05-14 18:21:06.649 12844 12979 D UE4     : Final commandline: ../../../FlowerGame/FlowerGame.uproject  /Game/MobileStarterContent/Maps/TestMap -Messaging -SessionId=7BB3C94C4C2A44D93675CCB6CB64AD3D -SessionOwner="a021694" -SessionName="Launch On Device" -iterative
05-14 18:21:06.649 12844 12979 D UE4     : Created sync event
05-14 18:21:06.652 12844 12844 D UE4     : [GameActivity] ==============> GameActive.onResume complete!
05-14 18:21:06.659  1620  2184 V UiModeManager: switch night mode to 1
05-14 18:21:06.660  2763  2763 D GestureStubView: resetRenderProperty: showGestureStub
05-14 18:21:06.660  2763  2763 D GestureStubView: showGestureStub
05-14 18:21:06.660  2763  2763 D GestureStubView: resetRenderProperty: showGestureStub
05-14 18:21:06.661  2763  2763 D GestureStubView: showGestureStub
05-14 18:21:06.661 12844 12844 W Looper  : Slow Looper MainThread-UE4: Activity com.FlowerGames.FlowerGame/com.epicgames.ue4.GameActivity is 722ms late (wall=0ms running=0ms ClientTransaction{ callbacks=[android.app.servertransaction.TopResumedActivityChangeItem] }) because of 9 msg, msg 9 took 718ms (seq=28 running=294ms runnable=17ms io=308ms late=3ms h=android.app.ActivityThread$H w=159)
05-14 18:21:06.666  1620  3754 I Timeline: Timeline: App_transition_ready time:111061331
05-14 18:21:06.667  1620  3754 I Timeline: Timeline: App_transition_ready time:111061332
05-14 18:21:06.682  1620  3754 I Timeline: Timeline: App_transition_ready time:111061347
05-14 18:21:06.682  2763  2763 D GestureStubView: gatherTransparentRegion: need render w:129  h:648
05-14 18:21:06.685  1620  3754 I Timeline: Timeline: App_transition_ready time:111061351
05-14 18:21:06.686  2763  2763 D GestureStubView: gatherTransparentRegion: need render w:54  h:648
05-14 18:21:06.689  1620  1674 I Timeline: Timeline: App_transition_ready time:111061355
05-14 18:21:06.690  1620  1674 D WindowManager: Input focus has changed to Window{2745c72 u0 com.FlowerGames.FlowerGame/com.epicgames.ue4.GameActivity}
05-14 18:21:06.696   892  1724 W ServiceManager: Permission failure: android.permission.ACCESS_SURFACE_FLINGER from uid=10319 pid=12844
05-14 18:21:06.696   892  1724 D PermissionCache: checking android.permission.ACCESS_SURFACE_FLINGER for uid=10319 => denied (274 us)
05-14 18:21:06.700 12844 12980 D UE4     : Case APP_CMD_INIT_WINDOW
05-14 18:21:06.700 12844 12980 D UE4     : LogAndroidEvents::EnqueueAppEvent : 0, [width=2265, height=1080], tid = 12980, APP_EVENT_STATE_WINDOW_CREATED
05-14 18:21:06.715  1620  1706 I Timeline: Timeline: App_transition_ready time:111061381
05-14 18:21:06.718  2763  2763 D EventBus: [2763, u0] send(AppTransitionFinishedEvent)
05-14 18:21:06.718  2763  2763 D EventBus: [2763, u0]  -> ForcedResizableInfoActivityController [0xe75ca23, P1] onBusEvent(AppTransitionFinishedEvent)
05-14 18:21:06.718  2763  2763 D EventBus: [2763, u0] onBusEvent(AppTransitionFinishedEvent) duration: 12 microseconds, avg: 746
05-14 18:21:06.719  2763  2763 D EventBus: [2763, u0] send(AppTransitionFinishedEvent)
05-14 18:21:06.719  2763  2763 D EventBus: [2763, u0]  -> ForcedResizableInfoActivityController [0xe75ca23, P1] onBusEvent(AppTransitionFinishedEvent)
05-14 18:21:06.719  2763  2763 D EventBus: [2763, u0] onBusEvent(AppTransitionFinishedEvent) duration: 7 microseconds, avg: 746
05-14 18:21:06.719  1620  1706 I Timeline: Timeline: App_transition_ready time:111061384
05-14 18:21:06.719  1620  1706 I Timeline: Timeline: Activity_windows_visible id: ActivityRecord{ec6b49d u0 com.FlowerGames.FlowerGame/com.epicgames.ue4.GameActivity t1797} time:111061384
05-14 18:21:06.719  1620  1706 I Timeline: Timeline: App_transition_stopped time:111061384
05-14 18:21:06.719  2763  2763 D EventBus: [2763, u0] send(AppTransitionFinishedEvent)
05-14 18:21:06.719  2763  2763 D EventBus: [2763, u0]  -> ForcedResizableInfoActivityController [0xe75ca23, P1] onBusEvent(AppTransitionFinishedEvent)
05-14 18:21:06.719  2763  2763 D EventBus: [2763, u0] onBusEvent(AppTransitionFinishedEvent) duration: 7 microseconds, avg: 746
05-14 18:21:06.721  1620  1712 I ActivityTaskManager: Displayed com.FlowerGames.FlowerGame/com.epicgames.ue4.GameActivity: +804ms
05-14 18:21:06.731 12844 12980 D UE4     : LogAndroidEvents::EnqueueAppEvent : 11, [width=-1, height=-1], tid = 12980, APP_EVENT_STATE_WINDOW_GAINED_FOCUS
05-14 18:21:06.731 12844 12980 D UE4     : LogAndroidEvents::EnqueueAppEvent : 14, [width=-1, height=-1], tid = 12980, APP_EVENT_STATE_APP_ACTIVATED
05-14 18:21:06.731 12844 12980 D UE4     : LogAndroidEvents::EnqueueAppEvent : 15, [width=-1, height=-1], tid = 12980, APP_EVENT_RUN_CALLBACK
05-14 18:21:06.732 12844 12844 D UE4     : [GameActivity] === Restoring Transparent Bars due to Visibility Change ===
05-14 18:21:06.733 12844 12844 D UE4     : [GameActivity] === Restoring Transparent Bars ===
05-14 18:21:06.760  1620  2642 I MiuiNetworkPolicy: updateUidState uid = 10091, uidState = 20
05-14 18:21:06.760  1620  2642 I MiuiNetworkPolicy: updateWmmForUidState uid: 10091 state: 20 wmm: 0
05-14 18:21:06.761   672 32158 D OemNetd : updateWmm: uid=10091, wmm=0
05-14 18:21:06.763  1620  2642 I MiuiNetworkPolicy: updateMLUid uid:10091,old:2,new:20
05-14 18:21:06.763  1620  2642 I MiuiNetworkPolicy: isMLEnabled state:2,uid:10091,connect:CONNECTED
05-14 18:21:06.763  1620  2642 I MiuiNetworkPolicy: isMLEnabled state:20,uid:10091,connect:CONNECTED
05-14 18:21:06.771  2763  2763 D EventBus: [2763, u0] send(AppTransitionFinishedEvent)
05-14 18:21:06.771  2763  2763 D EventBus: [2763, u0]  -> ForcedResizableInfoActivityController [0xe75ca23, P1] onBusEvent(AppTransitionFinishedEvent)
05-14 18:21:06.771  2763  2763 D EventBus: [2763, u0] onBusEvent(AppTransitionFinishedEvent) duration: 11 microseconds, avg: 746
05-14 18:21:06.776  2763  2763 D EventBus: [2763, u0] send(AppTransitionFinishedEvent)
05-14 18:21:06.776  2763  2763 D EventBus: [2763, u0]  -> ForcedResizableInfoActivityController [0xe75ca23, P1] onBusEvent(AppTransitionFinishedEvent)
05-14 18:21:06.776  2763  2763 D EventBus: [2763, u0] onBusEvent(AppTransitionFinishedEvent) duration: 28 microseconds, avg: 746
05-14 18:21:06.878 12844 12979 D UE4     : EGL Extensions: 
05-14 18:21:06.879 12844 12979 D UE4     : EGL_KHR_get_all_proc_addresses EGL_ANDROID_presentation_time EGL_KHR_swap_buffers_with_damage EGL_ANDROID_get_native_client_buffer EGL_ANDROID_front_buffer_auto_refresh EGL_ANDROID_get_frame_timestamps EGL_EXT_surface_SMPTE2086_metadata EGL_EXT_surface_CTA861_3_metadata EGL_EXT_gl_colorspace_scrgb EGL_EXT_gl_colorspace_scrgb_linear EGL_EXT_gl_colorspace_display_p3_linear EGL_EXT_gl_colorspace_display_p3 EGL_EXT_gl_colorspace_display_p3_passthrough EGL_EXT_gl_colorspace_bt2020_linear EGL_EXT_gl_colorspace_bt2020_pq EGL_KHR_image EGL_KHR_image_base EGL_EXT_image_gl_colorspace EGL_KHR_lock_surface EGL_KHR_gl_colorspace EGL_KHR_gl_texture_2D_image EGL_KHR_gl_texture_3D_image EGL_KHR_gl_texture_cubemap_image EGL_KHR_gl_renderbuffer_image EGL_KHR_reusable_sync EGL_KHR_fence_sync EGL_KHR_create_context EGL_KHR_surfaceless_context EGL_EXT_create_context_robustness EGL_ANDROID_image_native_buffer EGL_KHR_wait_sync EGL_ANDROID_recordable EGL_KHR_partial_update EGL_EXT_pixel_format_float EGL_KHR_create_context_no_error
05-14 18:21:06.881 12844 12979 D UE4     : FAndroidGPUInfo
05-14 18:21:06.881 12844 12979 D UE4     : AndroidEGL::InitSurface 1, 1
05-14 18:21:06.881 12844 12979 D UE4     : AndroidEGL::InitSurface, wnd: 0xda5bd808, width: 8, height 8 
05-14 18:21:06.881 12844 12979 D UE4     : AndroidEGL::CreateEGLSurface() 0xddb38a20
05-14 18:21:06.881 12844 12979 D UE4     : AndroidEGL::CreateEGLSurface(1), auxSurface = eglCreatePbufferSurface(), 8x8
05-14 18:21:06.914 12844 12979 D vulkan  : searching for layers in '/data/app/com.FlowerGames.FlowerGame-beJDSPYwhqpFHKbxpPtQ6A==/lib/arm'
05-14 18:21:06.915 12844 12979 D vulkan  : searching for layers in '/data/app/com.FlowerGames.FlowerGame-beJDSPYwhqpFHKbxpPtQ6A==/base.apk!/lib/armeabi-v7a'
05-14 18:21:06.916 12844 12979 I AdrenoVK: QUALCOMM build          : e0436c5, Ib165d46056
05-14 18:21:06.916 12844 12979 I AdrenoVK: Build Date              : 09/10/19
05-14 18:21:06.916 12844 12979 I AdrenoVK: Shader Compiler Version : EV031.27.05.01
05-14 18:21:06.916 12844 12979 I AdrenoVK: Local Branch            : 
05-14 18:21:06.916 12844 12979 I AdrenoVK: Remote Branch           : quic/gfx-adreno.lnx.1.0.r74-rel
05-14 18:21:06.916 12844 12979 I AdrenoVK: Remote Branch           : NONE
05-14 18:21:06.916 12844 12979 I AdrenoVK: Reconstruct Branch      : NOTHING
05-14 18:21:06.916 12844 12979 I AdrenoVK: Build Config            : S P 8.0.11 AArch32
05-14 18:21:06.968 12844 12979 D UE4     : LogPluginManager: Mounting plugin NetcodeUnitTest
05-14 18:21:06.970 12844 12979 D UE4     : LogPluginManager: Mounting plugin Paper2D
05-14 18:21:06.972 12844 12979 D UE4     : LogPluginManager: Mounting plugin MediaCompositing
05-14 18:21:06.973 12844 12979 D UE4     : LogPluginManager: Mounting plugin AndroidMedia
05-14 18:21:06.974 12844 12979 D UE4     : LogPluginManager: Mounting plugin ImgMedia
05-14 18:21:06.975 12844 12979 D UE4     : LogPluginManager: Mounting plugin OnlineSubsystemNull
05-14 18:21:06.976 12844 12979 D UE4     : LogPluginManager: Mounting plugin OnlineSubsystem
05-14 18:21:06.977 12844 12979 D UE4     : LogPluginManager: Mounting plugin OnlineSubsystemGooglePlay
05-14 18:21:06.977 12844 12979 D UE4     : LogPluginManager: Mounting plugin OnlineSubsystemUtils
05-14 18:21:06.978 12844 12979 D UE4     : LogPluginManager: Mounting plugin Niagara
05-14 18:21:06.981 12844 12979 D UE4     : LogPluginManager: Mounting plugin GeometryCollectionPlugin
05-14 18:21:06.982 12844 12979 D UE4     : LogPluginManager: Mounting plugin ChaosSolverPlugin
05-14 18:21:06.983 12844 12979 D UE4     : LogPluginManager: Mounting plugin BackChannel
05-14 18:21:06.984 12844 12979 D UE4     : LogPluginManager: Mounting plugin AlembicImporter
05-14 18:21:06.985 12844 12979 D UE4     : LogPluginManager: Mounting plugin ChaosCloth
05-14 18:21:06.986 12844 12979 D UE4     : LogPluginManager: Mounting plugin PlatformCrypto
05-14 18:21:06.986 12844 12979 D UE4     : LogPluginManager: Mounting plugin CharacterAI
05-14 18:21:06.987 12844 12979 D UE4     : LogPluginManager: Mounting plugin GeometryProcessing
05-14 18:21:06.988 12844 12979 D UE4     : LogPluginManager: Mounting plugin ChaosEditor
05-14 18:21:06.989 12844 12979 D UE4     : LogPluginManager: Mounting plugin ChaosNiagara
05-14 18:21:06.990 12844 12979 D UE4     : LogPluginManager: Mounting plugin AutomationUtils
05-14 18:21:06.992 12844 12979 D UE4     : LogPluginManager: Mounting plugin ChaosClothEditor
05-14 18:21:06.993 12844 12979 D UE4     : LogPluginManager: Mounting plugin PlanarCut
05-14 18:21:06.994 12844 12979 D UE4     : LogPluginManager: Mounting plugin GeometryCache
05-14 18:21:06.995 12844 12979 D UE4     : LogPluginManager: Mounting plugin FacialAnimation
05-14 18:21:06.995 12844 12979 D UE4     : LogPluginManager: Mounting plugin EditorScriptingUtilities
05-14 18:21:07.000 12844 12979 D UE4     : LogPluginManager: Mounting plugin GeometryMode
05-14 18:21:07.000 12844 12979 D UE4     : LogPluginManager: Mounting plugin AssetManagerEditor
05-14 18:21:07.001 12844 12979 D UE4     : LogPluginManager: Mounting plugin TcpMessaging
05-14 18:21:07.002 12844 12979 D UE4     : LogPluginManager: Mounting plugin UdpMessaging
05-14 18:21:07.003 12844 12979 D UE4     : LogPluginManager: Mounting plugin MatineeToLevelSequence
05-14 18:21:07.004 12844 12979 D UE4     : LogPluginManager: Mounting plugin ActorSequence
05-14 18:21:07.005 12844 12979 D UE4     : LogPluginManager: Mounting plugin MovieRenderPipeline
05-14 18:21:07.006 12844 12979 D UE4     : LogPluginManager: Mounting plugin LevelSequenceEditor
05-14 18:21:07.006 12844 12979 D UE4     : LogPluginManager: Mounting plugin TemplateSequence
05-14 18:21:07.007 12844 12979 D UE4     : LogPluginManager: Mounting plugin SignificanceManager
05-14 18:21:07.008 12844 12979 D UE4     : LogPluginManager: Mounting plugin GooglePAD
05-14 18:21:07.009 12844 12979 D UE4     : LogPluginManager: Mounting plugin CustomMeshComponent
05-14 18:21:07.011 12844 12979 D UE4     : LogPluginManager: Mounting plugin GoogleCloudMessaging
05-14 18:21:07.012 12844 12979 D UE4     : LogPluginManager: Mounting plugin SoundFields
05-14 18:21:07.013 12844 12979 D UE4     : LogPluginManager: Mounting plugin AppleImageUtils
05-14 18:21:07.014 12844 12979 D UE4     : LogPluginManager: Mounting plugin AssetTags
05-14 18:21:07.015 12844 12979 D UE4     : LogPluginManager: Mounting plugin MobilePatchingUtils
05-14 18:21:07.016 12844 12979 D UE4     : LogPluginManager: Mounting plugin AndroidMoviePlayer
05-14 18:21:07.016 12844 12979 D UE4     : LogPluginManager: Mounting plugin EditableMesh
05-14 18:21:07.017 12844 12979 D UE4     : LogPluginManager: Mounting plugin ArchVisCharacter
05-14 18:21:07.018 12844 12979 D UE4     : LogPluginManager: Mounting plugin Synthesis
05-14 18:21:07.023 12844 12979 D UE4     : LogPluginManager: Mounting plugin PhysXVehicles
05-14 18:21:07.025 12844 12979 D UE4     : LogPluginManager: Mounting plugin OculusVR
05-14 18:21:07.027 12844 12979 D UE4     : LogPluginManager: Mounting plugin AudioCapture
05-14 18:21:07.028 12844 12979 D UE4     : LogPluginManager: Mounting plugin CableComponent
05-14 18:21:07.029 12844 12979 D UE4     : LogPluginManager: Mounting plugin AndroidPermission
05-14 18:21:07.031 12844 12979 D UE4     : LogPluginManager: Mounting plugin RuntimePhysXCooking
05-14 18:21:07.032 12844 12979 D UE4     : LogPluginManager: Mounting plugin LocationServicesBPLibrary
05-14 18:21:07.033 12844 12979 D UE4     : LogPluginManager: Mounting plugin ProceduralMeshComponent
05-14 18:21:07.034 12844 12979 D UE4     : LogPluginManager: Mounting plugin AndroidDeviceProfileSelector
05-14 18:21:07.035 12844 12979 D UE4     : LogPluginManager: Mounting plugin ExampleDeviceProfileSelector
05-14 18:21:07.036 12844 12979 D UE4     : LogPluginManager: Mounting plugin DatasmithContent
05-14 18:21:07.037 12844 12979 D UE4     : LogPluginManager: Mounting plugin VariantManagerContent
05-14 18:21:07.042 12844 12979 D UE4     : LogPluginManager: Mounting plugin LightPropagationVolume
05-14 18:21:07.042 12844 12979 D UE4     : LogPluginManager: Mounting plugin ScreenshotTools
05-14 18:21:07.043 12844 12979 D UE4     : LogPluginManager: Mounting plugin UObjectPlugin
05-14 18:21:07.044 12844 12979 D UE4     : LogPluginManager: Mounting plugin AnimationSharing
05-14 18:21:07.045 12844 12979 D UE4     : LogPluginManager: Mounting plugin MeshPainting
05-14 18:21:07.046 12844 12979 D UE4     : LogPluginManager: Mounting plugin AISupport
05-14 18:21:07.178 12844 12979 D UE4     : LogInit: Using libcurl 7.46.0
05-14 18:21:07.178 12844 12979 D UE4     : LogInit:  - built for arm-unknown-linux-androideabi
05-14 18:21:07.178 12844 12979 D UE4     : LogInit:  - supports SSL with OpenSSL/1.0.1s
05-14 18:21:07.178 12844 12979 D UE4     : LogInit:  - supports HTTP deflate (compression) using libz 1.2.11
05-14 18:21:07.178 12844 12979 D UE4     : LogInit:  - other features:
05-14 18:21:07.178 12844 12979 D UE4     : LogInit:      CURL_VERSION_SSL
05-14 18:21:07.178 12844 12979 D UE4     : LogInit:      CURL_VERSION_LIBZ
05-14 18:21:07.178 12844 12979 D UE4     : LogInit:      CURL_VERSION_IPV6
05-14 18:21:07.178 12844 12979 D UE4     : LogInit:      CURL_VERSION_ASYNCHDNS
05-14 18:21:07.178 12844 12979 D UE4     : LogInit:      CURL_VERSION_TLSAUTH_SRP
05-14 18:21:07.179 12844 12979 D UE4     : LogInit:  CurlRequestOptions (configurable via config and command line):
05-14 18:21:07.179 12844 12979 D UE4     : LogInit:  - bVerifyPeer = true  - Libcurl will verify peer certificate
05-14 18:21:07.179 12844 12979 D UE4     : LogInit:  - bUseHttpProxy = false  - Libcurl will NOT use HTTP proxy
05-14 18:21:07.179 12844 12979 D UE4     : LogInit:  - bDontReuseConnections = false  - Libcurl will reuse connections
05-14 18:21:07.179 12844 12979 D UE4     : LogInit:  - MaxHostConnections = 16  - Libcurl will limit the number of connections to a host
05-14 18:21:07.179 12844 12979 D UE4     : LogInit:  - LocalHostAddr = Default
05-14 18:21:07.179 12844 12979 D UE4     : LogInit:  - BufferSize = 65536
05-14 18:21:07.180 12844 12979 D UE4     : LogOnline: Display: OSS: OnlineSubsystemGooglePlayModule::StartupModule()
05-14 18:21:07.180 12844 12979 D UE4     : LogOnline: OSS: Creating online subsystem instance for: GooglePlay
05-14 18:21:07.180 12844 12979 D UE4     : LogOnline: Warning: OSS: FOnlineSubsystemGooglePlayModule was disabled
05-14 18:21:07.180 12844 12979 D UE4     : LogOnline: OSS: Unable to create OnlineSubsystem module GooglePlay
05-14 18:21:07.180 12844 12979 D UE4     : LogOnline: OSS: Creating online subsystem instance for: NULL
05-14 18:21:07.181 12844 12979 D UE4     : LogOnline: OSS: TryLoadSubsystemAndSetDefault: Loaded subsystem for module [NULL]
05-14 18:21:07.181 12844 12979 D UE4     : LogOnline: OSS: Creating online subsystem instance for: GooglePlay
05-14 18:21:07.181 12844 12979 D UE4     : LogOnline: Warning: OSS: FOnlineSubsystemGooglePlayModule was disabled
05-14 18:21:07.182 12844 12979 D UE4     : LogHMD: App is not packaged for Oculus Mobile
05-14 18:21:07.182 12844 12979 D UE4     : LogInit: Build: ++UE4+Release-4.25-CL-13144385
05-14 18:21:07.182 12844 12979 D UE4     : LogInit: Engine Version: 4.25.0-13144385+++UE4+Release-4.25
05-14 18:21:07.182 12844 12979 D UE4     : LogInit: Compatible Engine Version: 4.25.0-13144385+++UE4+Release-4.25
05-14 18:21:07.182 12844 12979 D UE4     : LogInit: Net CL: 13144385
05-14 18:21:07.182 12844 12979 D UE4     : LogInit: OS: Android (10), CPU: MI 9, GPU: Adreno (TM) 640
05-14 18:21:07.182 12844 12979 D UE4     : LogInit: Compiled (32-bit): May  2 2020 06:29:56
05-14 18:21:07.182 12844 12979 D UE4     : LogInit: Compiled with Clang: 9.0.8 (https://android.googlesource.com/toolchain/llvm-project e0caee08e5f09b374a27a676d04978c81fcb1928)
05-14 18:21:07.182 12844 12979 D UE4     : LogInit: Build Configuration: Development
05-14 18:21:07.182 12844 12979 D UE4     : LogInit: Branch Name: ++UE4+Release-4.25
05-14 18:21:07.182 12844 12979 D UE4     : LogInit: Command Line:   /Game/MobileStarterContent/Maps/TestMap -Messaging -SessionId=7BB3C94C4C2A44D93675CCB6CB64AD3D -SessionOwner="a021694" -SessionName="Launch On Device" -iterative
05-14 18:21:07.182 12844 12979 D UE4     : LogInit: Base Directory: 
05-14 18:21:07.182 12844 12979 D UE4     : LogInit: Allocator: binned
05-14 18:21:07.182 12844 12979 D UE4     : LogInit: Installed Engine Build: 0
05-14 18:21:07.182 12844 12979 D UE4     : LogDevObjectVersion: Number of dev versions registered: 26
05-14 18:21:07.182 12844 12979 D UE4     : LogDevObjectVersion:   Dev-Blueprints (B0D832E4-1F89-4F0D-ACCF-7EB736FD4AA2): 10
05-14 18:21:07.182 12844 12979 D UE4     : LogDevObjectVersion:   Dev-Build (E1C64328-A22C-4D53-A36C-8E866417BD8C): 0
05-14 18:21:07.182 12844 12979 D UE4     : LogDevObjectVersion:   Dev-Core (375EC13C-06E4-48FB-B500-84F0262A717E): 4
05-14 18:21:07.182 12844 12979 D UE4     : LogDevObjectVersion:   Dev-Editor (E4B068ED-F494-42E9-A231-DA0B2E46BB41): 38
05-14 18:21:07.182 12844 12979 D UE4     : LogDevObjectVersion:   Dev-Framework (CFFC743F-43B0-4480-9391-14DF171D2073): 37
05-14 18:21:07.182 12844 12979 D UE4     : LogDevObjectVersion:   Dev-Mobile (B02B49B5-BB20-44E9-A304-32B752E40360): 2
05-14 18:21:07.182 12844 12979 D UE4     : LogDevObjectVersion:   Dev-Networking (A4E4105C-59A1-49B5-A7C5-40C4547EDFEE): 0
05-14 18:21:07.182 12844 12979 D UE4     : LogDevObjectVersion:   Dev-Online (39C831C9-5AE6-47DC-9A44-9C173E1C8E7C): 0
05-14 18:21:07.182 12844 12979 D UE4     : LogDevObjectVersion:   Dev-Physics (78F01B33-EBEA-4F98-B9B4-84EACCB95AA2): 4
05-14 18:21:07.182 12844 12979 D UE4     : LogDevObjectVersion:   Dev-Platform (6631380F-2D4D-43E0-8009-CF276956A95A): 0
05-14 18:21:07.182 12844 12979 D UE4     : LogDevObjectVersion:   Dev-Rendering (12F88B9F-8875-4AFC-A67C-D90C383ABD29): 43
05-14 18:21:07.183 12844 12979 D UE4     : LogDevObjectVersion:   Dev-Sequencer (7B5AE74C-D270-4C10-A958-57980B212A5A): 12
05-14 18:21:07.183 12844 12979 D UE4     : LogDevObjectVersion:   Dev-VR (D7296918-1DD6-4BDD-9DE2-64A83CC13884): 3
05-14 18:21:07.183 12844 12979 D UE4     : LogDevObjectVersion:   Dev-LoadTimes (C2A15278-BFE7-4AFE-6C17-90FF531DF755): 1
05-14 18:21:07.183 12844 12979 D UE4     : LogDevObjectVersion:   Private-Geometry (6EACA3D4-40EC-4CC1-B786-8BED09428FC5): 3
05-14 18:21:07.183 12844 12979 D UE4     : LogDevObjectVersion:   Dev-AnimPhys (29E575DD-E0A3-4627-9D10-D276232CDCEA): 17
05-14 18:21:07.183 12844 12979 D UE4     : LogDevObjectVersion:   Dev-Anim (AF43A65D-7FD3-4947-9873-3E8ED9C1BB05): 7
05-14 18:21:07.183 12844 12979 D UE4     : LogDevObjectVersion:   Dev-ReflectionCapture (6B266CEC-1EC7-4B8F-A30B-E4D90942FC07): 1
05-14 18:21:07.183 12844 12979 D UE4     : LogDevObjectVersion:   Dev-Automation (0DF73D61-A23F-47EA-B727-89E90C41499A): 1
05-14 18:21:07.183 12844 12979 D UE4     : LogDevObjectVersion:   FortniteMain (601D1886-AC64-4F84-AA16-D3DE0DEAC7D6): 31
05-14 18:21:07.183 12844 12979 D UE4     : LogDevObjectVersion:   Dev-Enterprise (9DFFBCD6-494F-0158-E221-12823C92A888): 10
05-14 18:21:07.183 12844 12979 D UE4     : LogDevObjectVersion:   Dev-Niagara (F2AED0AC-9AFE-416F-8664-AA7FFA26D6FC): 1
05-14 18:21:07.183 12844 12979 D UE4     : LogDevObjectVersion:   Dev-Destruction (174F1F0B-B4C6-45A5-B13F-2EE8D0FB917D): 10
05-14 18:21:07.183 12844 12979 D UE4     : LogDevObjectVersion:   Dev-Physics-Ext (35F94A83-E258-406C-A318-09F59610247C): 37
05-14 18:21:07.183 12844 12979 D UE4     : LogDevObjectVersion:   Dev-PhysicsMaterial-Chaos (B68FC16E-8B1B-42E2-B453-215C058844FE): 1
05-14 18:21:07.183 12844 12979 D UE4     : LogDevObjectVersion:   Dev-CineCamera (B2E18506-4273-CFC2-A54E-F4BB758BBA07): 1
05-14 18:21:07.200 12844 12979 D UE4     : LogInit: Presizing for max 131072 objects, including 1 objects not considered by GC, pre-allocating 0 bytes for permanent pool.
05-14 18:21:07.203 12844 12979 D UE4     : LogConfig: Applying CVar settings from Section [/Script/Engine.StreamingSettings] File [../../../FlowerGame/Saved/Config/Android/Engine.ini]
05-14 18:21:07.203 12844 12979 D UE4     : LogConfig: Setting CVar [[s.MinBulkDataSizeForAsyncLoading:131072]]
05-14 18:21:07.203 12844 12979 D UE4     : LogConfig: Setting CVar [[s.AsyncLoadingThreadEnabled:0]]
05-14 18:21:07.203 12844 12979 D UE4     : LogConfig: Setting CVar [[s.EventDrivenLoaderEnabled:1]]
05-14 18:21:07.203 12844 12979 D UE4     : LogConfig: Setting CVar [[s.WarnIfTimeLimitExceeded:0]]
05-14 18:21:07.203 12844 12979 D UE4     : LogConfig: Setting CVar [[s.TimeLimitExceededMultiplier:1.5]]
05-14 18:21:07.203 12844 12979 D UE4     : LogConfig: Setting CVar [[s.TimeLimitExceededMinTime:0.005]]
05-14 18:21:07.203 12844 12979 D UE4     : LogConfig: Setting CVar [[s.UseBackgroundLevelStreaming:1]]
05-14 18:21:07.203 12844 12979 D UE4     : LogConfig: Setting CVar [[s.PriorityAsyncLoadingExtraTime:15.0]]
05-14 18:21:07.203 12844 12979 D UE4     : LogConfig: Setting CVar [[s.LevelStreamingActorsUpdateTimeLimit:5.0]]
05-14 18:21:07.203 12844 12979 D UE4     : LogConfig: Setting CVar [[s.PriorityLevelStreamingActorsUpdateExtraTime:5.0]]
05-14 18:21:07.203 12844 12979 D UE4     : LogConfig: Setting CVar [[s.LevelStreamingComponentsRegistrationGranularity:10]]
05-14 18:21:07.203 12844 12979 D UE4     : LogConfig: Setting CVar [[s.UnregisterComponentsTimeLimit:1.0]]
05-14 18:21:07.203 12844 12979 D UE4     : LogConfig: Setting CVar [[s.LevelStreamingComponentsUnregistrationGranularity:5]]
05-14 18:21:07.203 12844 12979 D UE4     : LogConfig: Setting CVar [[s.FlushStreamingOnExit:1]]
05-14 18:21:07.204 12844 12979 D UE4     : LogStreaming: Display: Async Loading initialized: Event Driven Loader: true, Async Loading Thread: false, Async Post Load: true
05-14 18:21:07.214 12844 12979 D UE4     : LogInit: Object subsystem initialized
05-14 18:21:07.218 12844 12979 D UE4     : LogConfig: Setting CVar [[con.DebugEarlyDefault:1]]
05-14 18:21:07.218 12844 12979 D UE4     : [2020.05.14-16.21.07:218][  0]LogConfig: Setting CVar [[con.DebugEarlyDefault:1]]
05-14 18:21:07.219 12844 12979 D UE4     : [2020.05.14-16.21.07:219][  0]LogConfig: Applying CVar settings from Section [/Script/Engine.RendererSettings] File [../../../FlowerGame/Saved/Config/Android/Engine.ini]
05-14 18:21:07.219 12844 12979 D UE4     : [2020.05.14-16.21.07:219][  0]LogConfig: Setting CVar [[r.GPUCrashDebugging:0]]
05-14 18:21:07.219 12844 12979 D UE4     : [2020.05.14-16.21.07:219][  0]LogConfig: Setting CVar [[r.MobileHDR:1]]
05-14 18:21:07.219 12844 12979 D UE4     : [2020.05.14-16.21.07:219][  0]LogConfig: Setting CVar [[r.Mobile.DisableVertexFog:1]]
05-14 18:21:07.219 12844 12979 D UE4     : [2020.05.14-16.21.07:219][  0]LogConfig: Setting CVar [[r.Shadow.CSM.MaxMobileCascades:2]]
05-14 18:21:07.219 12844 12979 D UE4     : [2020.05.14-16.21.07:219][  0]LogConfig: Setting CVar [[r.MobileMSAA:1]]
05-14 18:21:07.219 12844 12979 D UE4     : [2020.05.14-16.21.07:219][  0]LogConfig: Setting CVar [[r.Mobile.UseLegacyShadingModel:0]]
05-14 18:21:07.219 12844 12979 D UE4     : [2020.05.14-16.21.07:219][  0]LogConfig: Setting CVar [[r.Mobile.UseHWsRGBEncoding:0]]
05-14 18:21:07.219 12844 12979 D UE4     : [2020.05.14-16.21.07:219][  0]LogConfig: Setting CVar [[r.Mobile.AllowDitheredLODTransition:0]]
05-14 18:21:07.219 12844 12979 D UE4     : [2020.05.14-16.21.07:219][  0]LogConfig: Setting CVar [[r.Mobile.AllowSoftwareOcclusion:0]]
05-14 18:21:07.219 12844 12979 D UE4     : [2020.05.14-16.21.07:219][  0]LogConfig: Setting CVar [[r.DiscardUnusedQuality:0]]
05-14 18:21:07.219 12844 12979 D UE4     : [2020.05.14-16.21.07:219][  0]LogConfig: Setting CVar [[r.AllowOcclusionQueries:1]]
05-14 18:21:07.219 12844 12979 D UE4     : [2020.05.14-16.21.07:219][  0]LogConfig: Setting CVar [[r.MinScreenRadiusForLights:0.030000]]
05-14 18:21:07.219 12844 12979 D UE4     : [2020.05.14-16.21.07:219][  0]LogConfig: Setting CVar [[r.MinScreenRadiusForDepthPrepass:0.030000]]
05-14 18:21:07.219 12844 12979 D UE4     : [2020.05.14-16.21.07:219][  0]LogConfig: Setting CVar [[r.MinScreenRadiusForCSMDepth:0.010000]]
05-14 18:21:07.219 12844 12979 D UE4     : [2020.05.14-16.21.07:219][  0]LogConfig: Setting CVar [[r.PrecomputedVisibilityWarning:0]]
05-14 18:21:07.219 12844 12979 D UE4     : [2020.05.14-16.21.07:219][  0]LogConfig: Setting CVar [[r.TextureStreaming:1]]
05-14 18:21:07.219 12844 12979 D UE4     : [2020.05.14-16.21.07:219][  0]LogConfig: Setting CVar [[Compat.UseDXT5NormalMaps:0]]
05-14 18:21:07.219 12844 12979 D UE4     : [2020.05.14-16.21.07:219][  0]LogConfig: Setting CVar [[r.VirtualTextures:0]]
05-14 18:21:07.219 12844 12979 D UE4     : [2020.05.14-16.21.07:219][  0]LogConfig: Setting CVar [[r.VirtualTexturedLightmaps:0]]
05-14 18:21:07.219 12844 12979 D UE4     : [2020.05.14-16.21.07:219][  0]LogConfig: Setting CVar [[r.VT.TileSize:128]]
05-14 18:21:07.219 12844 12979 D UE4     : [2020.05.14-16.21.07:219][  0]LogConfig: Setting CVar [[r.VT.TileBorderSize:4]]
05-14 18:21:07.219 12844 12979 D UE4     : [2020.05.14-16.21.07:219][  0]LogConfig: Setting CVar [[r.vt.FeedbackFactor:16]]
05-14 18:21:07.219 12844 12979 D UE4     : [2020.05.14-16.21.07:219][  0]LogConfig: Setting CVar [[r.VT.EnableCompressZlib:1]]
05-14 18:21:07.219 12844 12979 D UE4     : [2020.05.14-16.21.07:219][  0]LogConfig: Setting CVar [[r.VT.EnableCompressCrunch:0]]
05-14 18:21:07.219 12844 12979 D UE4     : [2020.05.14-16.21.07:219][  0]LogConfig: Setting CVar [[r.ClearCoatNormal:0]]
05-14 18:21:07.219 12844 12979 D UE4     : [2020.05.14-16.21.07:219][  0]LogConfig: Setting CVar [[r.ReflectionCaptureResolution:128]]
05-14 18:21:07.219 12844 12979 D UE4     : [2020.05.14-16.21.07:219][  0]LogConfig: Setting CVar [[r.ReflectionEnvironmentLightmapMixBasedOnRoughness:1]]
05-14 18:21:07.219 12844 12979 D UE4     : [2020.05.14-16.21.07:219][  0]LogConfig: Setting CVar [[r.ForwardShading:0]]
05-14 18:21:07.220 12844 12979 D UE4     : [2020.05.14-16.21.07:219][  0]LogConfig: Setting CVar [[r.VertexFoggingForOpaque:1]]
05-14 18:21:07.220 12844 12979 D UE4     : [2020.05.14-16.21.07:220][  0]LogConfig: Setting CVar [[r.AllowStaticLighting:1]]
05-14 18:21:07.220 12844 12979 D UE4     : [2020.05.14-16.21.07:220][  0]LogConfig: Setting CVar [[r.NormalMapsForStaticLighting:0]]
05-14 18:21:07.220 12844 12979 D UE4     : [2020.05.14-16.21.07:220][  0]LogConfig: Setting CVar [[r.GenerateMeshDistanceFields:0]]
05-14 18:21:07.220 12844 12979 D UE4     : [2020.05.14-16.21.07:220][  0]LogConfig: Setting CVar [[r.DistanceFieldBuild.EightBit:0]]
05-14 18:21:07.220 12844 12979 D UE4     : [2020.05.14-16.21.07:220][  0]LogConfig: Setting CVar [[r.GenerateLandscapeGIData:0]]
05-14 18:21:07.220 12844 12979 D UE4     : [2020.05.14-16.21.07:220][  0]LogConfig: Setting CVar [[r.DistanceFieldBuild.Compress:0]]
05-14 18:21:07.220 12844 12979 D UE4     : [2020.05.14-16.21.07:220][  0]LogConfig: Setting CVar [[r.TessellationAdaptivePixelsPerTriangle:48.000000]]
05-14 18:21:07.220 12844 12979 D UE4     : [2020.05.14-16.21.07:220][  0]LogConfig: Setting CVar [[r.SeparateTranslucency:0]]
05-14 18:21:07.220 12844 12979 D UE4     : [2020.05.14-16.21.07:220][  0]LogConfig: Setting CVar [[r.TranslucentSortPolicy:0]]
05-14 18:21:07.220 12844 12979 D UE4     : [2020.05.14-16.21.07:220][  0]LogConfig: Setting CVar [[r.CustomDepth:1]]
05-14 18:21:07.220 12844 12979 D UE4     : [2020.05.14-16.21.07:220][  0]LogConfig: Setting CVar [[r.CustomDepthTemporalAAJitter:1]]
05-14 18:21:07.220 12844 12979 D UE4     : [2020.05.14-16.21.07:220][  0]LogConfig: Setting CVar [[r.PostProcessing.PropagateAlpha:0]]
05-14 18:21:07.220 12844 12979 D UE4     : [2020.05.14-16.21.07:220][  0]LogConfig: Setting CVar [[r.DefaultFeature.Bloom:1]]
05-14 18:21:07.220 12844 12979 D UE4     : [2020.05.14-16.21.07:220][  0]LogConfig: Setting CVar [[r.DefaultFeature.AmbientOcclusion:0]]
05-14 18:21:07.220 12844 12979 D UE4     : [2020.05.14-16.21.07:220][  0]LogConfig: Setting CVar [[r.DefaultFeature.AmbientOcclusionStaticFraction:1]]
05-14 18:21:07.220 12844 12979 D UE4     : [2020.05.14-16.21.07:220][  0]LogConfig: Setting CVar [[r.DefaultFeature.AutoExposure:0]]
05-14 18:21:07.220 12844 12979 D UE4     : [2020.05.14-16.21.07:220][  0]LogConfig: Setting CVar [[r.DefaultFeature.AutoExposure.Method:0]]
05-14 18:21:07.220 12844 12979 D UE4     : [2020.05.14-16.21.07:220][  0]LogConfig: Setting CVar [[r.DefaultFeature.AutoExposure.ExtendDefaultLuminanceRange:0]]
05-14 18:21:07.220 12844 12979 D UE4     : [2020.05.14-16.21.07:220][  0]LogConfig: Setting CVar [[r.UsePreExposure:1]]
05-14 18:21:07.220 12844 12979 D UE4     : [2020.05.14-16.21.07:220][  0]LogConfig: Setting CVar [[r.EyeAdaptation.EditorOnly:1]]
05-14 18:21:07.220 12844 12979 D UE4     : [2020.05.14-16.21.07:220][  0]LogConfig: Setting CVar [[r.DefaultFeature.MotionBlur:0]]
05-14 18:21:07.220 12844 12979 D UE4     : [2020.05.14-16.21.07:220][  0]LogConfig: Setting CVar [[r.DefaultFeature.LensFlare:0]]
05-14 18:21:07.220 12844 12979 D UE4     : [2020.05.14-16.21.07:220][  0]LogConfig: Setting CVar [[r.TemporalAA.Upsampling:0]]
05-14 18:21:07.220 12844 12979 D UE4     : [2020.05.14-16.21.07:220][  0]LogConfig: Setting CVar [[r.SSGI.Enable:0]]
05-14 18:21:07.220 12844 12979 D UE4     : [2020.05.14-16.21.07:220][  0]LogConfig: Setting CVar [[r.DefaultFeature.AntiAliasing:0]]
05-14 18:21:07.220 12844 12979 D UE4     : [2020.05.14-16.21.07:220][  0]LogConfig: Setting CVar [[r.DefaultFeature.LightUnits:1]]
05-14 18:21:07.220 12844 12979 D UE4     : [2020.05.14-16.21.07:220][  0]LogConfig: Setting CVar [[r.DefaultBackBufferPixelFormat:4]]
05-14 18:21:07.220 12844 12979 D UE4     : [2020.05.14-16.21.07:220][  0]LogConfig: Setting CVar [[r.Shadow.UnbuiltPreviewInGame:1]]
05-14 18:21:07.220 12844 12979 D UE4     : [2020.05.14-16.21.07:220][  0]LogConfig: Setting CVar [[r.StencilForLODDither:0]]
05-14 18:21:07.221 12844 12979 D UE4     : [2020.05.14-16.21.07:221][  0]LogConfig: Setting CVar [[r.EarlyZPass:3]]
05-14 18:21:07.221 12844 12979 D UE4     : [2020.05.14-16.21.07:221][  0]LogConfig: Setting CVar [[r.EarlyZPassOnlyMaterialMasking:0]]
05-14 18:21:07.221 12844 12979 D UE4     : [2020.05.14-16.21.07:221][  0]LogConfig: Setting CVar [[r.DBuffer:1]]
05-14 18:21:07.221 12844 12979 D UE4     : [2020.05.14-16.21.07:221][  0]LogConfig: Setting CVar [[r.ClearSceneMethod:1]]
05-14 18:21:07.221 12844 12979 D UE4     : [2020.05.14-16.21.07:221][  0]LogConfig: Setting CVar [[r.BasePassOutputsVelocity:0]]
05-14 18:21:07.221 12844 12979 D UE4     : [2020.05.14-16.21.07:221][  0]LogConfig: Setting CVar [[r.SelectiveBasePassOutputs:0]]
05-14 18:21:07.221 12844 12979 D UE4     : [2020.05.14-16.21.07:221][  0]LogConfig: Setting CVar [[fx.GPUSimulationTextureSizeX:1024]]
05-14 18:21:07.221 12844 12979 D UE4     : [2020.05.14-16.21.07:221][  0]LogConfig: Setting CVar [[fx.GPUSimulationTextureSizeY:1024]]
05-14 18:21:07.221 12844 12979 D UE4     : [2020.05.14-16.21.07:221][  0]LogConfig: Setting CVar [[r.AllowGlobalClipPlane:0]]
05-14 18:21:07.221 12844 12979 D UE4     : [2020.05.14-16.21.07:221][  0]LogConfig: Setting CVar [[r.GBufferFormat:1]]
05-14 18:21:07.221 12844 12979 D UE4     : [2020.05.14-16.21.07:221][  0]LogConfig: Setting CVar [[r.MorphTarget.Mode:1]]
05-14 18:21:07.221 12844 12979 D UE4     : [2020.05.14-16.21.07:221][  0]LogConfig: Setting CVar [[vr.InstancedStereo:0]]
05-14 18:21:07.221 12844 12979 D UE4     : [2020.05.14-16.21.07:221][  0]LogConfig: Setting CVar [[vr.MobileMultiView:0]]
05-14 18:21:07.221 12844 12979 D UE4     : [2020.05.14-16.21.07:221][  0]LogConfig: Setting CVar [[vr.RoundRobinOcclusion:0]]
05-14 18:21:07.221 12844 12979 D UE4     : [2020.05.14-16.21.07:221][  0]LogConfig: Setting CVar [[vr.ODSCapture:0]]
05-14 18:21:07.221 12844 12979 D UE4     : [2020.05.14-16.21.07:221][  0]LogConfig: Setting CVar [[r.WireframeCullThreshold:5.000000]]
05-14 18:21:07.221 12844 12979 D UE4     : [2020.05.14-16.21.07:221][  0]LogConfig: Setting CVar [[r.RayTracing:0]]
05-14 18:21:07.221 12844 12979 D UE4     : [2020.05.14-16.21.07:221][  0]LogConfig: Setting CVar [[r.RayTracing.UseTextureLod:0]]
05-14 18:21:07.221 12844 12979 D UE4     : [2020.05.14-16.21.07:221][  0]LogConfig: Setting CVar [[r.SupportStationarySkylight:1]]
05-14 18:21:07.221 12844 12979 D UE4     : [2020.05.14-16.21.07:221][  0]LogConfig: Setting CVar [[r.SupportLowQualityLightmaps:1]]
05-14 18:21:07.221 12844 12979 D UE4     : [2020.05.14-16.21.07:221][  0]LogConfig: Setting CVar [[r.SupportPointLightWholeSceneShadows:1]]
05-14 18:21:07.221 12844 12979 D UE4     : [2020.05.14-16.21.07:221][  0]LogConfig: Setting CVar [[r.SupportAtmosphericFog:1]]
05-14 18:21:07.221 12844 12979 D UE4     : [2020.05.14-16.21.07:221][  0]LogConfig: Setting CVar [[r.SupportSkyAtmosphere:1]]
05-14 18:21:07.221 12844 12979 D UE4     : [2020.05.14-16.21.07:221][  0]LogConfig: Setting CVar [[r.SupportSkyAtmosphereAffectsHeightFog:0]]
05-14 18:21:07.221 12844 12979 D UE4     : [2020.05.14-16.21.07:221][  0]LogConfig: Setting CVar [[r.SkinCache.CompileShaders:0]]
05-14 18:21:07.221 12844 12979 D UE4     : [2020.05.14-16.21.07:221][  0]LogConfig: Setting CVar [[r.Mobile.EnableStaticAndCSMShadowReceivers:1]]
05-14 18:21:07.221 12844 12979 D UE4     : [2020.05.14-16.21.07:221][  0]LogConfig: Setting CVar [[r.Mobile.EnableMovableLightCSMShaderCulling:1]]
05-14 18:21:07.222 12844 12979 D UE4     : [2020.05.14-16.21.07:222][  0]LogConfig: Setting CVar [[r.Mobile.AllowDistanceFieldShadows:1]]
05-14 18:21:07.222 12844 12979 D UE4     : [2020.05.14-16.21.07:222][  0]LogConfig: Setting CVar [[r.Mobile.AllowMovableDirectionalLights:1]]
05-14 18:21:07.222 12844 12979 D UE4     : [2020.05.14-16.21.07:222][  0]LogConfig: Setting CVar [[r.MobileNumDynamicPointLights:4]]
05-14 18:21:07.222 12844 12979 D UE4     : [2020.05.14-16.21.07:222][  0]LogConfig: Setting CVar [[r.MobileDynamicPointLightsUseStaticBranch:1]]
05-14 18:21:07.222 12844 12979 D UE4     : [2020.05.14-16.21.07:222][  0]LogConfig: Setting CVar [[r.Mobile.EnableMovableSpotlights:0]]
05-14 18:21:07.222 12844 12979 D UE4     : [2020.05.14-16.21.07:222][  0]LogConfig: Setting CVar [[r.SkinCache.SceneMemoryLimitInMB:128.000000]]
05-14 18:21:07.222 12844 12979 D UE4     : [2020.05.14-16.21.07:222][  0]LogConfig: Setting CVar [[r.GPUSkin.Limit2BoneInfluences:0]]
05-14 18:21:07.222 12844 12979 D UE4     : [2020.05.14-16.21.07:222][  0]LogConfig: Setting CVar [[r.SupportDepthOnlyIndexBuffers:1]]
05-14 18:21:07.222 12844 12979 D UE4     : [2020.05.14-16.21.07:222][  0]LogConfig: Setting CVar [[r.SupportReversedIndexBuffers:1]]
05-14 18:21:07.222 12844 12979 D UE4     : [2020.05.14-16.21.07:222][  0]LogConfig: Setting CVar [[r.SupportMaterialLayers:0]]
05-14 18:21:07.222 12844 12979 D UE4     : [2020.05.14-16.21.07:222][  0]LogConfig: Setting CVar [[r.LightPropagationVolume:0]]
05-14 18:21:07.222 12844 12979 D UE4     : [2020.05.14-16.21.07:222][  0]LogConfig: Applying CVar settings from Section [/Script/Engine.RendererOverrideSettings] File [../../../FlowerGame/Saved/Config/Android/Engine.ini]
05-14 18:21:07.222 12844 12979 D UE4     : [2020.05.14-16.21.07:222][  0]LogConfig: Applying CVar settings from Section [/Script/Engine.StreamingSettings] File [../../../FlowerGame/Saved/Config/Android/Engine.ini]
05-14 18:21:07.222 12844 12979 D UE4     : [2020.05.14-16.21.07:222][  0]LogConfig: Setting CVar [[s.MinBulkDataSizeForAsyncLoading:131072]]
05-14 18:21:07.222 12844 12979 D UE4     : [2020.05.14-16.21.07:222][  0]LogConfig: Setting CVar [[s.AsyncLoadingThreadEnabled:0]]
05-14 18:21:07.222 12844 12979 D UE4     : [2020.05.14-16.21.07:222][  0]LogConfig: Setting CVar [[s.EventDrivenLoaderEnabled:1]]
05-14 18:21:07.222 12844 12979 D UE4     : [2020.05.14-16.21.07:222][  0]LogConfig: Setting CVar [[s.WarnIfTimeLimitExceeded:0]]
05-14 18:21:07.222 12844 12979 D UE4     : [2020.05.14-16.21.07:222][  0]LogConfig: Setting CVar [[s.TimeLimitExceededMultiplier:1.5]]
05-14 18:21:07.222 12844 12979 D UE4     : [2020.05.14-16.21.07:222][  0]LogConfig: Setting CVar [[s.TimeLimitExceededMinTime:0.005]]
05-14 18:21:07.222 12844 12979 D UE4     : [2020.05.14-16.21.07:222][  0]LogConfig: Setting CVar [[s.UseBackgroundLevelStreaming:1]]
05-14 18:21:07.222 12844 12979 D UE4     : [2020.05.14-16.21.07:222][  0]LogConfig: Setting CVar [[s.PriorityAsyncLoadingExtraTime:15.0]]
05-14 18:21:07.222 12844 12979 D UE4     : [2020.05.14-16.21.07:222][  0]LogConfig: Setting CVar [[s.LevelStreamingActorsUpdateTimeLimit:5.0]]
05-14 18:21:07.222 12844 12979 D UE4     : [2020.05.14-16.21.07:222][  0]LogConfig: Setting CVar [[s.PriorityLevelStreamingActorsUpdateExtraTime:5.0]]
05-14 18:21:07.222 12844 12979 D UE4     : [2020.05.14-16.21.07:222][  0]LogConfig: Setting CVar [[s.LevelStreamingComponentsRegistrationGranularity:10]]
05-14 18:21:07.222 12844 12979 D UE4     : [2020.05.14-16.21.07:222][  0]LogConfig: Setting CVar [[s.UnregisterComponentsTimeLimit:1.0]]
05-14 18:21:07.222 12844 12979 D UE4     : [2020.05.14-16.21.07:222][  0]LogConfig: Setting CVar [[s.LevelStreamingComponentsUnregistrationGranularity:5]]
05-14 18:21:07.222 12844 12979 D UE4     : [2020.05.14-16.21.07:222][  0]LogConfig: Setting CVar [[s.FlushStreamingOnExit:1]]
05-14 18:21:07.223 12844 12979 D UE4     : [2020.05.14-16.21.07:222][  0]LogConfig: Applying CVar settings from Section [/Script/Engine.GarbageCollectionSettings] File [../../../FlowerGame/Saved/Config/Android/Engine.ini]
05-14 18:21:07.223 12844 12979 D UE4     : [2020.05.14-16.21.07:223][  0]LogConfig: Setting CVar [[gc.MaxObjectsNotConsideredByGC:1]]
05-14 18:21:07.223 12844 12979 D UE4     : [2020.05.14-16.21.07:223][  0]LogConfig: Setting CVar [[gc.SizeOfPermanentObjectPool:0]]
05-14 18:21:07.223 12844 12979 D UE4     : [2020.05.14-16.21.07:223][  0]LogConfig: Setting CVar [[gc.FlushStreamingOnGC:0]]
05-14 18:21:07.223 12844 12979 D UE4     : [2020.05.14-16.21.07:223][  0]LogConfig: Setting CVar [[gc.NumRetriesBeforeForcingGC:10]]
05-14 18:21:07.223 12844 12979 D UE4     : [2020.05.14-16.21.07:223][  0]LogConfig: Setting CVar [[gc.AllowParallelGC:1]]
05-14 18:21:07.223 12844 12979 D UE4     : [2020.05.14-16.21.07:223][  0]LogConfig: Setting CVar [[gc.TimeBetweenPurgingPendingKillObjects:61.1]]
05-14 18:21:07.223 12844 12979 D UE4     : [2020.05.14-16.21.07:223][  0]LogConfig: Setting CVar [[gc.MaxObjectsInEditor:25165824]]
05-14 18:21:07.223 12844 12979 D UE4     : [2020.05.14-16.21.07:223][  0]LogConfig: Setting CVar [[gc.IncrementalBeginDestroyEnabled:1]]
05-14 18:21:07.223 12844 12979 D UE4     : [2020.05.14-16.21.07:223][  0]LogConfig: Setting CVar [[gc.CreateGCClusters:1]]
05-14 18:21:07.223 12844 12979 D UE4     : [2020.05.14-16.21.07:223][  0]LogConfig: Setting CVar [[gc.MinGCClusterSize:5]]
05-14 18:21:07.223 12844 12979 D UE4     : [2020.05.14-16.21.07:223][  0]LogConfig: Setting CVar [[gc.ActorClusteringEnabled:0]]
05-14 18:21:07.223 12844 12979 D UE4     : [2020.05.14-16.21.07:223][  0]LogConfig: Setting CVar [[gc.BlueprintClusteringEnabled:0]]
05-14 18:21:07.223 12844 12979 D UE4     : [2020.05.14-16.21.07:223][  0]LogConfig: Setting CVar [[gc.UseDisregardForGCOnDedicatedServers:0]]
05-14 18:21:07.223 12844 12979 D UE4     : [2020.05.14-16.21.07:223][  0]LogConfig: Setting CVar [[gc.MaxObjectsInGame:131072]]
05-14 18:21:07.223 12844 12979 D UE4     : [2020.05.14-16.21.07:223][  0]LogConfig: Applying CVar settings from Section [/Script/Engine.NetworkSettings] File [../../../FlowerGame/Saved/Config/Android/Engine.ini]
05-14 18:21:07.223 12844 12979 D UE4     : [2020.05.14-16.21.07:223][  0]LogAndroid: Mobile HDR: YES
05-14 18:21:07.223 12844 12979 D UE4     : [2020.05.14-16.21.07:223][  0]LogAndroidWindowUtils: Setting Width=1504 and Height=720 (requested scale = 1.000000)
05-14 18:21:07.223 12844 12979 D UE4     : [2020.05.14-16.21.07:223][  0]LogConfig: Applying CVar settings from Section [ViewDistanceQuality@3] File [../../../FlowerGame/Saved/Config/Android/Scalability.ini]
05-14 18:21:07.223 12844 12979 D UE4     : [2020.05.14-16.21.07:223][  0]LogConfig: Setting CVar [[r.SkeletalMeshLODBias:0]]
05-14 18:21:07.224 12844 12979 D UE4     : [2020.05.14-16.21.07:224][  0]LogConfig: Setting CVar [[r.ViewDistanceScale:1.0]]
05-14 18:21:07.224 12844 12979 D UE4     : [2020.05.14-16.21.07:224][  0]LogConfig: Setting CVar [[r.NeverOcclusionTestDistance:2000]]
05-14 18:21:07.224 12844 12979 D UE4     : [2020.05.14-16.21.07:224][  0]LogConfig: Applying CVar settings from Section [AntiAliasingQuality@3] File [../../../FlowerGame/Saved/Config/Android/Scalability.ini]
05-14 18:21:07.224 12844 12979 D UE4     : [2020.05.14-16.21.07:224][  0]LogConfig: Setting CVar [[r.PostProcessAAQuality:4]]
05-14 18:21:07.224 12844 12979 D UE4     : [2020.05.14-16.21.07:224][  0]LogConfig: Applying CVar settings from Section [ShadowQuality@3] File [../../../FlowerGame/Saved/Config/Android/Scalability.ini]
05-14 18:21:07.224 12844 12979 D UE4     : [2020.05.14-16.21.07:224][  0]LogConfig: Setting CVar [[r.LightFunctionQuality:1]]
05-14 18:21:07.224 12844 12979 D UE4     : [2020.05.14-16.21.07:224][  0]LogConfig: Setting CVar [[r.ShadowQuality:2]]
05-14 18:21:07.224 12844 12979 D UE4     : [2020.05.14-16.21.07:224][  0]LogConfig: Setting CVar [[r.Shadow.CSM.MaxCascades:2]]
05-14 18:21:07.224 12844 12979 D UE4     : [2020.05.14-16.21.07:224][  0]LogConfig: Setting CVar [[r.Shadow.MaxResolution:2048]]
05-14 18:21:07.224 12844 12979 D UE4     : [2020.05.14-16.21.07:224][  0]LogConfig: Setting CVar [[r.Shadow.MaxCSMResolution:2048]]
05-14 18:21:07.224 12844 12979 D UE4     : [2020.05.14-16.21.07:224][  0]LogConfig: Setting CVar [[r.Shadow.RadiusThreshold:0.06]]
05-14 18:21:07.224 12844 12979 D UE4     : [2020.05.14-16.21.07:224][  0]LogConfig: Setting CVar [[r.Shadow.DistanceScale:1.0]]
05-14 18:21:07.224 12844 12979 D UE4     : [2020.05.14-16.21.07:224][  0]LogConfig: Setting CVar [[r.Shadow.CSM.TransitionScale:1.0]]
05-14 18:21:07.224 12844 12979 D UE4     : [2020.05.14-16.21.07:224][  0]LogConfig: Setting CVar [[r.Shadow.PreShadowResolutionFactor:1.0]]
05-14 18:21:07.224 12844 12979 D UE4     : [2020.05.14-16.21.07:224][  0]LogConfig: Setting CVar [[r.DistanceFieldShadowing:1]]
05-14 18:21:07.224 12844 12979 D UE4     : [2020.05.14-16.21.07:224][  0]LogConfig: Setting CVar [[r.DistanceFieldAO:1]]
05-14 18:21:07.224 12844 12979 D UE4     : [2020.05.14-16.21.07:224][  0]LogConfig: Setting CVar [[r.AOQuality:2]]
05-14 18:21:07.224 12844 12979 D UE4     : [2020.05.14-16.21.07:224][  0]LogConfig: Setting CVar [[r.VolumetricFog:1]]
05-14 18:21:07.224 12844 12979 D UE4     : [2020.05.14-16.21.07:224][  0]LogConfig: Setting CVar [[r.VolumetricFog.GridPixelSize:8]]
05-14 18:21:07.224 12844 12979 D UE4     : [2020.05.14-16.21.07:224][  0]LogConfig: Setting CVar [[r.VolumetricFog.GridSizeZ:128]]
05-14 18:21:07.224 12844 12979 D UE4     : [2020.05.14-16.21.07:224][  0]LogConfig: Setting CVar [[r.VolumetricFog.HistoryMissSupersampleCount:4]]
05-14 18:21:07.224 12844 12979 D UE4     : [2020.05.14-16.21.07:224][  0]LogConfig: Setting CVar [[r.LightMaxDrawDistanceScale:1]]
05-14 18:21:07.224 12844 12979 D UE4     : [2020.05.14-16.21.07:224][  0]LogConfig: Setting CVar [[r.CapsuleShadows:1]]
05-14 18:21:07.224 12844 12979 D UE4     : [2020.05.14-16.21.07:224][  0]LogConfig: Applying CVar settings from Section [PostProcessQuality@3] File [../../../FlowerGame/Saved/Config/Android/Scalability.ini]
05-14 18:21:07.224 12844 12979 D UE4     : [2020.05.14-16.21.07:224][  0]LogConfig: Setting CVar [[r.MotionBlurQuality:4]]
05-14 18:21:07.225 12844 12979 D UE4     : [2020.05.14-16.21.07:225][  0]LogConfig: Setting CVar [[r.AmbientOcclusionMipLevelFactor:0.4]]
05-14 18:21:07.225 12844 12979 D UE4     : [2020.05.14-16.21.07:225][  0]LogConfig: Setting CVar [[r.AmbientOcclusionMaxQuality:100]]
05-14 18:21:07.225 12844 12979 D UE4     : [2020.05.14-16.21.07:225][  0]LogConfig: Setting CVar [[r.AmbientOcclusionLevels:-1]]
05-14 18:21:07.225 12844 12979 D UE4     : [2020.05.14-16.21.07:225][  0]LogConfig: Setting CVar [[r.AmbientOcclusionRadiusScale:1.0]]
05-14 18:21:07.225 12844 12979 D UE4     : [2020.05.14-16.21.07:225][  0]LogConfig: Setting CVar [[r.DepthOfFieldQuality:1]]
05-14 18:21:07.225 12844 12979 D UE4     : [2020.05.14-16.21.07:225][  0]LogConfig: Setting CVar [[r.RenderTargetPoolMin:400]]
05-14 18:21:07.225 12844 12979 D UE4     : [2020.05.14-16.21.07:225][  0]LogConfig: Setting CVar [[r.LensFlareQuality:2]]
05-14 18:21:07.225 12844 12979 D UE4     : [2020.05.14-16.21.07:225][  0]LogConfig: Setting CVar [[r.SceneColorFringeQuality:1]]
05-14 18:21:07.225 12844 12979 D UE4     : [2020.05.14-16.21.07:225][  0]LogConfig: Setting CVar [[r.EyeAdaptationQuality:2]]
05-14 18:21:07.225 12844 12979 D UE4     : [2020.05.14-16.21.07:225][  0]LogConfig: Setting CVar [[r.BloomQuality:1]]
