--------- beginning of main
05-13 15:50:20.870 30329 30329 E libc    : Access denied finding property "ro.vendor.display.type"
05-13 15:50:20.872   561   561 I hwservicemanager: getTransport: Cannot find entry vendor.qti.hardware.servicetracker@1.0::IServicetracker/default in either framework or device manifest.
05-13 15:50:20.873  1620 11866 D CompatibilityInfo: mCompatibilityFlags - 0
05-13 15:50:20.873  1620 11866 D CompatibilityInfo: applicationDensity - 440
05-13 15:50:20.873  1620 11866 D CompatibilityInfo: applicationScale - 1.0
05-13 15:50:20.874   561   561 I hwservicemanager: getTransport: Cannot find entry vendor.qti.hardware.servicetracker@1.0::IServicetracker/default in either framework or device manifest.
05-13 15:50:20.877 30329 30329 D miuisdk : current sdk level is 19
05-13 15:50:20.877 30329 30329 I miuisdk : initialize without hook
05-13 15:50:20.878  1620 11866 D CompatibilityInfo: mCompatibilityFlags - 0
05-13 15:50:20.878  1620 11866 D CompatibilityInfo: applicationDensity - 440
05-13 15:50:20.878  1620 11866 D CompatibilityInfo: applicationScale - 1.0
05-13 15:50:20.879   561   561 I hwservicemanager: getTransport: Cannot find entry vendor.qti.hardware.servicetracker@1.0::IServicetracker/default in either framework or device manifest.
05-13 15:50:20.881  3912  4752 I Icing   : IndexChimeraService.getServiceInterface callingPackage=com.google.android.gms componentName=AppsCorpus serviceId=36
05-13 15:50:20.885   561   561 I hwservicemanager: getTransport: Cannot find entry vendor.qti.hardware.servicetracker@1.0::IServicetracker/default in either framework or device manifest.
05-13 15:50:20.886  1620 11866 D CompatibilityInfo: mCompatibilityFlags - 0
05-13 15:50:20.886  1620 11866 D CompatibilityInfo: applicationDensity - 440
05-13 15:50:20.886  1620 11866 D CompatibilityInfo: applicationScale - 1.0
05-13 15:50:20.887   561   561 I hwservicemanager: getTransport: Cannot find entry vendor.qti.hardware.servicetracker@1.0::IServicetracker/default in either framework or device manifest.
05-13 15:50:20.891   561   561 I hwservicemanager: getTransport: Cannot find entry vendor.qti.hardware.servicetracker@1.0::IServicetracker/default in either framework or device manifest.
05-13 15:50:20.894  3912 18630 I GmsCoreXrpcWrapper: Returning a channel provider with trafficStatsTag=12803
05-13 15:50:20.894 21528 30320 I Finsky  : [2179] lsh.run(16): Frosting DB delete succeeded: true
05-13 15:50:20.900   561   561 I hwservicemanager: getTransport: Cannot find entry vendor.qti.hardware.servicetracker@1.0::IServicetracker/default in either framework or device manifest.
05-13 15:50:20.901  1620  1674 D CompatibilityInfo: mCompatibilityFlags - 0
05-13 15:50:20.901  1620  1674 D CompatibilityInfo: applicationDensity - 440
05-13 15:50:20.901  1620  1674 D CompatibilityInfo: applicationScale - 1.0
05-13 15:50:20.902   561   561 I hwservicemanager: getTransport: Cannot find entry vendor.qti.hardware.servicetracker@1.0::IServicetracker/default in either framework or device manifest.
05-13 15:50:20.904 21528 21693 I Finsky  : [2158] nur.b(27): IQ: No matching installs to run for jobs: []
05-13 15:50:20.904   561   561 I hwservicemanager: getTransport: Cannot find entry vendor.qti.hardware.servicetracker@1.0::IServicetracker/default in either framework or device manifest.
05-13 15:50:20.905 30329 30329 W Linkify.v16: reflect applyLink failed: 
05-13 15:50:20.905 30329 30329 W Linkify.v16: miui.reflect.NoSuchMethodException: Couldn't find method android/text/util/Linkify.applyLink(Ljava/lang/String;IILandroid/text/Spannable;)V
05-13 15:50:20.905 30329 30329 W Linkify.v16: 	at com.miui.internal.os.Native.getMethod(Native Method)
05-13 15:50:20.905 30329 30329 W Linkify.v16: 	at miui.reflect.Method.of(Method.java:35)
05-13 15:50:20.905 30329 30329 W Linkify.v16: 	at com.miui.internal.variable.v16.Android_Text_Util_Linkify_class.<clinit>(Android_Text_Util_Linkify_class.java:70)
05-13 15:50:20.905 30329 30329 W Linkify.v16: 	at java.lang.Class.classForName(Native Method)
05-13 15:50:20.905 30329 30329 W Linkify.v16: 	at java.lang.Class.forName(Class.java:454)
05-13 15:50:20.905 30329 30329 W Linkify.v16: 	at java.lang.Class.forName(Class.java:379)
05-13 15:50:20.905 30329 30329 W Linkify.v16: 	at com.miui.internal.variable.AbsClassFactory.create(AbsClassFactory.java:24)
05-13 15:50:20.905 30329 30329 W Linkify.v16: 	at com.miui.internal.variable.Android_Text_Util_Linkify_class$Factory.<init>(Android_Text_Util_Linkify_class.java:40)
05-13 15:50:20.905 30329 30329 W Linkify.v16: 	at com.miui.internal.variable.Android_Text_Util_Linkify_class$Factory.<init>(Android_Text_Util_Linkify_class.java:26)
05-13 15:50:20.905 30329 30329 W Linkify.v16: 	at com.miui.internal.variable.Android_Text_Util_Linkify_class$Factory$1.createInstance(Android_Text_Util_Linkify_class.java:32)
05-13 15:50:20.905 30329 30329 W Linkify.v16: 	at com.miui.internal.variable.Android_Text_Util_Linkify_class$Factory$1.createInstance(Android_Text_Util_Linkify_class.java:29)
05-13 15:50:20.905 30329 30329 W Linkify.v16: 	at miui.util.SoftReferenceSingleton.get(SoftReferenceSingleton.java:25)
05-13 15:50:20.905 30329 30329 W Linkify.v16: 	at com.miui.internal.variable.Android_Text_Util_Linkify_class$Factory.getInstance(Android_Text_Util_Linkify_class.java:44)
05-13 15:50:20.905 30329 30329 W Linkify.v16: 	at com.miui.internal.initialization.OverrideHelper.doInitialize(OverrideHelper.java:37)
05-13 15:50:20.905 30329 30329 W Linkify.v16: 	at miui.core.SdkManager.initialize(SdkManager.java:99)
05-13 15:50:20.905 30329 30329 W Linkify.v16: 	at java.lang.reflect.Method.invoke(Native Method)
05-13 15:50:20.905 30329 30329 W Linkify.v16: 	at miui.external.Application.e(Application.java:4)
05-13 15:50:20.905 30329 30329 W Linkify.v16: 	at miui.external.Application.<init>(Application.java:3)
05-13 15:50:20.905 30329 30329 W Linkify.v16: 	at com.xiaomi.misettings.Application.<init>(Application.java:1)
05-13 15:50:20.905 30329 30329 W Linkify.v16: 	at java.lang.Class.newInstance(Native Method)
05-13 15:50:20.905 30329 30329 W Linkify.v16: 	at android.app.AppComponentFactory.instantiateApplication(AppComponentFactory.java:76)
05-13 15:50:20.905 30329 30329 W Linkify.v16: 	at android.app.Instrumentation.newApplication(Instrumentation.java:1156)
05-13 15:50:20.905 30329 30329 W Linkify.v16: 	at android.app.LoadedApk.makeApplication(LoadedApk.java:1222)
05-13 15:50:20.905 30329 30329 W Linkify.v16: 	at android.app.ActivityThread.handleBindApplication(ActivityThread.java:6511)
05-13 15:50:20.905 30329 30329 W Linkify.v16: 	at android.app.ActivityThread.access$1400(ActivityThread.java:220)
05-13 15:50:20.905 30329 30329 W Linkify.v16: 	at android.app.ActivityThread$H.handleMessage(ActivityThread.java:1883)
05-13 15:50:20.905 30329 30329 W Linkify.v16: 	at android.os.Handler.dispatchMessage(Handler.java:107)
05-13 15:50:20.905 30329 30329 W Linkify.v16: 	at android.os.Looper.loop(Looper.java:224)
05-13 15:50:20.905 30329 30329 W Linkify.v16: 	at android.app.ActivityThread.main(ActivityThread.java:7520)
05-13 15:50:20.905 30329 30329 W Linkify.v16: 	at java.lang.reflect.Method.invoke(Native Method)
05-13 15:50:20.905 30329 30329 W Linkify.v16: 	at com.android.internal.os.RuntimeInit$MethodAndArgsCaller.run(RuntimeInit.java:539)
05-13 15:50:20.905 30329 30329 W Linkify.v16: 	at com.android.internal.os.ZygoteInit.main(ZygoteInit.java:950)
05-13 15:50:20.906   561   561 I hwservicemanager: getTransport: Cannot find entry vendor.qti.hardware.servicetracker@1.0::IServicetracker/default in either framework or device manifest.
05-13 15:50:20.908  1620  2642 I MiuiNetworkPolicy: updateUidState uid = 99068, uidState = 6
05-13 15:50:20.908  1620  2642 I MiuiNetworkPolicy: updateMLUid uid:99068,old:11,new:6
05-13 15:50:20.909   561   561 I hwservicemanager: getTransport: Cannot find entry vendor.qti.hardware.servicetracker@1.0::IServicetracker/default in either framework or device manifest.
05-13 15:50:20.914   561   561 I hwservicemanager: getTransport: Cannot find entry vendor.qti.hardware.servicetracker@1.0::IServicetracker/default in either framework or device manifest.
05-13 15:50:20.918  3912  4752 I Icing   : IndexChimeraService.getServiceInterface callingPackage=com.google.android.gms componentName=null serviceId=30
05-13 15:50:20.925   672 30378 E ResolverController: No valid NAT64 prefix (121, <unspecified>/0)
05-13 15:50:20.928  3912 18180 I ContentMaintenance: Internal cache bytes used: 0; limit: 100000000; download size: 0
05-13 15:50:20.938  3912 18180 I RealtimeCacheCleanup: Beginning Realtime garbage collection.
05-13 15:50:20.939  3912 18180 I RealtimeCacheCleanup: Finished Realtime garbage collection.
05-13 15:50:20.952  3912 18630 I Icing   : Usage reports ok 1, Failed Usage reports 0, indexed 0, rejected 0
05-13 15:50:20.954  3912  4752 I Icing   : IndexChimeraService.getServiceInterface callingPackage=com.google.android.gms componentName=null serviceId=36
05-13 15:50:20.955  3912 18630 I GmsCoreXrpcWrapper: Returning a channel provider with trafficStatsTag=12803
05-13 15:50:20.955   892   991 D BufferQueueLayer: Launcher new frame Arrived
05-13 15:50:20.957 21528 21528 I Finsky  : [2] ncx.a(5): previousAllInstallsDone is Optional.empty, allInstallationsDone is Optional[true]
05-13 15:50:20.958 21528 21528 I Finsky  : [2] ncx.a(7): Updating installations status false cross profiles
05-13 15:50:20.963  3912 18630 I Icing   : Usage reports ok 0, Failed Usage reports 0, indexed 0, rejected 0
05-13 15:50:20.966   892   991 D BufferQueueLayer: Launcher new frame Arrived
05-13 15:50:20.971 21528 21528 I Finsky  : [2] hbt.a(1): Binding for 268037339
05-13 15:50:20.972   561   561 I hwservicemanager: getTransport: Cannot find entry vendor.qti.hardware.servicetracker@1.0::IServicetracker/default in either framework or device manifest.
05-13 15:50:20.973 30329 30329 I FeatureParser: can't find cepheus.xml in assets/device_features/,it may be in /system/etc/device_features
05-13 15:50:20.974  1620  5107 D CompatibilityInfo: mCompatibilityFlags - 0
05-13 15:50:20.974  1620  5107 D CompatibilityInfo: applicationDensity - 440
05-13 15:50:20.974  1620  5107 D CompatibilityInfo: applicationScale - 1.0
05-13 15:50:20.974   561   561 I hwservicemanager: getTransport: Cannot find entry vendor.qti.hardware.servicetracker@1.0::IServicetracker/default in either framework or device manifest.
05-13 15:50:20.975  3912 18630 I GmsCoreXrpcWrapper: Returning a channel provider with trafficStatsTag=12803
05-13 15:50:20.976  1620  2642 I MiuiNetworkPolicy: updateUidState uid = 10170, uidState = 11
05-13 15:50:20.976  1620  2642 I MiuiNetworkPolicy: updateMLUid uid:10170,old:20,new:11
05-13 15:50:20.976  1620  2642 I MiuiNetworkPolicy: isMLEnabled state:20,uid:10170,connect:CONNECTED
05-13 15:50:20.976  1620  2642 I MiuiNetworkPolicy: isMLEnabled state:11,uid:10170,connect:CONNECTED
05-13 15:50:20.976 21528 21528 I Finsky  : [2] ProfileStateService.onCreate(5): creating profileStateService
05-13 15:50:20.979  1620  2642 I MiuiNetworkPolicy: updateUidState uid = 10170, uidState = 20
05-13 15:50:20.979  1620  2642 I MiuiNetworkPolicy: updateMLUid uid:10170,old:11,new:20
05-13 15:50:20.979  1620  2642 I MiuiNetworkPolicy: isMLEnabled state:11,uid:10170,connect:CONNECTED
05-13 15:50:20.979  1620  2642 I MiuiNetworkPolicy: isMLEnabled state:20,uid:10170,connect:CONNECTED
05-13 15:50:20.979 21528 21528 I Finsky  : [2] hbn.a(3): Registering listener 60322486 for user UserHandle{0}.
05-13 15:50:20.980 21528 21528 I Finsky  : [2] hbn.b(15): User UserHandle{0} is not in installation anymore, removing profile.
05-13 15:50:20.980 21528 21528 I Finsky  : [2] hbn.b(23): Notifying user UserHandle{0} that all installs are finished
05-13 15:50:20.981 21528 21528 I Finsky  : [2] hbt.c(1): unbinding for 268037339
05-13 15:50:20.981 21528 21686 I Finsky  : [2151] hbn.b(5): Removing listener for user UserHandle{0} and listener 60322486
05-13 15:50:20.982   561   561 I hwservicemanager: getTransport: Cannot find entry vendor.qti.hardware.servicetracker@1.0::IServicetracker/default in either framework or device manifest.
05-13 15:50:20.984   561   561 I hwservicemanager: getTransport: Cannot find entry vendor.qti.hardware.servicetracker@1.0::IServicetracker/default in either framework or device manifest.
05-13 15:50:20.985  1620  2642 I MiuiNetworkPolicy: updateUidState uid = 10170, uidState = 11
05-13 15:50:20.985  1620  2642 I MiuiNetworkPolicy: updateMLUid uid:10170,old:20,new:11
05-13 15:50:20.985  1620  2642 I MiuiNetworkPolicy: isMLEnabled state:20,uid:10170,connect:CONNECTED
05-13 15:50:20.985  1620  2642 I MiuiNetworkPolicy: isMLEnabled state:11,uid:10170,connect:CONNECTED
05-13 15:50:20.986  1620  2642 I MiuiNetworkPolicy: updateUidState uid = 10170, uidState = 20
05-13 15:50:20.987  1620  2642 I MiuiNetworkPolicy: updateMLUid uid:10170,old:11,new:20
05-13 15:50:20.987  1620  2642 I MiuiNetworkPolicy: isMLEnabled state:11,uid:10170,connect:CONNECTED
05-13 15:50:20.987  1620  2642 I MiuiNetworkPolicy: isMLEnabled state:20,uid:10170,connect:CONNECTED
05-13 15:50:20.987 30329 30329 W LR-CommonUtils: ensureRegisterPreLoadYesterdayAlarm: start register
05-13 15:50:20.988 30329 30329 W LR-CommonUtils: ensureRegisterPreLoadYesterdayAlarm: today has register
05-13 15:50:20.990  3912 18630 I Icing   : Usage reports ok 0, Failed Usage reports 0, indexed 0, rejected 0
05-13 15:50:21.007 30329 30329 I AppTimerReceiver: onReceive: action=android.intent.action.PACKAGE_REMOVED
05-13 15:50:21.012  1620  1713 D CompatibilityInfo: mCompatibilityFlags - 0
05-13 15:50:21.012  1620  1713 D CompatibilityInfo: applicationDensity - 440
05-13 15:50:21.012  1620  1713 D CompatibilityInfo: applicationScale - 1.0
05-13 15:50:21.012  1620  2642 I MiuiNetworkPolicy: updateUidState uid = 10228, uidState = 12
05-13 15:50:21.012  1620  2642 I MiuiNetworkPolicy: updateMLUid uid:10228,old:17,new:12
05-13 15:50:21.013  1620  2642 I MiuiNetworkPolicy: isMLEnabled state:17,uid:10228,connect:CONNECTED
05-13 15:50:21.013  1620  2642 I MiuiNetworkPolicy: isMLEnabled state:12,uid:10228,connect:CONNECTED
05-13 15:50:21.014 21528 21528 I Finsky  : [2] vkt.a(7): SCH: Jobs in database: 1-1337 12-1 26-1414141414 34-561 34-563 34-566 34-569 34-570 34-571 34-572 34-573 34-574 34-575 
05-13 15:50:21.015  1620 11866 D CompatibilityInfo: mCompatibilityFlags - 0
05-13 15:50:21.015  1620 11866 D CompatibilityInfo: applicationDensity - 440
05-13 15:50:21.015  1620 11866 D CompatibilityInfo: applicationScale - 1.0
05-13 15:50:21.016 21528 21528 I Finsky  : [2] vgo.a(58): SCH: ConstraintMapping: 1-1337, 12-1, 34-572,  -> L: 14643ms, D: 55325213ms, C: false, I: false, N: 1
05-13 15:50:21.017 21528 21528 I Finsky  : [2] vgo.a(58): SCH: ConstraintMapping: 34-561, 34-563, 34-566, 34-569, 34-570, 34-571, 34-573, 34-574, 34-575,  -> L: 347212662ms, D: 1643212662ms, C: false, I: true, N: 2
05-13 15:50:21.017 21528 21528 I Finsky  : [2] vgo.a(58): SCH: ConstraintMapping: 34-561, 34-563, 34-566, 34-569, 34-570, 34-571, 34-573, 34-574, 34-575,  -> L: 347212662ms, D: 1643212662ms, C: true, I: true, N: 2
05-13 15:50:21.017 21528 21528 I Finsky  : [2] vgo.a(58): SCH: ConstraintMapping: 26-1414141414,  -> L: 11937079ms, D: 12837079ms, C: false, I: false, N: 0
05-13 15:50:21.032 21528 21528 I Finsky  : [2] vjd.a(35): Cancelling existing jobscheduler jobs: 9004 9001 9007 9003 
05-13 15:50:21.033 21528 21528 I Finsky  : [2] vjd.a(28): Scheduling job Id: 9000, L: 14643, D: 55325213, C: false, I: false, N: 1
05-13 15:50:21.036  1620  2642 I MiuiNetworkPolicy: updateUidState uid = 10228, uidState = 17
05-13 15:50:21.036  1620  2642 I MiuiNetworkPolicy: updateMLUid uid:10228,old:12,new:17
05-13 15:50:21.036  1620  2642 I MiuiNetworkPolicy: isMLEnabled state:12,uid:10228,connect:CONNECTED
05-13 15:50:21.036  1620  2642 I MiuiNetworkPolicy: isMLEnabled state:17,uid:10228,connect:CONNECTED
05-13 15:50:21.037 30329 30385 D LR-AppUsageStatsFactory: loadTodayTotalTimeForPackage()......pkgName=com.android.deskclock
05-13 15:50:21.045 21528 21528 I Finsky  : [2] vjd.a(28): Scheduling job Id: 9002, L: 347212662, D: 1643212662, C: false, I: true, N: 2
05-13 15:50:21.047 21528 21528 I Finsky  : [2] vjd.a(28): Scheduling job Id: 9005, L: 347212662, D: 1643212662, C: true, I: true, N: 2
05-13 15:50:21.050 30329 30385 E LR-AppUsageStatsFactory: aggregate()......Fail since invalid params.
05-13 15:50:21.050 30329 30385 E LR-AppUsageStatsFactory: Ops! Fail to aggregate~
05-13 15:50:21.051 21528 21528 I Finsky  : [2] vjd.a(28): Scheduling job Id: 9006, L: 11937079, D: 12837079, C: false, I: false, N: 0
05-13 15:50:21.053 30329 30385 D LR-AppUsageStatsFactory: loadTodayTotalTimeForPackage()......pkgName=com.miui.home
05-13 15:50:21.054   674   674 D Zygote  : Forked child process 30393
05-13 15:50:21.056   672 22608 D OemNetd : setPidForPackage: packageName=com.android.chrome, pid=30393, pid=10187
05-13 15:50:21.058 30329 30385 E LR-AppUsageStatsFactory: aggregate()......Fail since invalid params.
05-13 15:50:21.058 30329 30385 E LR-AppUsageStatsFactory: Ops! Fail to aggregate~
05-13 15:50:21.059 30329 30391 E Perf    : Fail to get file list com.xiaomi.misettings
05-13 15:50:21.060 30329 30391 E Perf    : getFolderSize() : Exception_1 = java.lang.NullPointerException: Attempt to get length of null array
05-13 15:50:21.063 30393 30393 W .android.chrom: Using default instruction set features for ARM CPU variant (cortex-a9) using conservative defaults
05-13 15:50:21.065 30393 30393 E .android.chrom: Not starting debugger since process cannot load the jdwp agent.
05-13 15:50:21.066 30329 30385 D LR-AppUsageStatsFactory: loadTodayTotalTimeForPackage()......pkgName=com.miui.home
05-13 15:50:21.070  1620  2644 D WifiConfigManager: Remove all networks for app ApplicationInfo{2c35ba7 com.FlowerGames.FlowerGame}
05-13 15:50:21.071  1620 14048 D CompatibilityInfo: mCompatibilityFlags - 0
05-13 15:50:21.071  1620 14048 D CompatibilityInfo: applicationDensity - 440
05-13 15:50:21.071  1620 14048 D CompatibilityInfo: applicationScale - 1.0
05-13 15:50:21.071 30329 30385 D LR-AppUsageStatsFactory: guess()...Last event is MOVE_TO_FOREGROUND, we guess it is still been used. pkgName=com.miui.home
05-13 15:50:21.074   884  2143 D AF::TrackHandle: OpPlayAudio: track:3414 usage:13 not muted
05-13 15:50:21.076  1620 14048 D CompatibilityInfo: mCompatibilityFlags - 0
05-13 15:50:21.076  1620 14048 D CompatibilityInfo: applicationDensity - 440
05-13 15:50:21.076  1620 14048 D CompatibilityInfo: applicationScale - 1.0
05-13 15:50:21.076  1620  2642 I MiuiNetworkPolicy: updateUidState uid = 10187, uidState = 12
05-13 15:50:21.076  1620  2642 I MiuiNetworkPolicy: updateMLUid uid:10187,old:20,new:12
05-13 15:50:21.076  1620  2642 I MiuiNetworkPolicy: isMLEnabled state:20,uid:10187,connect:CONNECTED
05-13 15:50:21.076  1620  2642 I MiuiNetworkPolicy: isMLEnabled state:12,uid:10187,connect:CONNECTED
05-13 15:50:21.080   884 30956 D AF::TrackHandle: OpPlayAudio: track:55 usage:3 not muted
05-13 15:50:21.081 30329 30385 D LR-AppUsageStatsFactory: guess()...gap=2min(136927ms)
05-13 15:50:21.081 30329 30385 E LR-AppUsageStatsFactory: aggregate()......Fail since invalid params.
05-13 15:50:21.081 30329 30385 E LR-AppUsageStatsFactory: Ops! Fail to aggregate~
05-13 15:50:21.082   884  2143 D AF::TrackHandle: OpPlayAudio: track:3414 usage:13 not muted
05-13 15:50:21.082   884  2143 D AF::TrackHandle: OpPlayAudio: track:3414 usage:13 not muted
05-13 15:50:21.082 30329 30385 D LR-AppUsageStatsFactory: loadTodayTotalTimeForPackage()......pkgName=com.google.android.gm
05-13 15:50:21.083   884  2143 D AF::TrackHandle: OpPlayAudio: track:3414 usage:13 not muted
05-13 15:50:21.083   884 30957 D AF::TrackHandle: OpPlayAudio: track:3414 usage:13 not muted
05-13 15:50:21.084   884 30957 I chatty  : uid=1041(audioserver) Binder:884_F identical 6 lines
05-13 15:50:21.084   884 30957 D AF::TrackHandle: OpPlayAudio: track:3414 usage:13 not muted
05-13 15:50:21.084   884 18381 D AF::TrackHandle: OpPlayAudio: track:3425 usage:5 not muted
05-13 15:50:21.084   884 30957 D AF::TrackHandle: OpPlayAudio: track:3414 usage:13 not muted
05-13 15:50:21.085   884 30957 D AF::TrackHandle: OpPlayAudio: track:3414 usage:13 not muted
05-13 15:50:21.085   884  2143 D AF::TrackHandle: OpPlayAudio: track:3414 usage:13 not muted
05-13 15:50:21.086   884 30957 D AF::TrackHandle: OpPlayAudio: track:3414 usage:13 not muted
05-13 15:50:21.086   884 30957 D AF::TrackHandle: OpPlayAudio: track:3414 usage:13 not muted
05-13 15:50:21.087   884 30956 D AF::TrackHandle: OpPlayAudio: track:55 usage:3 not muted
05-13 15:50:21.091  3214  3214 D Launcher.Model: LauncherAppsCallback onPackageRemoved|com.FlowerGames.FlowerGame|UserHandle{0}
05-13 15:50:21.091  3214  3282 D Launcher.Model: Got broadcast:Intent { act=android.intent.action.PACKAGE_REMOVED dat=package:com.FlowerGames.FlowerGame (has extras) }
05-13 15:50:21.096   884 30956 D AF::TrackHandle: OpPlayAudio: track:55 usage:3 not muted
05-13 15:50:21.098   884 18381 D AF::TrackHandle: OpPlayAudio: track:3425 usage:5 not muted
05-13 15:50:21.098 30329 30385 E LR-AppUsageStatsFactory: aggregate()......Fail since invalid params.
05-13 15:50:21.098 30329 30385 E LR-AppUsageStatsFactory: Ops! Fail to aggregate~
05-13 15:50:21.099   884  2666 D AF::TrackHandle: OpPlayAudio: track:3424 usage:13 not muted
05-13 15:50:21.099 30329 30385 D LR-AppUsageStatsFactory: loadTodayTotalTimeForPackage()......pkgName=com.facebook.orca
05-13 15:50:21.101   884 30957 D AF::TrackHandle: OpPlayAudio: track:55 usage:3 not muted
05-13 15:50:21.106   884 30957 D AF::TrackHandle: OpPlayAudio: track:55 usage:3 not muted
05-13 15:50:21.106 30329 30385 E LR-AppUsageStatsFactory: aggregate()......Fail since invalid params.
05-13 15:50:21.106 30329 30385 E LR-AppUsageStatsFactory: Ops! Fail to aggregate~
05-13 15:50:21.107 30329 30385 D LR-AppUsageStatsFactory: loadTodayTotalTimeForPackage()......pkgName=com.YourCompany.SeriousGame
05-13 15:50:21.108   884 30956 D AF::TrackHandle: OpPlayAudio: track:3425 usage:5 not muted
05-13 15:50:21.108   884   884 D AF::TrackHandle: OpPlayAudio: track:3424 usage:13 not muted
05-13 15:50:21.111   884 30957 D AF::TrackHandle: OpPlayAudio: track:55 usage:3 not muted
05-13 15:50:21.112 30329 30385 E LR-AppUsageStatsFactory: aggregate()......Fail since invalid params.
05-13 15:50:21.112 30329 30385 E LR-AppUsageStatsFactory: Ops! Fail to aggregate~
05-13 15:50:21.113 30329 30385 D LR-AppUsageStatsFactory: loadTodayTotalTimeForPackage()......pkgName=com.android.systemui
05-13 15:50:21.116   884 30957 D AF::TrackHandle: OpPlayAudio: track:55 usage:3 not muted
05-13 15:50:21.118 30329 30385 E LR-AppUsageStatsFactory: aggregate()......Fail since invalid params.
05-13 15:50:21.118 30329 30385 E LR-AppUsageStatsFactory: Ops! Fail to aggregate~
05-13 15:50:21.119 30329 30385 D LR-AppUsageStatsFactory: loadTodayTotalTimeForPackage()......pkgName=com.xiaomi.hm.health
05-13 15:50:21.120   884 30956 D AF::TrackHandle: OpPlayAudio: track:3425 usage:5 not muted
05-13 15:50:21.120   884   884 D AF::TrackHandle: OpPlayAudio: track:3424 usage:13 not muted
05-13 15:50:21.122   884 30957 D AF::TrackHandle: OpPlayAudio: track:55 usage:3 not muted
05-13 15:50:21.124  3214  3282 D AutoInstallsParser: isPAIPackageName: com.FlowerGames.FlowerGame
05-13 15:50:21.127   884 30957 D AF::TrackHandle: OpPlayAudio: track:55 usage:3 not muted
05-13 15:50:21.129 30329 30385 E LR-AppUsageStatsFactory: aggregate()......Fail since invalid params.
05-13 15:50:21.129 30329 30385 E LR-AppUsageStatsFactory: Ops! Fail to aggregate~
05-13 15:50:21.130 30329 30385 D LR-AppUsageStatsFactory: loadTodayTotalTimeForPackage()......pkgName=com.android.settings
05-13 15:50:21.130  3214  3282 E AutoInstallsParser: Layout definition not found in package: android.autoinstalls.config.Xiaomi.cepheus
05-13 15:50:21.131  3214  3282 D Launcher.Model: onReceiveBackground, mAllAppsList= remove=[(0, ShortcutInfo(mTitle=FlowerGame))]
05-13 15:50:21.131  3214  3214 D Launcher: remove icon when bind apps removed:ShortcutInfo, id=155, itemType=0, user=UserHandle{0}, mIconType=0, mTitle=FlowerGame, mLabel=FlowerGame, pkgName=com.FlowerGames.FlowerGame, className=com.epicgames.ue4.SplashActivity, screenId=4, container=-100, cellX=3, cellY=1, spanX=1, spanY=1, isLandscapePos=false
05-13 15:50:21.132   884   884 D AF::TrackHandle: OpPlayAudio: track:3424 usage:13 not muted
05-13 15:50:21.133   884 18381 D AF::TrackHandle: OpPlayAudio: track:3425 usage:5 not muted
05-13 15:50:21.133   884 30957 D AF::TrackHandle: OpPlayAudio: track:55 usage:3 not muted
05-13 15:50:21.134  3214  3214 D Launcher: removeShortcutIcon, remove icon from CellLayout, info=ShortcutInfo, id=155, itemType=0, user=UserHandle{0}, mIconType=0, mTitle=FlowerGame, mLabel=FlowerGame, pkgName=com.FlowerGames.FlowerGame, className=com.epicgames.ue4.SplashActivity, screenId=4, container=-100, cellX=3, cellY=1, spanX=1, spanY=1, isLandscapePos=false
05-13 15:50:21.134  3214  3214 D Launcher.CellLayout: remove icon for ShortcutInfo, id=155, itemType=0, user=UserHandle{0}, mIconType=0, mTitle=FlowerGame, mLabel=FlowerGame, pkgName=com.FlowerGames.FlowerGame, className=com.epicgames.ue4.SplashActivity, screenId=4, container=-100, cellX=3, cellY=1, spanX=1, spanY=1, isLandscapePos=false
05-13 15:50:21.134  3214  3214 D Launcher.CellLayout: updateCellOccupiedMarks, remove, ShortcutInfo, id=155, itemType=0, user=UserHandle{0}, mIconType=0, mTitle=FlowerGame, mLabel=FlowerGame, pkgName=com.FlowerGames.FlowerGame, className=com.epicgames.ue4.SplashActivity, screenId=4, container=-100, cellX=3, cellY=1, spanX=1, spanY=1, isLandscapePos=false
05-13 15:50:21.134  3214  3214 D EventBus: No subscribers registered for event class com.miui.home.launcher.common.messages.CellLayoutMessage
05-13 15:50:21.134  3214  3214 D EventBus: No subscribers registered for event class org.greenrobot.eventbus.NoSubscriberEvent
05-13 15:50:21.135  3214  3214 D Launcher.Model: Deleting item from database (3, 1) of screen 4
05-13 15:50:21.135  3214  3214 D Launcher.Model: deleteItemFromDatabase, item=ShortcutInfo, id=155, itemType=0, user=UserHandle{0}, mIconType=0, mTitle=FlowerGame, mLabel=FlowerGame, pkgName=com.FlowerGames.FlowerGame, className=com.epicgames.ue4.SplashActivity, screenId=4, container=-100, cellX=3, cellY=1, spanX=1, spanY=1, isLandscapePos=false
05-13 15:50:21.135  3214  3214 D Launcher: Start filling empty cell
05-13 15:50:21.136 30329 30385 E LR-AppUsageStatsFactory: aggregate()......Fail since invalid params.
05-13 15:50:21.136 30329 30385 E LR-AppUsageStatsFactory: Ops! Fail to aggregate~
05-13 15:50:21.137 30329 30385 D LR-AppUsageStatsFactory: loadTodayTotalTimeForPackage()......pkgName=com.instagram.android
05-13 15:50:21.142   884 18381 D AF::TrackHandle: OpPlayAudio: track:55 usage:3 not muted
05-13 15:50:21.144 30329 30385 E LR-AppUsageStatsFactory: aggregate()......Fail since invalid params.
05-13 15:50:21.144 30329 30385 E LR-AppUsageStatsFactory: Ops! Fail to aggregate~
05-13 15:50:21.145 30329 30385 D LR-AppUsageStatsFactory: loadTodayTotalTimeForPackage()......pkgName=com.whatsapp
05-13 15:50:21.145 30393 30393 W .android.chrom: Insufficient pre-allocated space to mmap vdex.
05-13 15:50:21.146   884   884 D AF::TrackHandle: OpPlayAudio: track:3424 usage:13 not muted
05-13 15:50:21.146   884 30956 D AF::TrackHandle: OpPlayAudio: track:3425 usage:5 not muted
05-13 15:50:21.147   884 18381 D AF::TrackHandle: OpPlayAudio: track:55 usage:3 not muted
05-13 15:50:21.148  3214  3214 D Launcher.Workspace: Start filling empty cell auto.
05-13 15:50:21.148  3214  3214 D Launcher.CellLayout: Start filling empty cell auto on cellX=3,cellY=1 with mHCells=4,mVCells=6
05-13 15:50:21.149   892   991 D BufferQueueLayer: Launcher new frame Arrived
05-13 15:50:21.150  3214  3214 D Launcher.CellLayout: Move item from (0,2) to (3,1)
05-13 15:50:21.150  3214  3214 D Launcher.CellLayout: saveCurrentLayout, info=ShortcutInfo, id=166, itemType=0, user=UserHandle{0}, mIconType=0, mTitle=SeriousGame, mLabel=SeriousGame, pkgName=com.YourCompany.SeriousGame, className=com.epicgames.ue4.SplashActivity, screenId=4, container=-100, cellX=3, cellY=1, spanX=1, spanY=1, isLandscapePos=false
05-13 15:50:21.150 30329 30385 E LR-AppUsageStatsFactory: aggregate()......Fail since invalid params.
05-13 15:50:21.150 30329 30385 E LR-AppUsageStatsFactory: Ops! Fail to aggregate~
05-13 15:50:21.150  3214  3214 D Launcher.CellLayout: requestLayout after has recalculated item position
05-13 15:50:21.155   884 30956 D AF::TrackHandle: OpPlayAudio: track:3425 usage:5 not muted
05-13 15:50:21.158   884 18381 D AF::TrackHandle: OpPlayAudio: track:55 usage:3 not muted
05-13 15:50:21.160 30329 30385 D LR-AppUsageStatsFactory: loadTodayTotalTimeForPackage()......pkgName=com.miui.home
05-13 15:50:21.163   884   884 D AF::TrackHandle: OpPlayAudio: track:3424 usage:13 not muted
05-13 15:50:21.166 30393 30393 W .android.chrom: Insufficient pre-allocated space to mmap vdex.
05-13 15:50:21.167   884 30957 D AF::TrackHandle: OpPlayAudio: track:3425 usage:5 not muted
05-13 15:50:21.167 30329 30385 E LR-AppUsageStatsFactory: aggregate()...start <= 0, This may because a cross usage! This can only occur once:com.miui.home
05-13 15:50:21.168   892  3443 D BufferQueueLayer: Launcher new frame Arrived
05-13 15:50:21.169 30329 30385 E LR-AppUsageStatsFactory: aggregate()......Fail since invalid params.
05-13 15:50:21.169 30329 30385 E LR-AppUsageStatsFactory: Ops! Fail to aggregate~
05-13 15:50:21.169   884 18381 D AF::TrackHandle: OpPlayAudio: track:55 usage:3 not muted
05-13 15:50:21.170 30329 30385 D LR-AppUsageStatsFactory: loadTodayTotalTimeForPackage()......pkgName=com.miui.securitycenter
05-13 15:50:21.174   884 18381 D AF::TrackHandle: OpPlayAudio: track:55 usage:3 not muted
05-13 15:50:21.176 30329 30385 E LR-AppUsageStatsFactory: aggregate()......Fail since invalid params.
05-13 15:50:21.176 30329 30385 E LR-AppUsageStatsFactory: Ops! Fail to aggregate~
05-13 15:50:21.183   892   993 D BufferQueueLayer: Launcher new frame Arrived
05-13 15:50:21.183 30329 30385 D LR-AppUsageStatsFactory: loadTodayTotalTimeForPackage()......pkgName=com.YourCompany.SeriousGame
05-13 15:50:21.186   884   884 D AF::TrackHandle: OpPlayAudio: track:3424 usage:13 not muted
05-13 15:50:21.188   884 30957 D AF::TrackHandle: OpPlayAudio: track:3425 usage:5 not muted
05-13 15:50:21.189   884 30956 D AF::TrackHandle: OpPlayAudio: track:55 usage:3 not muted
05-13 15:50:21.193   561   561 I hwservicemanager: getTransport: Cannot find entry vendor.qti.hardware.servicetracker@1.0::IServicetracker/default in either framework or device manifest.
05-13 15:50:21.195 30329 30385 D LR-AppUsageStatsFactory: guess()...Last event is MOVE_TO_FOREGROUND, we guess it is still been used. pkgName=com.YourCompany.SeriousGame
05-13 15:50:21.195   884 30956 D AF::TrackHandle: OpPlayAudio: track:55 usage:3 not muted
05-13 15:50:21.197   884   884 D AF::TrackHandle: OpPlayAudio: track:3424 usage:13 not muted
05-13 15:50:21.199   892   991 D BufferQueueLayer: Launcher new frame Arrived
05-13 15:50:21.199 30329 30385 D LR-AppUsageStatsFactory: guess()...selfStopped! eventType=23
05-13 15:50:21.200 30329 30385 D LR-AppUsageStatsFactory: guess()...gap=5min(348744ms)
05-13 15:50:21.200 30329 30385 E LR-AppUsageStatsFactory: aggregate()......Fail since invalid params.
05-13 15:50:21.200 30329 30385 E LR-AppUsageStatsFactory: Ops! Fail to aggregate~
05-13 15:50:21.200 30329 30385 D LR-AppUsageStatsFactory: loadTodayTotalTimeForPackage()......pkgName=com.google.android.permissioncontroller
05-13 15:50:21.200   884 30957 D AF::TrackHandle: OpPlayAudio: track:3425 usage:5 not muted
05-13 15:50:21.205   561   561 I hwservicemanager: getTransport: Cannot find entry vendor.qti.hardware.servicetracker@1.0::IServicetracker/default in either framework or device manifest.
05-13 15:50:21.207 30329 30385 E LR-AppUsageStatsFactory: aggregate()......Fail since invalid params.
05-13 15:50:21.207 30329 30385 E LR-AppUsageStatsFactory: Ops! Fail to aggregate~
05-13 15:50:21.207   884 30957 D AF::TrackHandle: OpPlayAudio: track:3425 usage:5 not muted
05-13 15:50:21.207 30329 30385 D LR-AppUsageStatsFactory: loadTodayTotalTimeForPackage()......pkgName=com.android.systemui
05-13 15:50:21.208   884   884 D AF::TrackHandle: OpPlayAudio: track:3424 usage:13 not muted
05-13 15:50:21.213 30329 30385 E LR-AppUsageStatsFactory: aggregate()...start <= 0, This is not the first MOVE_TO_BACKGROUND.com.android.systemui
05-13 15:50:21.213 30329 30385 D LR-AppUsageStatsFactory: guess()...Last event is MOVE_TO_FOREGROUND, we guess it is still been used. pkgName=com.android.systemui
05-13 15:50:21.214  1620  2644 D WifiConfigStore: Writing to stores completed in 130 ms.
05-13 15:50:21.214  1620  2644 E PasspointManager: No app ops listener found for com.FlowerGames.FlowerGame
05-13 15:50:21.216   892  3443 D BufferQueueLayer: Launcher new frame Arrived
05-13 15:50:21.216   884 30957 D AF::TrackHandle: OpPlayAudio: track:3425 usage:5 not muted
05-13 15:50:21.217   884 30956 D AF::TrackHandle: OpPlayAudio: track:3424 usage:13 not muted
05-13 15:50:21.219 30329 30385 D LR-AppUsageStatsFactory: guess()...otherStarted! other=com.miui.home,timestamp=1589360181023
05-13 15:50:21.219 30329 30385 D LR-AppUsageStatsFactory: guess()...selfStopped! eventType=23
05-13 15:50:21.219 30329 30385 D LR-AppUsageStatsFactory: guess()...gap=0min(627ms)
05-13 15:50:21.220 30329 30385 E LR-AppUsageStatsFactory: aggregate()......Fail since invalid params.
05-13 15:50:21.220 30329 30385 E LR-AppUsageStatsFactory: Ops! Fail to aggregate~
05-13 15:50:21.220 30329 30385 D LR-AppUsageStatsFactory: loadTodayTotalTimeForPackage()......pkgName=com.android.settings
05-13 15:50:21.223   884 30957 D AF::TrackHandle: OpPlayAudio: track:3425 usage:5 not muted
05-13 15:50:21.224   884 30956 D AF::TrackHandle: OpPlayAudio: track:3424 usage:13 not muted
05-13 15:50:21.226 30329 30385 E LR-AppUsageStatsFactory: aggregate()......Fail since invalid params.
05-13 15:50:21.226 30329 30385 E LR-AppUsageStatsFactory: Ops! Fail to aggregate~
05-13 15:50:21.227 30329 30385 D LR-AppUsageStatsFactory: loadTodayTotalTimeForPackage()......pkgName=com.dealabs.apps.android
05-13 15:50:21.228 30393 30393 W .android.chrom: JIT profile information will not be recorded: profile file does not exits.
05-13 15:50:21.228 30393 30393 W .android.chrom: JIT profile information will not be recorded: profile file does not exits.
05-13 15:50:21.231   884 30957 D AF::TrackHandle: OpPlayAudio: track:3425 usage:5 not muted
05-13 15:50:21.232   892  3443 D BufferQueueLayer: Launcher new frame Arrived
05-13 15:50:21.233 30329 30385 E LR-AppUsageStatsFactory: aggregate()......Fail since invalid params.
05-13 15:50:21.233 30329 30385 E LR-AppUsageStatsFactory: Ops! Fail to aggregate~
05-13 15:50:21.234 30329 30385 D LR-AppUsageStatsFactory: loadTodayTotalTimeForPackage()......pkgName=com.android.browser
05-13 15:50:21.235   884 30956 D AF::TrackHandle: OpPlayAudio: track:3424 usage:13 not muted
05-13 15:50:21.238 30393 30393 I Perf    : Connecting to perf service.
05-13 15:50:21.239   884 30957 D AF::TrackHandle: OpPlayAudio: track:3425 usage:5 not muted
05-13 15:50:21.239 30329 30385 E LR-AppUsageStatsFactory: aggregate()......Fail since invalid params.
05-13 15:50:21.239 30329 30385 E LR-AppUsageStatsFactory: Ops! Fail to aggregate~
05-13 15:50:21.240 30329 30385 D LR-AppUsageStatsFactory: loadTodayTotalTimeForPackage()......pkgName=com.facebook.katana
05-13 15:50:21.244   884 30956 D AF::TrackHandle: OpPlayAudio: track:3424 usage:13 not muted
05-13 15:50:21.246 30329 30385 E LR-AppUsageStatsFactory: aggregate()......Fail since invalid params.
05-13 15:50:21.246 30329 30385 E LR-AppUsageStatsFactory: Ops! Fail to aggregate~
05-13 15:50:21.246 30329 30385 D LR-AppUsageStatsFactory: loadTodayTotalTimeForPackage()......pkgName=com.reddit.frontpage
05-13 15:50:21.249   892   991 D BufferQueueLayer: Launcher new frame Arrived
05-13 15:50:21.250   884   884 D AF::TrackHandle: OpPlayAudio: track:3425 usage:5 not muted
05-13 15:50:21.252   884 30956 D AF::TrackHandle: OpPlayAudio: track:3424 usage:13 not muted
05-13 15:50:21.253 30329 30385 E LR-AppUsageStatsFactory: aggregate()......Fail since invalid params.
05-13 15:50:21.253 30329 30385 E LR-AppUsageStatsFactory: Ops! Fail to aggregate~
05-13 15:50:21.254 30329 30385 D LR-AppUsageStatsFactory: loadTodayTotalTimeForPackage()......pkgName=com.google.android.googlequicksearchbox
05-13 15:50:21.258   884 30957 D AF::TrackHandle: OpPlayAudio: track:3425 usage:5 not muted
05-13 15:50:21.259   884   884 D AF::TrackHandle: OpPlayAudio: track:3424 usage:13 not muted
05-13 15:50:21.259 30329 30385 E LR-AppUsageStatsFactory: aggregate()......Fail since invalid params.
05-13 15:50:21.259 30329 30385 E LR-AppUsageStatsFactory: Ops! Fail to aggregate~
05-13 15:50:21.260 30329 30385 D LR-AppUsageStatsFactory: loadTodayTotalTimeForPackage()......pkgName=com.android.chrome
05-13 15:50:21.264   884   884 D AF::TrackHandle: OpPlayAudio: track:3424 usage:13 not muted
05-13 15:50:21.265 30329 30385 E LR-AppUsageStatsFactory: aggregate()......Fail since invalid params.
05-13 15:50:21.265 30329 30385 E LR-AppUsageStatsFactory: Ops! Fail to aggregate~
05-13 15:50:21.266   892   991 D BufferQueueLayer: Launcher new frame Arrived
05-13 15:50:21.266 30329 30385 D LR-AppUsageStatsFactory: loadTodayTotalTimeForPackage()......pkgName=com.google.android.apps.maps
05-13 15:50:21.270   884   884 D AF::TrackHandle: OpPlayAudio: track:3424 usage:13 not muted
05-13 15:50:21.272 30329 30385 E LR-AppUsageStatsFactory: aggregate()......Fail since invalid params.
05-13 15:50:21.272 30329 30385 E LR-AppUsageStatsFactory: Ops! Fail to aggregate~
05-13 15:50:21.273 30329 30385 D LR-AppUsageStatsFactory: loadTodayTotalTimeForPackage()......pkgName=com.google.android.youtube
05-13 15:50:21.280 30329 30385 E LR-AppUsageStatsFactory: aggregate()......Fail since invalid params.
05-13 15:50:21.281 30329 30385 E LR-AppUsageStatsFactory: Ops! Fail to aggregate~
05-13 15:50:21.281 30329 30385 D LR-AppUsageStatsFactory: loadTodayTotalTimeForPackage()......pkgName=io.wylr.joko
05-13 15:50:21.283   892  3443 D BufferQueueLayer: Launcher new frame Arrived
05-13 15:50:21.288 30329 30385 E LR-AppUsageStatsFactory: aggregate()......Fail since invalid params.
05-13 15:50:21.288 30329 30385 E LR-AppUsageStatsFactory: Ops! Fail to aggregate~
05-13 15:50:21.294 30329 30385 D LR-AppUsageStatsFactory: loadTodayTotalTimeForPackage()......pkgName=com.facebook.katana
05-13 15:50:21.299 30329 30385 E LR-AppUsageStatsFactory: aggregate()......Fail since invalid params.
05-13 15:50:21.299 30329 30385 E LR-AppUsageStatsFactory: Ops! Fail to aggregate~
05-13 15:50:21.299   892  3443 D BufferQueueLayer: Launcher new frame Arrived
05-13 15:50:21.299 30329 30385 D LR-AppUsageStatsFactory: loadTodayTotalTimeForPackage()......pkgName=com.miui.home
05-13 15:50:21.305 30329 30385 E LR-AppUsageStatsFactory: aggregate()......Fail since invalid params.
05-13 15:50:21.305 30329 30385 E LR-AppUsageStatsFactory: Ops! Fail to aggregate~
05-13 15:50:21.305 30329 30385 D LR-AppUsageStatsFactory: loadTodayTotalTimeForPackage()......pkgName=com.xiaomi.hm.health
05-13 15:50:21.310 30329 30385 E LR-AppUsageStatsFactory: aggregate()......Fail since invalid params.
05-13 15:50:21.310 30329 30385 E LR-AppUsageStatsFactory: Ops! Fail to aggregate~
05-13 15:50:21.310 30329 30385 D LR-AppUsageStatsFactory: loadTodayTotalTimeForPackage()......pkgName=com.reddit.frontpage
05-13 15:50:21.315 30329 30385 E LR-AppUsageStatsFactory: aggregate()...start <= 0, This is not the first MOVE_TO_BACKGROUND.com.reddit.frontpage
05-13 15:50:21.316   892  3443 D BufferQueueLayer: Launcher new frame Arrived
05-13 15:50:21.316 30329 30385 E LR-AppUsageStatsFactory: aggregate()......Fail since invalid params.
05-13 15:50:21.316 30329 30385 E LR-AppUsageStatsFactory: Ops! Fail to aggregate~
05-13 15:50:21.317 30329 30385 D LR-AppUsageStatsFactory: loadTodayTotalTimeForPackage()......pkgName=com.android.settings
05-13 15:50:21.323 30329 30385 E LR-AppUsageStatsFactory: aggregate()......Fail since invalid params.
05-13 15:50:21.323 30329 30385 E LR-AppUsageStatsFactory: Ops! Fail to aggregate~
05-13 15:50:21.324 30329 30385 D LR-AppUsageStatsFactory: loadTodayTotalTimeForPackage()......pkgName=com.miui.securitycenter
05-13 15:50:21.329 30329 30385 E LR-AppUsageStatsFactory: aggregate()......Fail since invalid params.
05-13 15:50:21.329 30329 30385 E LR-AppUsageStatsFactory: Ops! Fail to aggregate~
05-13 15:50:21.330 30329 30385 D LR-AppUsageStatsFactory: loadTodayTotalTimeForPackage()......pkgName=com.YourCompany.SeriousGame
05-13 15:50:21.333   892   991 D BufferQueueLayer: Launcher new frame Arrived
05-13 15:50:21.336 30329 30385 E LR-AppUsageStatsFactory: aggregate()......Fail since invalid params.
05-13 15:50:21.336 30329 30385 E LR-AppUsageStatsFactory: Ops! Fail to aggregate~
05-13 15:50:21.336 30329 30385 D LR-AppUsageStatsFactory: loadTodayTotalTimeForPackage()......pkgName=com.google.android.permissioncontroller
05-13 15:50:21.342 30329 30385 E LR-AppUsageStatsFactory: aggregate()......Fail since invalid params.
05-13 15:50:21.342 30329 30385 E LR-AppUsageStatsFactory: Ops! Fail to aggregate~
05-13 15:50:21.343 30329 30385 D LR-AppUsageStatsFactory: loadTodayTotalTimeForPackage()......pkgName=com.android.systemui
05-13 15:50:21.349   892   991 D BufferQueueLayer: Launcher new frame Arrived
05-13 15:50:21.351 30329 30385 E LR-AppUsageStatsFactory: aggregate()......Fail since invalid params.
05-13 15:50:21.351 30329 30385 E LR-AppUsageStatsFactory: Ops! Fail to aggregate~
05-13 15:50:21.354 30329 30385 D LR-AppUsageStatsFactory: loadTodayTotalTimeForPackage()......pkgName=com.miui.home
05-13 15:50:21.356 30329 30385 D LR-AppUsageStatsFactory: guess()...Last event is MOVE_TO_FOREGROUND, we guess it is still been used. pkgName=com.miui.home
05-13 15:50:21.356 30329 30385 D LR-AppUsageStatsFactory: guess()...gap=2min(129954ms)
05-13 15:50:21.357 30329 30385 E LR-AppUsageStatsFactory: aggregate()......Fail since invalid params.
05-13 15:50:21.357 30329 30385 E LR-AppUsageStatsFactory: Ops! Fail to aggregate~
05-13 15:50:21.357 30329 30385 D LR-AppUsageStatsFactory: loadTodayTotalTimeForPackage()......pkgName=com.facebook.orca
05-13 15:50:21.358 30329 30385 E LR-AppUsageStatsFactory: aggregate()......Fail since invalid params.
05-13 15:50:21.358 30329 30385 E LR-AppUsageStatsFactory: Ops! Fail to aggregate~
05-13 15:50:21.359 30329 30385 D LR-AppUsageStatsFactory: loadTodayTotalTimeForPackage()......pkgName=io.wylr.joko
05-13 15:50:21.360 30329 30385 E LR-AppUsageStatsFactory: aggregate()......Fail since invalid params.
05-13 15:50:21.360 30329 30385 E LR-AppUsageStatsFactory: Ops! Fail to aggregate~
05-13 15:50:21.360 30329 30385 D LR-AppUsageStatsFactory: loadTodayTotalTimeForPackage()......pkgName=com.instagram.android
05-13 15:50:21.361 30329 30385 E LR-AppUsageStatsFactory: aggregate()......Fail since invalid params.
05-13 15:50:21.361 30329 30385 E LR-AppUsageStatsFactory: Ops! Fail to aggregate~
05-13 15:50:21.362 30329 30385 D LR-AppUsageStatsFactory: loadTodayTotalTimeForPackage()......pkgName=com.android.systemui
05-13 15:50:21.363 30329 30385 E LR-AppUsageStatsFactory: aggregate()......Fail since invalid params.
05-13 15:50:21.363 30329 30385 E LR-AppUsageStatsFactory: Ops! Fail to aggregate~
05-13 15:50:21.364 30329 30385 D LR-AppUsageStatsFactory: loadTodayTotalTimeForPackage()......pkgName=com.miui.securitycenter
05-13 15:50:21.365 30329 30385 E LR-AppUsageStatsFactory: aggregate()......Fail since invalid params.
05-13 15:50:21.365 30329 30385 E LR-AppUsageStatsFactory: Ops! Fail to aggregate~
05-13 15:50:21.366 30329 30385 D LR-AppUsageStatsFactory: loadTodayTotalTimeForPackage()......pkgName=com.YourCompany.SeriousGame
05-13 15:50:21.366   892   991 D BufferQueueLayer: Launcher new frame Arrived
05-13 15:50:21.367 30329 30385 E LR-AppUsageStatsFactory: aggregate()......Fail since invalid params.
05-13 15:50:21.367 30329 30385 E LR-AppUsageStatsFactory: Ops! Fail to aggregate~
05-13 15:50:21.368 30329 30385 D LR-AppUsageStatsFactory: loadTodayTotalTimeForPackage()......pkgName=com.google.android.permissioncontroller
05-13 15:50:21.369 30329 30385 E LR-AppUsageStatsFactory: aggregate()......Fail since invalid params.
05-13 15:50:21.369 30329 30385 E LR-AppUsageStatsFactory: Ops! Fail to aggregate~
05-13 15:50:21.369 30329 30385 D LR-CommonUtils: Fail to resolve PackageInfo for com.FlowerGames.FlowerGame
05-13 15:50:21.371 30329 30385 D LR-AppUsageStatsFactory: loadTodayTotalTimeForPackage()......pkgName=com.miui.home
05-13 15:50:21.371 30329 30385 E LR-AppUsageStatsFactory: aggregate()...start <= 0, This may because a cross usage! This can only occur once:com.miui.home
05-13 15:50:21.371 30329 30385 E LR-AppUsageStatsFactory: aggregate()......Fail since invalid params.
05-13 15:50:21.371 30329 30385 E LR-AppUsageStatsFactory: Ops! Fail to aggregate~
05-13 15:50:21.371 30329 30385 D LR-AppUsageStatsFactory: loadTodayTotalTimeForPackage()......pkgName=com.dealabs.apps.android
05-13 15:50:21.372 30329 30385 E LR-AppUsageStatsFactory: aggregate()......Fail since invalid params.
05-13 15:50:21.372 30329 30385 E LR-AppUsageStatsFactory: Ops! Fail to aggregate~
05-13 15:50:21.374 30329 30385 D LR-AppUsageStatsFactory: loadTodayTotalTimeForPackage()......pkgName=com.miui.home
05-13 15:50:21.374 30329 30385 E LR-AppUsageStatsFactory: aggregate()......Fail since invalid params.
05-13 15:50:21.374 30329 30385 E LR-AppUsageStatsFactory: Ops! Fail to aggregate~
05-13 15:50:21.375 30329 30385 D LR-AppUsageStatsFactory: loadTodayTotalTimeForPackage()......pkgName=com.google.android.googlequicksearchbox
05-13 15:50:21.375 30329 30385 E LR-AppUsageStatsFactory: aggregate()......Fail since invalid params.
05-13 15:50:21.375 30329 30385 E LR-AppUsageStatsFactory: Ops! Fail to aggregate~
05-13 15:50:21.376 30329 30385 D LR-AppUsageStatsFactory: loadTodayTotalTimeForPackage()......pkgName=android
05-13 15:50:21.376 30329 30385 E LR-AppUsageStatsFactory: aggregate()......Fail since invalid params.
05-13 15:50:21.376 30329 30385 E LR-AppUsageStatsFactory: Ops! Fail to aggregate~
05-13 15:50:21.377 30329 30385 D LR-AppUsageStatsFactory: loadTodayTotalTimeForPackage()......pkgName=com.android.browser
05-13 15:50:21.378 30329 30385 E LR-AppUsageStatsFactory: aggregate()......Fail since invalid params.
05-13 15:50:21.378 30329 30385 E LR-AppUsageStatsFactory: Ops! Fail to aggregate~
05-13 15:50:21.378 30329 30385 D LR-AppUsageStatsFactory: loadTodayTotalTimeForPackage()......pkgName=com.plato.android
05-13 15:50:21.378 30329 30385 E LR-AppUsageStatsFactory: aggregate()......Fail since invalid params.
05-13 15:50:21.379 30329 30385 E LR-AppUsageStatsFactory: Ops! Fail to aggregate~
05-13 15:50:21.380 30329 30385 D LR-AppUsageStatsFactory: loadTodayTotalTimeForPackage()......pkgName=com.plato.android
05-13 15:50:21.382 30329 30385 D LR-AppUsageStatsFactory: loadTodayTotalTimeForPackage()......pkgName=com.miui.home
05-13 15:50:21.383   892  3443 D BufferQueueLayer: Launcher new frame Arrived
05-13 15:50:21.383 30329 30385 D LR-AppUsageStatsFactory: guess()...Last event is MOVE_TO_FOREGROUND, we guess it is still been used. pkgName=com.miui.home
05-13 15:50:21.384 30329 30385 D LR-AppUsageStatsFactory: guess()...gap=6min(380162ms)
05-13 15:50:21.384 30329 30385 D LR-AppUsageStatsFactory: loadTodayTotalTimeForPackage()......pkgName=com.android.contacts
05-13 15:50:21.386 30329 30385 D LR-AppUsageStatsFactory: loadTodayTotalTimeForPackage()......pkgName=com.android.server.telecom
05-13 15:50:21.387 30329 30385 D LR-AppUsageStatsFactory: loadTodayTotalTimeForPackage()......pkgName=com.android.incallui
05-13 15:50:21.388 30329 30385 D LR-CommonUtils: Fail to resolve PackageInfo for com.FlowerGames.FlowerGame
05-13 15:50:21.388 30329 30385 D LR-AppUsageStatsFactory: loadTodayTotalTimeForPackage()......pkgName=com.android.systemui
05-13 15:50:21.389 30329 30385 D LR-AppUsageStatsFactory: loadTodayTotalTimeForPackage()......pkgName=com.android.camera
05-13 15:50:21.391 30329 30385 D LR-AppUsageStatsFactory: loadTodayTotalTimeForPackage()......pkgName=com.miui.gallery
05-13 15:50:21.392 30329 30385 D LR-AppUsageStatsFactory: loadTodayTotalTimeForPackage()......pkgName=com.facebook.katana
05-13 15:50:21.393 30329 30385 D LR-AppUsageStatsFactory: loadTodayTotalTimeForPackage()......pkgName=com.android.settings
05-13 15:50:21.404 30329 30385 E LR-AppUsageStatsFactory: filterUsageEventResult()......Skip, filter out the stat for no icon on launcher / special, pkgName=android
05-13 15:50:21.404 30329 30385 E LR-AppUsageStatsFactory: filterUsageEventResult()......Skip, filter out the stat for no icon on launcher / special, pkgName=com.google.android.permissioncontroller
05-13 15:50:21.404 30329 30385 E LR-AppUsageStatsFactory: filterUsageEventResult()......Skip, filter out the stat for no icon on launcher / special, pkgName=com.android.incallui
05-13 15:50:21.404 30329 30385 E LR-AppUsageStatsFactory: filterUsageEventResult()......Skip, filter out the stat for no icon on launcher / special, pkgName=com.android.server.telecom
05-13 15:50:21.404 30329 30385 E LR-AppUsageStatsFactory: filterUsageEventResult()......Skip, filter out the stat for no icon on launcher / special, pkgName=com.android.systemui
05-13 15:50:21.405 30329 30385 E LR-AppUsageStatsFactory: filterUsageEventResult()......Skip, filter out the stat for no icon on launcher / special, pkgName=com.miui.home
05-13 15:50:21.405 30329 30385 D AppInfoUtils: loadTodayData:duration=412
05-13 15:50:21.549 30393 30393 I LoadedApk: No resource references to update in package com.android.chrome.autofill_assistant
