--------- beginning of main
05-14 18:20:39.411  3564  2944 W FlatFileLogStore: Excessive logging: 1 events, 204283 bytes from log source WESTWORLD last 0s
05-14 18:20:39.413  3564  2944 W FlatFileLogStore: Excessive logging: 1 events, 204259 bytes from log source WESTWORLD last 0s
05-14 18:20:39.540   561   561 I hwservicemanager: getTransport: Cannot find entry vendor.qti.hardware.servicetracker@1.0::IServicetracker/default in either framework or device manifest.
05-14 18:20:39.603  4212  4212 W /system/bin/adbd: type=1400 audit(0.0:151796): avc: denied { search } for comm=73796E6320737663203137 name="oem" dev="dm-0" ino=58 scontext=u:r:adbd:s0 tcontext=u:object_r:oemfs:s0 tclass=dir permissive=0
05-14 18:20:39.773  4212  4212 I chatty  : uid=2000(shell) /system/bin/adbd identical 3 lines
05-14 18:20:39.823  4212  4212 W /system/bin/adbd: type=1400 audit(0.0:151800): avc: denied { search } for comm=73796E6320737663203137 name="oem" dev="dm-0" ino=58 scontext=u:r:adbd:s0 tcontext=u:object_r:oemfs:s0 tclass=dir permissive=0
05-14 18:20:39.838  4212  4212 E adbd    : failed to connect to socket 'tcp:6666': Connection refused
05-14 18:20:40.613  4212  4212 W /system/bin/adbd: type=1400 audit(0.0:151831): avc: denied { search } for comm=73796E6320737663203137 name="oem" dev="dm-0" ino=58 scontext=u:r:adbd:s0 tcontext=u:object_r:oemfs:s0 tclass=dir permissive=0
05-14 18:20:40.703  4212  4212 I chatty  : uid=2000(shell) /system/bin/adbd identical 3 lines
05-14 18:20:40.733  4212  4212 W /system/bin/adbd: type=1400 audit(0.0:151835): avc: denied { search } for comm=73796E6320737663203137 name="oem" dev="dm-0" ino=58 scontext=u:r:adbd:s0 tcontext=u:object_r:oemfs:s0 tclass=dir permissive=0
05-14 18:20:41.077  1620  2642 I MiuiNetworkPolicy: updateUidState uid = 10170, uidState = 20
05-14 18:20:41.380   561   561 I hwservicemanager: getTransport: Cannot find entry vendor.qti.hardware.servicetracker@1.0::IServicetracker/default in either framework or device manifest.
05-14 18:20:41.382   561   561 I hwservicemanager: getTransport: Cannot find entry vendor.qti.hardware.servicetracker@1.0::IServicetracker/default in either framework or device manifest.
05-14 18:20:41.385  1620  2642 I MiuiNetworkPolicy: updateUidState uid = 10091, uidState = 11
05-14 18:20:41.385  1620  2642 I MiuiNetworkPolicy: updateMLUid uid:10091,old:6,new:11
05-14 18:20:41.385  1620  2642 I MiuiNetworkPolicy: isMLEnabled state:6,uid:10091,connect:CONNECTED
05-14 18:20:41.385  1620  2642 I MiuiNetworkPolicy: isMLEnabled state:11,uid:10091,connect:CONNECTED
05-14 18:20:41.389  1620  2642 I MiuiNetworkPolicy: updateUidState uid = 10091, uidState = 20
05-14 18:20:41.389  1620  2642 I MiuiNetworkPolicy: updateMLUid uid:10091,old:11,new:20
05-14 18:20:41.389  1620  2642 I MiuiNetworkPolicy: isMLEnabled state:11,uid:10091,connect:CONNECTED
05-14 18:20:41.389  1620  2642 I MiuiNetworkPolicy: isMLEnabled state:20,uid:10091,connect:CONNECTED
05-14 18:20:41.417   673   673 I Zygote  : Process 9202 exited due to signal 9 (Killed)
05-14 18:20:41.419   561   561 I hwservicemanager: getTransport: Cannot find entry vendor.qti.hardware.servicetracker@1.0::IServicetracker/default in either framework or device manifest.
05-14 18:20:41.420  1620  1715 I libprocessgroup: Successfully killed process cgroup uid 10118 pid 9202 in 32ms
05-14 18:20:41.523   561   561 I hwservicemanager: getTransport: Cannot find entry vendor.qti.hardware.servicetracker@1.0::IServicetracker/default in either framework or device manifest.
05-14 18:20:41.538   561   561 I chatty  : uid=1000(system) hwservicemanage identical 6 lines
05-14 18:20:41.593   561   561 I hwservicemanager: getTransport: Cannot find entry vendor.qti.hardware.servicetracker@1.0::IServicetracker/default in either framework or device manifest.
05-14 18:20:41.633  4212  4212 W /system/bin/adbd: type=1400 audit(0.0:151878): avc: denied { search } for comm=73796E6320737663203137 name="oem" dev="dm-0" ino=58 scontext=u:r:adbd:s0 tcontext=u:object_r:oemfs:s0 tclass=dir permissive=0
05-14 18:20:41.703  4212  4212 I chatty  : uid=2000(shell) /system/bin/adbd identical 3 lines
05-14 18:20:41.743  4212  4212 W /system/bin/adbd: type=1400 audit(0.0:151882): avc: denied { search } for comm=73796E6320737663203137 name="oem" dev="dm-0" ino=58 scontext=u:r:adbd:s0 tcontext=u:object_r:oemfs:s0 tclass=dir permissive=0
05-14 18:20:41.868  4212  4212 E adbd    : failed to connect to socket 'tcp:6666': Connection refused
05-14 18:20:42.080  5038  5041 I nightwatch-watcher: monitor resources last 1000 iteration: 100797 msec
05-14 18:20:42.494  5099  5099 D NfcService: Received android.intent.action.BATTERY_CHANGED
05-14 18:20:42.495  7660  7660 I BatteryInfoReceiver: ACTION_BATTERY_CHANGED
05-14 18:20:42.497  2763  2763 D KeyguardUpdateMonitor: received broadcast android.intent.action.BATTERY_CHANGED
05-14 18:20:42.498  7915  8035 D PowerCheckerService: onBatteryChanged, mBatteryLevel = 71, status = 2, level = 71, plug = 2, scale = 100
05-14 18:20:42.578   561   561 I hwservicemanager: getTransport: Cannot find entry vendor.qti.hardware.servicetracker@1.0::IServicetracker/default in either framework or device manifest.
05-14 18:20:42.584  1620  2642 I MiuiNetworkPolicy: updateUidState uid = 10127, uidState = 20
05-14 18:20:42.584  1620  2642 I MiuiNetworkPolicy: updateMLUid uid:10127,old:16,new:20
05-14 18:20:42.584  1620  2642 I MiuiNetworkPolicy: isMLEnabled state:16,uid:10127,connect:CONNECTED
05-14 18:20:42.584  1620  2642 I MiuiNetworkPolicy: isMLEnabled state:20,uid:10127,connect:CONNECTED
05-14 18:20:42.619   673   673 I Zygote  : Process 9152 exited due to signal 9 (Killed)
05-14 18:20:42.619  1620  1715 I libprocessgroup: Successfully killed process cgroup uid 10202 pid 9152 in 37ms
05-14 18:20:42.621   561   561 I hwservicemanager: getTransport: Cannot find entry vendor.qti.hardware.servicetracker@1.0::IServicetracker/default in either framework or device manifest.
05-14 18:20:42.625  1620  2642 I MiuiNetworkPolicy: removeUidState uid = 10202
05-14 18:20:42.653  4212  4212 W /system/bin/adbd: type=1400 audit(0.0:151932): avc: denied { search } for comm=73796E6320737663203137 name="oem" dev="dm-0" ino=58 scontext=u:r:adbd:s0 tcontext=u:object_r:oemfs:s0 tclass=dir permissive=0
05-14 18:20:42.670 10222 10401 V ClClient: SEND(23)	KeepAliveRequest_4()	UID:c7e19a17-6e88-4f57-92c4-c9c288637743
05-14 18:20:42.673  4212  4212 W /system/bin/adbd: type=1400 audit(0.0:151933): avc: denied { search } for comm=73796E6320737663203137 name="oem" dev="dm-0" ino=58 scontext=u:r:adbd:s0 tcontext=u:object_r:oemfs:s0 tclass=dir permissive=0
05-14 18:20:42.673  4212  4212 I chatty  : uid=2000(shell) /system/bin/adbd identical 2 lines
05-14 18:20:42.673  4212  4212 W /system/bin/adbd: type=1400 audit(0.0:151936): avc: denied { search } for comm=73796E6320737663203137 name="oem" dev="dm-0" ino=58 scontext=u:r:adbd:s0 tcontext=u:object_r:oemfs:s0 tclass=dir permissive=0
05-14 18:20:42.772 10222 10400 V ClClient: RECV(23)  +0,1s	KeepAliveResponse_5(hasEstablishedSession=true)
05-14 18:20:43.663  4212  4212 W /system/bin/adbd: type=1400 audit(0.0:151977): avc: denied { search } for comm=73796E6320737663203137 name="oem" dev="dm-0" ino=58 scontext=u:r:adbd:s0 tcontext=u:object_r:oemfs:s0 tclass=dir permissive=0
05-14 18:20:43.703  4212  4212 I chatty  : uid=2000(shell) /system/bin/adbd identical 3 lines
05-14 18:20:43.723  4212  4212 W /system/bin/adbd: type=1400 audit(0.0:151981): avc: denied { search } for comm=73796E6320737663203137 name="oem" dev="dm-0" ino=58 scontext=u:r:adbd:s0 tcontext=u:object_r:oemfs:s0 tclass=dir permissive=0
05-14 18:20:43.891  4212  4212 E adbd    : failed to connect to socket 'tcp:6666': Connection refused
05-14 18:20:44.673  4212  4212 W /system/bin/adbd: type=1400 audit(0.0:152102): avc: denied { search } for comm=73796E6320737663203137 name="oem" dev="dm-0" ino=58 scontext=u:r:adbd:s0 tcontext=u:object_r:oemfs:s0 tclass=dir permissive=0
05-14 18:20:44.733  4212  4212 I chatty  : uid=2000(shell) /system/bin/adbd identical 3 lines
05-14 18:20:44.753  4212  4212 W /system/bin/adbd: type=1400 audit(0.0:152106): avc: denied { search } for comm=73796E6320737663203137 name="oem" dev="dm-0" ino=58 scontext=u:r:adbd:s0 tcontext=u:object_r:oemfs:s0 tclass=dir permissive=0
05-14 18:20:44.875  2763  3223 D NetworkController.MobileSignalController(1): 4G level = 5
05-14 18:20:44.896   561   561 I hwservicemanager: getTransport: Cannot find entry vendor.qti.hardware.servicetracker@1.0::IServicetracker/default in either framework or device manifest.
05-14 18:20:44.904  1620  2642 I MiuiNetworkPolicy: updateUidState uid = 10109, uidState = 20
05-14 18:20:44.905  1620  2642 I MiuiNetworkPolicy: updateMLUid uid:10109,old:16,new:20
05-14 18:20:44.905  1620  2642 I MiuiNetworkPolicy: isMLEnabled state:16,uid:10109,connect:CONNECTED
05-14 18:20:44.905  1620  2642 I MiuiNetworkPolicy: isMLEnabled state:20,uid:10109,connect:CONNECTED
05-14 18:20:44.931   673   673 I Zygote  : Process 9618 exited due to signal 9 (Killed)
05-14 18:20:44.932   561   561 I hwservicemanager: getTransport: Cannot find entry vendor.qti.hardware.servicetracker@1.0::IServicetracker/default in either framework or device manifest.
05-14 18:20:44.934  1620  1715 I libprocessgroup: Successfully killed process cgroup uid 10074 pid 9618 in 31ms
05-14 18:20:44.935  1620  2642 I MiuiNetworkPolicy: removeUidState uid = 10074
05-14 18:20:45.205  1620  2642 I MiuiNetworkPolicy: updateUidState uid = 1000, uidState = 0
05-14 18:20:45.683  4212  4212 W /system/bin/adbd: type=1400 audit(0.0:152698): avc: denied { search } for comm=73796E6320737663203137 name="oem" dev="dm-0" ino=58 scontext=u:r:adbd:s0 tcontext=u:object_r:oemfs:s0 tclass=dir permissive=0
05-14 18:20:45.683  4212  4212 I chatty  : uid=2000(shell) /system/bin/adbd identical 3 lines
05-14 18:20:45.683  4212  4212 W /system/bin/adbd: type=1400 audit(0.0:152702): avc: denied { search } for comm=73796E6320737663203137 name="oem" dev="dm-0" ino=58 scontext=u:r:adbd:s0 tcontext=u:object_r:oemfs:s0 tclass=dir permissive=0
05-14 18:20:45.896  4212  4212 E adbd    : failed to connect to socket 'tcp:6666': Connection refused
05-14 18:20:46.165   561   561 I hwservicemanager: getTransport: Cannot find entry vendor.qti.hardware.servicetracker@1.0::IServicetracker/default in either framework or device manifest.
05-14 18:20:46.693  4212  4212 W /system/bin/adbd: type=1400 audit(0.0:152953): avc: denied { search } for comm=73796E6320737663203137 name="oem" dev="dm-0" ino=58 scontext=u:r:adbd:s0 tcontext=u:object_r:oemfs:s0 tclass=dir permissive=0
05-14 18:20:46.753  4212  4212 I chatty  : uid=2000(shell) /system/bin/adbd identical 3 lines
05-14 18:20:46.763  4212  4212 W /system/bin/adbd: type=1400 audit(0.0:152957): avc: denied { search } for comm=73796E6320737663203137 name="oem" dev="dm-0" ino=58 scontext=u:r:adbd:s0 tcontext=u:object_r:oemfs:s0 tclass=dir permissive=0
05-14 18:20:47.002  1192  1192 I cnss-daemon: nl80211 response handler invoked
05-14 18:20:47.002  1192  1192 I cnss-daemon: nl80211_response_handler: cmd 103, vendorID 4980, subcmd 10  received
05-14 18:20:47.002   789 26547 I WifiHAL : event received NL80211_CMD_VENDOR, vendor_id = 0x1374, subcmd = 0xa
05-14 18:20:47.004 26515 26515 I wpa_supplicant: wlan0: CTRL-EVENT-AVOID-FREQ ranges=5500-5640
05-14 18:20:47.006 26515 26515 I wpa_supplicant: wlan0: CTRL-EVENT-REGDOM-CHANGE init=DRIVER type=COUNTRY alpha2=FR
05-14 18:20:47.723  4212  4212 W /system/bin/adbd: type=1400 audit(0.0:153189): avc: denied { search } for comm=73796E6320737663203137 name="oem" dev="dm-0" ino=58 scontext=u:r:adbd:s0 tcontext=u:object_r:oemfs:s0 tclass=dir permissive=0
05-14 18:20:47.783  4212  4212 I chatty  : uid=2000(shell) /system/bin/adbd identical 3 lines
05-14 18:20:47.813  4212  4212 W /system/bin/adbd: type=1400 audit(0.0:153193): avc: denied { search } for comm=73796E6320737663203137 name="oem" dev="dm-0" ino=58 scontext=u:r:adbd:s0 tcontext=u:object_r:oemfs:s0 tclass=dir permissive=0
05-14 18:20:47.902  4212  4212 E adbd    : failed to connect to socket 'tcp:6666': Connection refused
05-14 18:20:48.733  4212  4212 W /system/bin/adbd: type=1400 audit(0.0:153464): avc: denied { search } for comm=73796E6320737663203137 name="oem" dev="dm-0" ino=58 scontext=u:r:adbd:s0 tcontext=u:object_r:oemfs:s0 tclass=dir permissive=0
05-14 18:20:49.783  4212  4212 I chatty  : uid=2000(shell) /system/bin/adbd identical 7 lines
05-14 18:20:49.783  4212  4212 W /system/bin/adbd: type=1400 audit(0.0:153760): avc: denied { search } for comm=73796E6320737663203137 name="oem" dev="dm-0" ino=58 scontext=u:r:adbd:s0 tcontext=u:object_r:oemfs:s0 tclass=dir permissive=0
05-14 18:20:49.810   561   561 I hwservicemanager: getTransport: Cannot find entry vendor.qti.hardware.servicetracker@1.0::IServicetracker/default in either framework or device manifest.
05-14 18:20:49.803  4212  4212 W /system/bin/adbd: type=1400 audit(0.0:153761): avc: denied { search } for comm=73796E6320737663203137 name="oem" dev="dm-0" ino=58 scontext=u:r:adbd:s0 tcontext=u:object_r:oemfs:s0 tclass=dir permissive=0
05-14 18:20:49.820  1620  4586 D CompatibilityInfo: mCompatibilityFlags - 0
05-14 18:20:49.820  1620  4586 D CompatibilityInfo: applicationDensity - 440
05-14 18:20:49.820  1620  4586 D CompatibilityInfo: applicationScale - 1.0
05-14 18:20:49.821   561   561 I hwservicemanager: getTransport: Cannot find entry vendor.qti.hardware.servicetracker@1.0::IServicetracker/default in either framework or device manifest.
05-14 18:20:49.823  3564  3564 W ChimeraUtils: Non Chimera context
05-14 18:20:49.823  3564  3564 W ChimeraUtils: Non Chimera context
05-14 18:20:49.833   561   561 I hwservicemanager: getTransport: Cannot find entry vendor.qti.hardware.servicetracker@1.0::IServicetracker/default in either framework or device manifest.
05-14 18:20:49.845   673   673 I Zygote  : Process 8818 exited due to signal 9 (Killed)
05-14 18:20:49.845   561   561 I hwservicemanager: getTransport: Cannot find entry vendor.qti.hardware.servicetracker@1.0::IServicetracker/default in either framework or device manifest.
05-14 18:20:49.846  1620  1715 I libprocessgroup: Successfully killed process cgroup uid 10133 pid 8818 in 32ms
05-14 18:20:49.848  1620  2642 I MiuiNetworkPolicy: removeUidState uid = 10133
05-14 18:20:49.881   673   673 I Zygote  : Process 7519 exited due to signal 9 (Killed)
05-14 18:20:49.882  1620  1715 I libprocessgroup: Successfully killed process cgroup uid 10199 pid 7519 in 36ms
05-14 18:20:49.885   561   561 I hwservicemanager: getTransport: Cannot find entry vendor.qti.hardware.servicetracker@1.0::IServicetracker/default in either framework or device manifest.
05-14 18:20:49.888  1620  2642 I MiuiNetworkPolicy: removeUidState uid = 10199
05-14 18:20:49.909  4212  4212 E adbd    : failed to connect to socket 'tcp:6666': Connection refused
05-14 18:20:50.763  4212  4212 W /system/bin/adbd: type=1400 audit(0.0:153815): avc: denied { search } for comm=73796E6320737663203137 name="oem" dev="dm-0" ino=58 scontext=u:r:adbd:s0 tcontext=u:object_r:oemfs:s0 tclass=dir permissive=0
05-14 18:20:51.773  4212  4212 I chatty  : uid=2000(shell) /system/bin/adbd identical 8 lines
05-14 18:20:51.773  4212  4212 W /system/bin/adbd: type=1400 audit(0.0:153904): avc: denied { search } for comm=73796E6320737663203137 name="oem" dev="dm-0" ino=58 scontext=u:r:adbd:s0 tcontext=u:object_r:oemfs:s0 tclass=dir permissive=0
05-14 18:20:51.915  4212  4212 E adbd    : failed to connect to socket 'tcp:6666': Connection refused
05-14 18:20:52.554  2763  3223 D NetworkController.MobileSignalController(1): 4G level = 5
05-14 18:20:52.672 10222 10401 V ClClient: SEND(24)	KeepAliveRequest_4()	UID:dce0fc30-0fe3-44d3-9d50-0c6ceeb56f45
05-14 18:20:52.780 10222 10400 V ClClient: RECV(24)  +0,1s	KeepAliveResponse_5(hasEstablishedSession=true)
05-14 18:20:52.793  4212  4212 W /system/bin/adbd: type=1400 audit(0.0:154296): avc: denied { search } for comm=73796E6320737663203137 name="oem" dev="dm-0" ino=58 scontext=u:r:adbd:s0 tcontext=u:object_r:oemfs:s0 tclass=dir permissive=0
05-14 18:20:52.793  4212  4212 I chatty  : uid=2000(shell) /system/bin/adbd identical 3 lines
05-14 18:20:52.793  4212  4212 W /system/bin/adbd: type=1400 audit(0.0:154300): avc: denied { search } for comm=73796E6320737663203137 name="oem" dev="dm-0" ino=58 scontext=u:r:adbd:s0 tcontext=u:object_r:oemfs:s0 tclass=dir permissive=0
05-14 18:20:53.623  8912  9917 I PlayCommon: [2698] anrj.c(25): Preparing logs for uploading
05-14 18:20:53.630  8912  9917 W PlayCommon: [2698] anrj.a(7): No account for auth token provided
05-14 18:20:53.631  8912  9917 I PlayCommon: [2698] anrj.c(179): Connecting to server: https://play.googleapis.com/play/log?format=raw&proto_v2=true
05-14 18:20:53.679   672 12813 E ResolverController: No valid NAT64 prefix (124, <unspecified>/0)
05-14 18:20:53.801  8912  9917 I PlayCommon: [2698] anrj.c(210): Successfully uploaded logs.
05-14 18:20:53.813  4212  4212 W /system/bin/adbd: type=1400 audit(0.0:154479): avc: denied { search } for comm=73796E6320737663203137 name="oem" dev="dm-0" ino=58 scontext=u:r:adbd:s0 tcontext=u:object_r:oemfs:s0 tclass=dir permissive=0
05-14 18:20:53.873  4212  4212 I chatty  : uid=2000(shell) /system/bin/adbd identical 3 lines
05-14 18:20:53.893  4212  4212 W /system/bin/adbd: type=1400 audit(0.0:154483): avc: denied { search } for comm=73796E6320737663203137 name="oem" dev="dm-0" ino=58 scontext=u:r:adbd:s0 tcontext=u:object_r:oemfs:s0 tclass=dir permissive=0
05-14 18:20:53.921  4212  4212 E adbd    : failed to connect to socket 'tcp:6666': Connection refused
05-14 18:20:53.991   561   561 I hwservicemanager: getTransport: Cannot find entry vendor.qti.hardware.servicetracker@1.0::IServicetracker/default in either framework or device manifest.
05-14 18:20:54.001   561   561 I chatty  : uid=1000(system) hwservicemanage identical 3 lines
05-14 18:20:54.211   561   561 I hwservicemanager: getTransport: Cannot find entry vendor.qti.hardware.servicetracker@1.0::IServicetracker/default in either framework or device manifest.
05-14 18:20:54.795  2763  3223 D NetworkController.MobileSignalController(1): 4G level = 5
05-14 18:20:54.842   561   561 I hwservicemanager: getTransport: Cannot find entry vendor.qti.hardware.servicetracker@1.0::IServicetracker/default in either framework or device manifest.
05-14 18:20:54.844   561   561 I hwservicemanager: getTransport: Cannot find entry vendor.qti.hardware.servicetracker@1.0::IServicetracker/default in either framework or device manifest.
05-14 18:20:54.843  4212  4212 W /system/bin/adbd: type=1400 audit(0.0:154528): avc: denied { search } for comm=73796E6320737663203137 name="oem" dev="dm-0" ino=58 scontext=u:r:adbd:s0 tcontext=u:object_r:oemfs:s0 tclass=dir permissive=0
05-14 18:20:54.883  4212  4212 I chatty  : uid=2000(shell) /system/bin/adbd identical 3 lines
05-14 18:20:54.883  4212  4212 W /system/bin/adbd: type=1400 audit(0.0:154532): avc: denied { search } for comm=73796E6320737663203137 name="oem" dev="dm-0" ino=58 scontext=u:r:adbd:s0 tcontext=u:object_r:oemfs:s0 tclass=dir permissive=0
05-14 18:20:55.930  4212  4212 E adbd    : failed to connect to socket 'tcp:6666': Connection refused
05-14 18:20:57.675  2763  3223 D NetworkController.MobileSignalController(1): 4G level = 5
05-14 18:20:58.015  4212  4212 E adbd    : failed to connect to socket 'tcp:6666': Connection refused
05-14 18:20:58.887  2763  2763 D KeyguardUpdateMonitor: received broadcast android.intent.action.BATTERY_CHANGED
05-14 18:20:58.888  5099  5099 D NfcService: Received android.intent.action.BATTERY_CHANGED
05-14 18:20:58.888  7660  7660 I BatteryInfoReceiver: ACTION_BATTERY_CHANGED
05-14 18:20:58.888  7915  8035 D PowerCheckerService: onBatteryChanged, mBatteryLevel = 71, status = 2, level = 71, plug = 2, scale = 100
05-14 18:21:00.024  2763  2763 D KeyguardUpdateMonitor: handleTimeUpdate
05-14 18:21:00.061  4212  4212 E adbd    : failed to connect to socket 'tcp:6666': Connection refused
05-14 18:21:00.077 10222 12828 D EventNotificationJob: Running EventNotificationJob, isDetail=true
05-14 18:21:00.088 10222 12829 D UpcomingEventsDataProvider: load from memory cache, loaded upcoming events count: 0
05-14 18:21:00.103 10222 10558 D UpcomingEventsDataProvider: reset isLoadingEvents
05-14 18:21:00.191 10222 10243 V outlook.perf: 2020-05-14T18:21:00.077 RUNTIME_PROFILER ObjectGraphImpl :: com.acompli.acompli.services.EventNotificationJob ran in 5 ms
05-14 18:21:00.193 10222 10243 V outlook.perf: 2020-05-14T18:20:00.009 RUNTIME_PROFILER ObjectGraphImpl :: com.acompli.acompli.services.EventNotificationJob ran in 0 ms
05-14 18:21:00.204 10222 12828 D EventNotificationJob: processEventList() on [9] events. First cleaning up expired notifications.
05-14 18:21:00.213 10222 12828 D EventNotificationJob: Finished cleaning up notifications. Generating new notifications next
05-14 18:21:00.214 10222 12828 D EventNotificationJob:   finished processing events.
05-14 18:21:00.235  2763  3223 D NetworkController.MobileSignalController(1): 4G level = 5
--------- beginning of system
05-14 18:21:01.989  1620  5107 I ActivityTaskManager: START u0 {flg=0x10000000 cmp=com.FlowerGames.FlowerGame/com.epicgames.ue4.SplashActivity} from uid 2000
05-14 18:21:01.993  1620  5107 E ANDR-PERF-JNI: com_qualcomm_qtiperformance_native_perf_io_prefetch_start
05-14 18:21:02.006  1620  5107 D CompatibilityInfo: mCompatibilityFlags - 0
05-14 18:21:02.006  1620  5107 D CompatibilityInfo: applicationDensity - 440
05-14 18:21:02.006  1620  5107 D CompatibilityInfo: applicationScale - 1.0
05-14 18:21:02.007  1620  5107 D ActivityTrigger: ActivityTrigger activityPauseTrigger 
05-14 18:21:02.010  3214  3214 D Launcher.Lifecycle: onPause:UserHandle{0},2d8b5bf,true
05-14 18:21:02.010  3214  3214 D Launcher_UnlockAnimationStateMachine: setState:PAUSE_WAIT
05-14 18:21:02.011  1620  1727 I SettingsInjector: notify first launch
05-14 18:21:02.013  2763  2763 D EventBus: [2763, u0] send(AppTransitionFinishedEvent)
05-14 18:21:02.013  2763  2763 D EventBus: [2763, u0]  -> ForcedResizableInfoActivityController [0xe75ca23, P1] onBusEvent(AppTransitionFinishedEvent)
05-14 18:21:02.013  2763  2763 D EventBus: [2763, u0] onBusEvent(AppTransitionFinishedEvent) duration: 27 microseconds, avg: 747
05-14 18:21:02.003   803   803 W perf@2.0-servic: type=1400 audit(0.0:154585): avc: denied { search } for name="1620" dev="proc" ino=700 scontext=u:r:hal_perf_default:s0 tcontext=u:r:system_server:s0 tclass=dir permissive=0
05-14 18:21:02.003   803   803 W perf@2.0-servic: type=1400 audit(0.0:154586): avc: denied { search } for name="1620" dev="proc" ino=700 scontext=u:r:hal_perf_default:s0 tcontext=u:r:system_server:s0 tclass=dir permissive=0
05-14 18:21:02.031   801   901 E ANDR-IOP: io prefetch is disabled
05-14 18:21:02.046  1620  1727 W ActivityManager: Sending non-protected broadcast miui.intent.action.PACKAGE_FIRST_LAUNCH from system uid 1000 pkg null. Callers=com.android.server.am.ActivityManagerService.broadcastIntentLocked:15863 com.android.server.am.ActivityManagerService.broadcastIntentLocked:15217 com.android.server.am.ActivityManagerService.broadcastIntent:16006 com.android.server.pm.IActivityManagerCompat.sendBroadcast:19 com.android.server.pm.SettingsInjector$1.run:117 
05-14 18:21:02.051  1620  2954 I ActivityTaskManager: Config changes=20000480 {1.0 208mcc1mnc [fr_FR] ldltr sw392dp w823dp h365dp 440dpi nrml long hdr widecg land finger -keyb/v/h -nav/h winConfig={ mBounds=Rect(0, 0 - 2340, 1080) mAppBounds=Rect(75, 0 - 2340, 1080) mWindowingMode=fullscreen mDisplayWindowingMode=fullscreen mActivityType=undefined mAlwaysOnTop=undefined mRotation=ROTATION_90} s.12288 themeChanged=0 themeChangedFlags=0}
05-14 18:21:02.057   892   892 D FOD     : Launcher Changed hasLauncher=0
05-14 18:21:02.058   892   892 D FOD     : WallPaper Changed hasWallPaper=0
05-14 18:21:02.065  4212  4212 E adbd    : failed to connect to socket 'tcp:6666': Connection refused
05-14 18:21:02.110  1620  2954 I ActivityTaskManager: Override config changes=20000480 {1.0 208mcc1mnc [fr_FR] ldltr sw392dp w823dp h365dp 440dpi nrml long hdr widecg land finger -keyb/v/h -nav/h winConfig={ mBounds=Rect(0, 0 - 2340, 1080) mAppBounds=Rect(75, 0 - 2340, 1080) mWindowingMode=fullscreen mDisplayWindowingMode=fullscreen mActivityType=undefined mAlwaysOnTop=undefined mRotation=ROTATION_90} s.12288 themeChanged=0 themeChangedFlags=0} for displayId=0
05-14 18:21:02.132  1620  2954 I Timeline: Timeline: App_transition_ready time:111056797
05-14 18:21:02.134  1620  2954 I Timeline: Timeline: App_transition_ready time:111056799
05-14 18:21:02.137   892  1724 D BufferQueueLayer: Launcher new frame Arrived
05-14 18:21:02.137  3214  3272 D Launcher: disableStatusBarClock:false
05-14 18:21:02.187  1620  1706 E system_server: Invalid ID 0x00000000.
05-14 18:21:02.193   783   783 W memtrack@1.0-se: type=1400 audit(0.0:154587): avc: denied { search } for name="kgsl" dev="sysfs" ino=55501 scontext=u:r:hal_memtrack_default:s0 tcontext=u:object_r:sysfs_kgsl:s0 tclass=dir permissive=0
05-14 18:21:02.189  1620  1713 I set_top_app: success /proc/3214/top_app:0
05-14 18:21:02.189  1620  1713 I set_top_app: success /proc/3290/top_app:0
05-14 18:21:02.193   783   783 W memtrack@1.0-se: type=1400 audit(0.0:154588): avc: denied { search } for name="kgsl" dev="sysfs" ino=55501 scontext=u:r:hal_memtrack_default:s0 tcontext=u:object_r:sysfs_kgsl:s0 tclass=dir permissive=0
05-14 18:21:02.190  1620  1713 D CompatibilityInfo: mCompatibilityFlags - 0
05-14 18:21:02.190  1620  1713 D CompatibilityInfo: applicationDensity - 440
05-14 18:21:02.190  1620  1713 D CompatibilityInfo: applicationScale - 1.0
05-14 18:21:02.193   783   783 W memtrack@1.0-se: type=1400 audit(0.0:154589): avc: denied { search } for name="kgsl" dev="sysfs" ino=55501 scontext=u:r:hal_memtrack_default:s0 tcontext=u:object_r:sysfs_kgsl:s0 tclass=dir permissive=0
05-14 18:21:02.221  1620  1706 I Timeline: Timeline: App_transition_ready time:111056886
05-14 18:21:02.222  1620  1706 I Timeline: Timeline: App_transition_ready time:111056887
05-14 18:21:02.222  1620  1706 D WindowManager: Input focus has changed to null
05-14 18:21:02.227  1620  1705 I InputManager-JNI: Viewport [0] to add: local:19260674575326081
05-14 18:21:02.229  1620  2176 I InputReader: Reconfiguring input devices.  changes=0x00000004
05-14 18:21:02.231  1620  2648 D NtpTrustedTime: currentTimeMillis() cache hit
05-14 18:21:02.231  1620  2648 D NtpTrustedTime: currentTimeMillis() cache hit
05-14 18:21:02.236  1620  2176 I InputReader: Device reconfigured: id=7, name='fts', size 1080x2340, orientation 1, mode 1, display id 0
05-14 18:21:02.256  1620  1706 I Timeline: Timeline: App_transition_ready time:111056922
05-14 18:21:02.257  1620  1706 I Timeline: Timeline: App_transition_stopped time:111056922
05-14 18:21:02.259   674   674 D Zygote  : Forked child process 12844
05-14 18:21:02.260  3214  3214 D Launcher_WallpaperUtils: changeStatusBarMode:false
05-14 18:21:02.261  1620  1714 D Boost   : hostingType=activity, hostingName={com.FlowerGames.FlowerGame/com.epicgames.ue4.SplashActivity}, callerPackage=null, isSystem=true, isBoostNeeded=false.
05-14 18:21:02.262   672 32158 D OemNetd : setPidForPackage: packageName=com.FlowerGames.FlowerGame, pid=12844, pid=10319
05-14 18:21:02.262  1620  1714 I ActivityManager: Start proc 12844:com.FlowerGames.FlowerGame/u0a319 for activity {com.FlowerGames.FlowerGame/com.epicgames.ue4.SplashActivity} caller=null
05-14 18:21:02.271  3214  3214 D Launcher.ShortcutMenu: calculateScale, heightScale=1.0, widthScale=0.97833335
05-14 18:21:02.272  3214  3214 D Launcher.Lifecycle: onWindowFocusChanged:false,UserHandle{0},2d8b5bf,true
05-14 18:21:02.330  2763  2763 I vol.MiuiVolumeDialogImp: onConfigChanged sensitive config changed
05-14 18:21:02.330  2763  2763 I vol.MiuiVolumeDialogImp: dismissH mShowing:false dialog showing:false reason:8
05-14 18:21:02.333   892   892 W SurfaceFlinger: Slow operation: 64 ms so far, now at display(samsung ea807) prepareFrame completed.
05-14 18:21:02.334   892   892 W SurfaceFlinger: Slow operation: 64 ms so far, now at display(samsung ea807) doComposition completed.
05-14 18:21:02.334   892   892 W SurfaceFlinger: Slow operation: 64 ms so far, now at postComposition completed.
05-14 18:21:02.354  1620  1706 I WindowManager: Screen frozen for +342ms due to Window{1fde2ad u0 Splash Screen com.FlowerGames.FlowerGame}
05-14 18:21:02.385  1620  2954 E Region  : Region::unflatten() failed, invalid region
05-14 18:21:02.389 28890 28890 I Application: onConfigurationChanged:
05-14 18:21:02.405   892   892 W HwcComposer: command 0x4080000 generated error 4
05-14 18:21:02.421   892   892 I chatty  : uid=1000(system) surfaceflinger identical 11 lines
05-14 18:21:02.421   892   892 W HwcComposer: command 0x4080000 generated error 4
05-14 18:21:02.428  2763  3095 D QSTile.CellularTile: handleUpdateState: isMobileDataEnabled: true
05-14 18:21:02.430  2763  3095 D NetworkController.MobileSignalController(1): getDataNetTypeFromServiceState slotId=0  isUsingCarrierAggregation=true
05-14 18:21:02.430  2763  3095 D NetworkTypeUtils: getDataNetTypeFromServiceState:srcDataNetType = 13, destDataNetType 19
05-14 18:21:02.439   892   892 W HwcComposer: command 0x4080000 generated error 4
05-14 18:21:02.440 21594 21594 W BpBinder: Slow Binder: BpBinder transact took 276ms, interface=android.hardware.display.IDisplayManager, code=1 oneway=false
05-14 18:21:02.439   892   892 I chatty  : uid=1000(system) surfaceflinger identical 5 lines
05-14 18:21:02.439   892   892 W HwcComposer: command 0x4080000 generated error 4
05-14 18:21:02.441  2763  3095 D MobileSignalController: updateDataType mSelectedDataTypeIcon[0]=2131233068, mSelectedDataActivityIndex=7
05-14 18:21:02.441  2763  3095 D TelephonyIcons: getSignalStrengthIcon: slot=0, inetCondition=1, level=5, roaming=false, signalstrength=SignalStrength:{mCdma=CellSignalStrengthCdma: cdmaDbm=2147483647 cdmaEcio=2147483647 evdoDbm=2147483647 evdoEcio=2147483647 evdoSnr=2147483647 miuiLevel=0 level=0,mGsm=CellSignalStrengthGsm: rssi=2147483647 ber=2147483647 mTa=2147483647 miuiLevel=0 mLevel=0,mWcdma=CellSignalStrengthWcdma: ss=2147483647 ber=2147483647 rscp=2147483647 ecno=2147483647 miuiLevel=0 level=0,mTdscdma=CellSignalStrengthTdscdma: rssi=2147483647 ber=2147483647 rscp=2147483647 miuiLevel=0 level=0,mLte=CellSignalStrengthLte: rssi=-65 rsrp=-94 rsrq=-11 rssnr=94 cqi=2147483647 ta=2147483647 miuiLevel=5 level=3,mNr=CellSignalStrengthNr:{ csiRsrp = 2147483647 csiRsrq = 2147483647 csiSinr = 2147483647 ssRsrp = 2147483647 ssRsrq = 2147483647 ssSinr = 2147483647 miuiLevel = 0 level = 0 },primary=CellSignalStrengthLte}
05-14 18:21:02.441  2763  3095 D TelephonyIcons: getDataActivity, slot=0, activity=4
05-14 18:21:02.442  2763  3095 D TelephonyIcons: null signal icon name: drawable/stat_sys_signal_null
05-14 18:21:02.442  2763  3095 D TelephonyIcons: getDataTypeIcon sub=0
05-14 18:21:02.443 21720 21720 W BpBinder: Slow Binder: BpBinder transact took 327ms, interface=android.hardware.display.IDisplayManager, code=1 oneway=false
05-14 18:21:02.444  2763  3223 D NetworkController.MobileSignalController(1): 4G level = 5
05-14 18:21:02.446  2763  3095 D NetworkController.MobileSignalController(1): getDataNetTypeFromServiceState slotId=0  isUsingCarrierAggregation=true
05-14 18:21:02.447  2763  3095 D NetworkTypeUtils: getDataNetTypeFromServiceState:srcDataNetType = 13, destDataNetType 19
05-14 18:21:02.447  2763  3095 D MobileSignalController: updateDataType mSelectedDataTypeIcon[0]=2131233068, mSelectedDataActivityIndex=7
05-14 18:21:02.447  2763  3095 D TelephonyIcons: getSignalStrengthIcon: slot=0, inetCondition=1, level=5, roaming=false, signalstrength=SignalStrength:{mCdma=CellSignalStrengthCdma: cdmaDbm=2147483647 cdmaEcio=2147483647 evdoDbm=2147483647 evdoEcio=2147483647 evdoSnr=2147483647 miuiLevel=0 level=0,mGsm=CellSignalStrengthGsm: rssi=2147483647 ber=2147483647 mTa=2147483647 miuiLevel=0 mLevel=0,mWcdma=CellSignalStrengthWcdma: ss=2147483647 ber=2147483647 rscp=2147483647 ecno=2147483647 miuiLevel=0 level=0,mTdscdma=CellSignalStrengthTdscdma: rssi=2147483647 ber=2147483647 rscp=2147483647 miuiLevel=0 level=0,mLte=CellSignalStrengthLte: rssi=-65 rsrp=-94 rsrq=-11 rssnr=94 cqi=2147483647 ta=2147483647 miuiLevel=5 level=3,mNr=CellSignalStrengthNr:{ csiRsrp = 2147483647 csiRsrq = 2147483647 csiSinr = 2147483647 ssRsrp = 2147483647 ssRsrq = 2147483647 ssSinr = 2147483647 miuiLevel = 0 level = 0 },primary=CellSignalStrengthLte}
05-14 18:21:02.447  2763  3095 D TelephonyIcons: getDataActivity, slot=0, activity=4
05-14 18:21:02.448  2763  3095 D TelephonyIcons: null signal icon name: drawable/stat_sys_signal_null
05-14 18:21:02.448  2763  3095 D TelephonyIcons: getDataTypeIcon sub=0
05-14 18:21:02.455   892   892 W HwcComposer: command 0x4080000 generated error 4
05-14 18:21:02.471   892   892 I chatty  : uid=1000(system) surfaceflinger identical 12 lines
05-14 18:21:02.471   892   892 W HwcComposer: command 0x4080000 generated error 4
05-14 18:21:02.472  3214  3214 D Launcher_UnlockAnimationStateMachine: mResetIdleStateRunnable
05-14 18:21:02.476   892  3443 D BufferQueueLayer: Launcher new frame Arrived
05-14 18:21:02.478  1620  5107 D CompatibilityInfo: mCompatibilityFlags - 0
05-14 18:21:02.479  1620  5107 D CompatibilityInfo: applicationDensity - 440
05-14 18:21:02.479  1620  5107 D CompatibilityInfo: applicationScale - 1.0
05-14 18:21:02.480  1620  2642 I MiuiNetworkPolicy: updateUidState uid = 10319, uidState = 20
05-14 18:21:02.485  8359  8359 W Looper  : Slow Looper main: doFrame is 334ms late because of 2 msg, msg 1 took 54ms (seq=25820 running=1ms runnable=51ms late=35ms h=android.view.Choreographer$FrameHandler c=android.view.Choreographer$FrameDisplayEventReceiver), msg 2 took 295ms (seq=25821 running=10ms runnable=211ms io=56ms late=80ms h=android.app.ActivityThread$H w=159)
05-14 18:21:02.487   892  3443 D BufferQueueLayer: Launcher new frame Arrived
05-14 18:21:02.489   892   892 W HwcComposer: command 0x4080000 generated error 4
05-14 18:21:02.489   892   892 I chatty  : uid=1000(system) surfaceflinger identical 5 lines
05-14 18:21:02.489   892   892 W HwcComposer: command 0x4080000 generated error 4
05-14 18:21:02.489  1620  1674 D CompatibilityInfo: mCompatibilityFlags - 0
05-14 18:21:02.489  1620  1674 D CompatibilityInfo: applicationDensity - 440
05-14 18:21:02.489  1620  1674 D CompatibilityInfo: applicationScale - 1.0
05-14 18:21:02.491 17316 20375 D AppStatChecker: first launch package: com.FlowerGames.FlowerGame
05-14 18:21:02.492 17316 20375 D IdProviderImpl: getOAID
05-14 18:21:02.498  1620  5107 D CompatibilityInfo: mCompatibilityFlags - 0
05-14 18:21:02.498  1620  5107 D CompatibilityInfo: applicationDensity - 440
05-14 18:21:02.498  1620  5107 D CompatibilityInfo: applicationScale - 1.0
05-14 18:21:02.504   892   892 W HwcComposer: command 0x4080000 generated error 4
05-14 18:21:02.504   892   892 I chatty  : uid=1000(system) surfaceflinger identical 5 lines
05-14 18:21:02.504   892   892 W HwcComposer: command 0x4080000 generated error 4
05-14 18:21:02.516  1620  2642 I MiuiNetworkPolicy: updateUidState uid = 10106, uidState = 20
05-14 18:21:02.516 28890 12859 D IdProviderImpl: getOAID
05-14 18:21:02.535   892   892 W HwcComposer: command 0x4080000 generated error 4
05-14 18:21:02.535   892   892 I chatty  : uid=1000(system) surfaceflinger identical 5 lines
05-14 18:21:02.535   892   892 W HwcComposer: command 0x4080000 generated error 4
05-14 18:21:02.540   673   673 D Zygote  : Forked child process 12862
05-14 18:21:02.541  1620  1714 D Boost   : hostingType=broadcast, hostingName={com.xiaomi.discover/com.xiaomi.market.receiver.AppActiveReceiver}, callerPackage=null, isSystem=true, isBoostNeeded=false.
05-14 18:21:02.541   672 32158 D OemNetd : setPidForPackage: packageName=com.xiaomi.discover, pid=12862, pid=10106
05-14 18:21:02.541  1620  1714 I ActivityManager: Start proc 12862:com.xiaomi.discover/u0a106 for broadcast {com.xiaomi.discover/com.xiaomi.market.receiver.AppActiveReceiver} caller=null
05-14 18:21:02.545   892   892 W HwcComposer: command 0x4080000 generated error 4
05-14 18:21:02.545   892   892 I chatty  : uid=1000(system) surfaceflinger identical 3 lines
05-14 18:21:02.545   892   892 W HwcComposer: command 0x4080000 generated error 4
05-14 18:21:02.550 28890 12861 D IdProviderImpl: getOAID
05-14 18:21:02.553 22315 22315 I Environment: Environment.getDeviceMode():708 Get device mode by ui mode:1 and smallestScreenWidthDp:392
05-14 18:21:02.555 22315 22315 I chatty  : uid=10194(com.google.android.inputmethod.latin) identical 2 lines
05-14 18:21:02.555 22315 22315 I Environment: Environment.getDeviceMode():708 Get device mode by ui mode:1 and smallestScreenWidthDp:392
05-14 18:21:02.556   892   892 W HwcComposer: command 0x4080000 generated error 4
05-14 18:21:02.556 22315 22315 I Environment: Environment.getDeviceMode():708 Get device mode by ui mode:1 and smallestScreenWidthDp:392
05-14 18:21:02.556   892   892 W HwcComposer: command 0x4080000 generated error 4
05-14 18:21:02.556   892   892 I chatty  : uid=1000(system) surfaceflinger identical 2 lines
05-14 18:21:02.556   892   892 W HwcComposer: command 0x4080000 generated error 4
05-14 18:21:02.556 12862 12862 E xiaomi.discove: Not starting debugger since process cannot load the jdwp agent.
05-14 18:21:02.556 22315 22315 I Environment: Environment.getDeviceMode():708 Get device mode by ui mode:1 and smallestScreenWidthDp:392
05-14 18:21:02.565 10222 10222 D MessageBodyRenderingPool: evicting key=CacheKey{mMessageId='[32768:00000000-0000-0000-8813-1a0000000000]', mScreenWidth=1080, mMessageCount=1}
05-14 18:21:02.569 10222 10222 D MessageBodyRenderingPool: releasing key=CacheKey{mMessageId='[32768:00000000-0000-0000-8813-1a0000000000]', mScreenWidth=1080, mMessageCount=1}
05-14 18:21:02.577  1620  1674 D CompatibilityInfo: mCompatibilityFlags - 0
05-14 18:21:02.577  1620  1674 D CompatibilityInfo: applicationDensity - 440
05-14 18:21:02.577  1620  1674 D CompatibilityInfo: applicationScale - 1.0
05-14 18:21:02.579  1620  1674 D CompatibilityInfo: mCompatibilityFlags - 0
05-14 18:21:02.579  1620  1674 D CompatibilityInfo: applicationDensity - 440
05-14 18:21:02.579  1620  1674 D CompatibilityInfo: applicationScale - 1.0
05-14 18:21:02.580  1620  2642 I MiuiNetworkPolicy: updateUidState uid = 10106, uidState = 12
05-14 18:21:02.580  1620  2642 I MiuiNetworkPolicy: updateMLUid uid:10106,old:20,new:12
05-14 18:21:02.580  1620  2642 I MiuiNetworkPolicy: isMLEnabled state:20,uid:10106,connect:CONNECTED
05-14 18:21:02.580  1620  2642 I MiuiNetworkPolicy: isMLEnabled state:12,uid:10106,connect:CONNECTED
05-14 18:21:02.583  2763  2763 D MiuiGxzwAnimView: onDisplayChanged: oldState = 2, newState = 2
05-14 18:21:02.591   672 12876 E ResolverController: No valid NAT64 prefix (124, <unspecified>/0)
05-14 18:21:02.615  2763  2763 D EventBus: [2763, u0] send(RotationChangedEvent)
05-14 18:21:02.615  2763  2763 D EventBus: [2763, u0]  -> TaskStackView [0x5a75d9, P3] onBusEvent(RotationChangedEvent)
05-14 18:21:02.615  2763  2763 D EventBus: [2763, u0] onBusEvent(RotationChangedEvent) duration: 13 microseconds, avg: 747
05-14 18:21:02.615  2763  2763 D EventBus: [2763, u0]  -> RecentsImpl [0x5cfeb20, P1] onBusEvent(RotationChangedEvent)
05-14 18:21:02.615  2763  2763 D EventBus: [2763, u0] onBusEvent(RotationChangedEvent) duration: 2 microseconds, avg: 747
05-14 18:21:02.616  2763  2763 D EventBus: [2763, u0] send(AppTransitionFinishedEvent)
05-14 18:21:02.616  2763  2763 D EventBus: [2763, u0]  -> ForcedResizableInfoActivityController [0xe75ca23, P1] onBusEvent(AppTransitionFinishedEvent)
05-14 18:21:02.616  2763  2763 D EventBus: [2763, u0] onBusEvent(AppTransitionFinishedEvent) duration: 19 microseconds, avg: 747
05-14 18:21:02.617  2763  2763 D EventBus: [2763, u0] send(AppTransitionFinishedEvent)
05-14 18:21:02.617  2763  2763 D EventBus: [2763, u0]  -> ForcedResizableInfoActivityController [0xe75ca23, P1] onBusEvent(AppTransitionFinishedEvent)
05-14 18:21:02.617  2763  2763 D EventBus: [2763, u0] onBusEvent(AppTransitionFinishedEvent) duration: 6 microseconds, avg: 746
05-14 18:21:02.617  2763  2763 D StatusBar: disable<e i a s b h r c s > disable2<q i n g r >
05-14 18:21:02.617  2763  2763 D PhoneStatusBar/NavigationBarView: setDisabledFlags back:false home:false recent:false
05-14 18:21:02.618  2763  2763 D StatusBarClock:  isNormalMode= true clock visible=true
05-14 18:21:02.637 12862 12862 D ApplicationLoaders: Returning zygote-cached class loader: /system/framework/android.hidl.base-V1.0-java.jar
05-14 18:21:02.637 12862 12862 D ApplicationLoaders: Returning zygote-cached class loader: /system/framework/android.hidl.manager-V1.0-java.jar
05-14 18:21:02.637 12862 12862 D ApplicationLoaders: Returning zygote-cached class loader: /system/framework/android.hidl.base-V1.0-java.jar
05-14 18:21:02.647 10222 10222 D MessageBodyRenderingPool: evicting key=CacheKey{mMessageId='[32768:00000000-0000-0000-1a33-1a0000000000]', mScreenWidth=1080, mMessageCount=1}
05-14 18:21:02.648 10222 10222 D MessageBodyRenderingPool: releasing key=CacheKey{mMessageId='[32768:00000000-0000-0000-1a33-1a0000000000]', mScreenWidth=1080, mMessageCount=1}
05-14 18:21:02.686   892  2699 D BufferQueueLayer: Launcher new frame Arrived
05-14 18:21:02.701   561   561 I hwservicemanager: getTransport: Cannot find entry vendor.qti.hardware.servicetracker@1.0::IServicetracker/default in either framework or device manifest.
05-14 18:21:02.702  1620  5107 D CompatibilityInfo: mCompatibilityFlags - 0
05-14 18:21:02.702  1620  5107 D CompatibilityInfo: applicationDensity - 440
05-14 18:21:02.702  1620  5107 D CompatibilityInfo: applicationScale - 1.0
05-14 18:21:02.705 10222 10401 V ClClient: SEND(25)	KeepAliveRequest_4()	UID:b9abe96c-4711-4146-a97d-0812b8cd2181
05-14 18:21:02.709   561   561 I hwservicemanager: getTransport: Cannot find entry vendor.qti.hardware.servicetracker@1.0::IServicetracker/default in either framework or device manifest.
05-14 18:21:02.734  2763  2763 D BluetoothController: fireStateChange
05-14 18:21:02.765  2763  2763 D StatusBarClock:  isNormalMode= true clock visible=true
05-14 18:21:02.807 10222 10400 V ClClient: RECV(25)  +0,1s	KeepAliveResponse_5(hasEstablishedSession=true)
05-14 18:21:02.815   561   561 I hwservicemanager: getTransport: Cannot find entry vendor.qti.hardware.servicetracker@1.0::IServicetracker/default in either framework or device manifest.
05-14 18:21:02.815  2763  2763 V KeyguardUpdateMonitor: *** unregister callback for com.android.systemui.BatteryMeterView$1@a777890
05-14 18:21:02.816  1620  5107 D CompatibilityInfo: mCompatibilityFlags - 0
05-14 18:21:02.816  1620  5107 D CompatibilityInfo: applicationDensity - 440
05-14 18:21:02.816  1620  5107 D CompatibilityInfo: applicationScale - 1.0
05-14 18:21:02.817   561   561 I hwservicemanager: getTransport: Cannot find entry vendor.qti.hardware.servicetracker@1.0::IServicetracker/default in either framework or device manifest.
05-14 18:21:02.825   561   561 I chatty  : uid=1000(system) hwservicemanage identical 1 line
05-14 18:21:02.826   561   561 I hwservicemanager: getTransport: Cannot find entry vendor.qti.hardware.servicetracker@1.0::IServicetracker/default in either framework or device manifest.
05-14 18:21:02.842  2763  2763 D NetworkController.MobileSignalController(1): getDataNetTypeFromServiceState slotId=0  isUsingCarrierAggregation=true
05-14 18:21:02.842  2763  2763 D NetworkTypeUtils: getDataNetTypeFromServiceState:srcDataNetType = 13, destDataNetType 19
05-14 18:21:02.842  2763  2763 D MobileSignalController: updateDataType mSelectedDataTypeIcon[0]=2131233068, mSelectedDataActivityIndex=7
05-14 18:21:02.842  2763  2763 D TelephonyIcons: getSignalStrengthIcon: slot=0, inetCondition=1, level=5, roaming=false, signalstrength=SignalStrength:{mCdma=CellSignalStrengthCdma: cdmaDbm=2147483647 cdmaEcio=2147483647 evdoDbm=2147483647 evdoEcio=2147483647 evdoSnr=2147483647 miuiLevel=0 level=0,mGsm=CellSignalStrengthGsm: rssi=2147483647 ber=2147483647 mTa=2147483647 miuiLevel=0 mLevel=0,mWcdma=CellSignalStrengthWcdma: ss=2147483647 ber=2147483647 rscp=2147483647 ecno=2147483647 miuiLevel=0 level=0,mTdscdma=CellSignalStrengthTdscdma: rssi=2147483647 ber=2147483647 rscp=2147483647 miuiLevel=0 level=0,mLte=CellSignalStrengthLte: rssi=-65 rsrp=-94 rsrq=-11 rssnr=94 cqi=2147483647 ta=2147483647 miuiLevel=5 level=3,mNr=CellSignalStrengthNr:{ csiRsrp = 2147483647 csiRsrq = 2147483647 csiSinr = 2147483647 ssRsrp = 2147483647 ssRsrq = 2147483647 ssSinr = 2147483647 miuiLevel = 0 level = 0 },primary=CellSignalStrengthLte}
05-14 18:21:02.843  2763  2763 D TelephonyIcons: getDataActivity, slot=0, activity=4
05-14 18:21:02.843  2763  2763 D TelephonyIcons: null signal icon name: drawable/stat_sys_signal_null
05-14 18:21:02.843  2763  2763 D TelephonyIcons: getDataTypeIcon sub=0
05-14 18:21:02.844  2763  2763 V KeyguardUpdateMonitor: *** register callback for com.android.systemui.BatteryMeterView$1@149cff8
05-14 18:21:02.844  2763  2763 V KeyguardUpdateMonitor: *** unregister callback for null
05-14 18:21:02.862 12862 12862 I xiaomi.discove: The ClassLoaderContext is a special shared library.
05-14 18:21:02.886 12862 12862 I Perf    : Connecting to perf service.
05-14 18:21:02.898 10222 10222 I Choreographer: Skipped 38 frames!  The application may be doing too much work on its main thread.
05-14 18:21:02.901 10222 10222 W Looper  : Slow Looper main: doFrame is 647ms late because of 4 msg, msg 1 took 510ms (seq=15303 running=25ms runnable=142ms io=315ms late=137ms h=android.app.ActivityThread$H w=159)
05-14 18:21:02.921 12844 12844 I ames.FlowerGam: Late-enabling -Xcheck:jni
05-14 18:21:02.936 12862 12862 E libc    : Access denied finding property "ro.vendor.display.type"
05-14 18:21:02.939 12844 12844 E ames.FlowerGam: Unknown bits set in runtime_flags: 0x8000
05-14 18:21:02.943 12862 12862 D miuisdk : current sdk level is 19
05-14 18:21:02.943 12862 12862 I miuisdk : initialize without hook
05-14 18:21:02.947 12844 12844 W ames.FlowerGam: Using default instruction set features for ARM CPU variant (cortex-a9) using conservative defaults
05-14 18:21:02.965 12862 12862 W Linkify.v16: reflect applyLink failed: 
05-14 18:21:02.965 12862 12862 W Linkify.v16: miui.reflect.NoSuchMethodException: Couldn't find method android/text/util/Linkify.applyLink(Ljava/lang/String;IILandroid/text/Spannable;)V
05-14 18:21:02.965 12862 12862 W Linkify.v16: 	at com.miui.internal.os.Native.getMethod(Native Method)
05-14 18:21:02.965 12862 12862 W Linkify.v16: 	at miui.reflect.Method.of(Method.java:35)
05-14 18:21:02.965 12862 12862 W Linkify.v16: 	at com.miui.internal.variable.v16.Android_Text_Util_Linkify_class.<clinit>(Android_Text_Util_Linkify_class.java:70)
05-14 18:21:02.965 12862 12862 W Linkify.v16: 	at java.lang.Class.classForName(Native Method)
05-14 18:21:02.965 12862 12862 W Linkify.v16: 	at java.lang.Class.forName(Class.java:454)
05-14 18:21:02.965 12862 12862 W Linkify.v16: 	at java.lang.Class.forName(Class.java:379)
05-14 18:21:02.965 12862 12862 W Linkify.v16: 	at com.miui.internal.variable.AbsClassFactory.create(AbsClassFactory.java:24)
05-14 18:21:02.965 12862 12862 W Linkify.v16: 	at com.miui.internal.variable.Android_Text_Util_Linkify_class$Factory.<init>(Android_Text_Util_Linkify_class.java:40)
05-14 18:21:02.965 12862 12862 W Linkify.v16: 	at com.miui.internal.variable.Android_Text_Util_Linkify_class$Factory.<init>(Android_Text_Util_Linkify_class.java:26)
05-14 18:21:02.965 12862 12862 W Linkify.v16: 	at com.miui.internal.variable.Android_Text_Util_Linkify_class$Factory$1.createInstance(Android_Text_Util_Linkify_class.java:32)
05-14 18:21:02.965 12862 12862 W Linkify.v16: 	at com.miui.internal.variable.Android_Text_Util_Linkify_class$Factory$1.createInstance(Android_Text_Util_Linkify_class.java:29)
05-14 18:21:02.965 12862 12862 W Linkify.v16: 	at miui.util.SoftReferenceSingleton.get(SoftReferenceSingleton.java:25)
05-14 18:21:02.965 12862 12862 W Linkify.v16: 	at com.miui.internal.variable.Android_Text_Util_Linkify_class$Factory.getInstance(Android_Text_Util_Linkify_class.java:44)
05-14 18:21:02.965 12862 12862 W Linkify.v16: 	at com.miui.internal.initialization.OverrideHelper.doInitialize(OverrideHelper.java:37)
05-14 18:21:02.965 12862 12862 W Linkify.v16: 	at miui.core.SdkManager.initialize(SdkManager.java:99)
05-14 18:21:02.965 12862 12862 W Linkify.v16: 	at java.lang.reflect.Method.invoke(Native Method)
05-14 18:21:02.965 12862 12862 W Linkify.v16: 	at miui.external.Application.b(Application.java:85)
05-14 18:21:02.965 12862 12862 W Linkify.v16: 	at miui.external.Application.<init>(Application.java:55)
05-14 18:21:02.965 12862 12862 W Linkify.v16: 	at com.xiaomi.market.MarketApp.<init>(MarketApp.java:63)
05-14 18:21:02.965 12862 12862 W Linkify.v16: 	at java.lang.Class.newInstance(Native Method)
05-14 18:21:02.965 12862 12862 W Linkify.v16: 	at android.app.AppComponentFactory.instantiateApplication(AppComponentFactory.java:76)
05-14 18:21:02.965 12862 12862 W Linkify.v16: 	at android.app.Instrumentation.newApplication(Instrumentation.java:1156)
05-14 18:21:02.965 12862 12862 W Linkify.v16: 	at android.app.LoadedApk.makeApplication(LoadedApk.java:1222)
05-14 18:21:02.965 12862 12862 W Linkify.v16: 	at android.app.ActivityThread.handleBindApplication(ActivityThread.java:6511)
05-14 18:21:02.965 12862 12862 W Linkify.v16: 	at android.app.ActivityThread.access$1400(ActivityThread.java:220)
05-14 18:21:02.965 12862 12862 W Linkify.v16: 	at android.app.ActivityThread$H.handleMessage(ActivityThread.java:1883)
05-14 18:21:02.965 12862 12862 W Linkify.v16: 	at android.os.Handler.dispatchMessage(Handler.java:107)
05-14 18:21:02.965 12862 12862 W Linkify.v16: 	at android.os.Looper.loop(Looper.java:224)
