05-14 18:21:02.965 12862 12862 W Linkify.v16: 	at android.app.ActivityThread.main(ActivityThread.java:7520)
05-14 18:21:02.965 12862 12862 W Linkify.v16: 	at java.lang.reflect.Method.invoke(Native Method)
05-14 18:21:02.965 12862 12862 W Linkify.v16: 	at com.android.internal.os.RuntimeInit$MethodAndArgsCaller.run(RuntimeInit.java:539)
05-14 18:21:02.965 12862 12862 W Linkify.v16: 	at com.android.internal.os.ZygoteInit.main(ZygoteInit.java:950)
05-14 18:21:03.037 12862 12862 D FirebaseApp: com.google.firebase.auth.FirebaseAuth is not linked. Skipping initialization.
05-14 18:21:03.042 12862 12862 D FirebaseApp: com.google.firebase.crash.FirebaseCrash is not linked. Skipping initialization.
05-14 18:21:03.050 12862 12862 I FA      : App measurement is starting up, version: 11020
05-14 18:21:03.050 12862 12862 I FA      : To enable debug logging run: adb shell setprop log.tag.FA VERBOSE
05-14 18:21:03.066 12862 12862 I FA      : To enable faster debug mode event logging run:
05-14 18:21:03.066 12862 12862 I FA      :   adb shell setprop debug.firebase.analytics.app com.xiaomi.discover
05-14 18:21:03.072  1620  1674 D CompatibilityInfo: mCompatibilityFlags - 0
05-14 18:21:03.072  1620  1674 D CompatibilityInfo: applicationDensity - 440
05-14 18:21:03.072  1620  1674 D CompatibilityInfo: applicationScale - 1.0
05-14 18:21:03.073 12862 12862 I FirebaseInitProvider: FirebaseApp initialization successful
05-14 18:21:03.076  1620  1674 D CompatibilityInfo: mCompatibilityFlags - 0
05-14 18:21:03.076  1620  1674 D CompatibilityInfo: applicationDensity - 440
05-14 18:21:03.076  1620  1674 D CompatibilityInfo: applicationScale - 1.0
05-14 18:21:03.076  2763  2763 D EventBus: [2763, u0] send(AppTransitionFinishedEvent)
05-14 18:21:03.076  2763  2763 D EventBus: [2763, u0]  -> ForcedResizableInfoActivityController [0xe75ca23, P1] onBusEvent(AppTransitionFinishedEvent)
05-14 18:21:03.076  2763  2763 D EventBus: [2763, u0] onBusEvent(AppTransitionFinishedEvent) duration: 14 microseconds, avg: 746
05-14 18:21:03.077  7660  7679 I ProcessMonitor: onForegroundInfoChanged: ForegroundInfo{mForegroundPackageName='com.FlowerGames.FlowerGame', mForegroundUid=10319, mForegroundPid=12844, mLastForegroundPackageName='com.miui.home', mLastForegroundUid=10087, mLastForegroundPid=3214, mMultiWindowForegroundPackageName='null', mMultiWindowForegroundUid=-1, mFlags=1}
05-14 18:21:03.077  1620  1674 W ActivityTaskManager: Request to remove task ignored for non-existent task 1796
05-14 18:21:03.078  7660  7679 I GameBoosterService: onForegroundInfoChanged: Cur=com.FlowerGames.FlowerGame	 last=com.miui.home
05-14 18:21:03.078  7660  7679 D GameBoosterService: onGameStatusChange foreground:ForegroundInfo{mForegroundPackageName='com.FlowerGames.FlowerGame', mForegroundUid=10319, mForegroundPid=12844, mLastForegroundPackageName='com.miui.home', mLastForegroundUid=10087, mLastForegroundPid=3214, mMultiWindowForegroundPackageName='null', mMultiWindowForegroundUid=-1, mFlags=1}
05-14 18:21:03.079  7660  7679 I GameBoosterService: onForegroundInfoChanged: Exit
05-14 18:21:03.079  2763  2763 D EventBus: [2763, u0] send(AppTransitionFinishedEvent)
05-14 18:21:03.079  2763  2763 D EventBus: [2763, u0]  -> ForcedResizableInfoActivityController [0xe75ca23, P1] onBusEvent(AppTransitionFinishedEvent)
05-14 18:21:03.079  2763  2763 D EventBus: [2763, u0] onBusEvent(AppTransitionFinishedEvent) duration: 12 microseconds, avg: 746
05-14 18:21:03.083  1620  1674 I qspmsvc-client: inside perf_hint_qspm
05-14 18:21:03.085  1620  2954 I set_top_app: success /proc/12844/top_app:1
05-14 18:21:03.087   672 32158 I netd    : firewallSetUidRule(2, 10319, 1) <0.02ms>
05-14 18:21:03.089  2990  3159 I CloudSettingsProvider: uriMatch : 2
05-14 18:21:03.092   561   561 I hwservicemanager: getTransport: Cannot find entry vendor.qti.hardware.servicetracker@1.0::IServicetracker/default in either framework or device manifest.
05-14 18:21:03.095  1620  2642 I MiuiNetworkPolicy: updateUidState uid = 10319, uidState = 2
05-14 18:21:03.095  1620  2642 I MiuiNetworkPolicy: updateWmmForUidState uid: 10319 state: 2 wmm: 1
05-14 18:21:03.095   672 32158 D OemNetd : updateWmm: uid=10319, wmm=1
05-14 18:21:03.098  2990  3159 I CloudSettingsProvider: uriMatch : 2
05-14 18:21:03.098 12862 12862 I FeatureParser: can't find cepheus.xml in assets/device_features/,it may be in /system/etc/device_features
05-14 18:21:03.101  1620  2642 I MiuiNetworkPolicy: updateMLUid uid:10319,old:20,new:2
05-14 18:21:03.101  1620  2642 I MiuiNetworkPolicy: isMLEnabled state:20,uid:10319,connect:CONNECTED
05-14 18:21:03.102  1620  2642 I MiuiNetworkPolicy: isMLEnabled state:2,uid:10319,connect:CONNECTED
05-14 18:21:03.093 12862 12862 W xiaomi.discover: type=1400 audit(0.0:154609): avc: denied { read } for name="u:object_r:vendor_displayfeature_prop:s0" dev="tmpfs" ino=16024 scontext=u:r:platform_app:s0:c512,c768 tcontext=u:object_r:vendor_displayfeature_prop:s0 tclass=file permissive=0
05-14 18:21:03.102 12862 12862 E libc    : Access denied finding property "ro.vendor.df.effect.conflict"
05-14 18:21:03.103 12862 12862 I SystemUpdate-App: 
05-14 18:21:03.103 12862 12862 I SystemUpdate-App: 
05-14 18:21:03.103 12862 12862 I SystemUpdate-App: Process create: com.xiaomi.discover ------------------
05-14 18:21:03.136 12862 12862 I SystemUpdate-LocalAppManager: load local apps from system : begin
05-14 18:21:03.162 12862 12915 E Perf    : Fail to get file list com.xiaomi.discover
05-14 18:21:03.162 12862 12916 I SystemUpdate-AutoUpdateScheduler: [Update] scheduleAutoUpdateOnAppStart
05-14 18:21:03.163 12862 12915 E Perf    : getFolderSize() : Exception_1 = java.lang.NullPointerException: Attempt to get length of null array
05-14 18:21:03.176 12862 12913 I SystemUpdate-MeteredUpdateConfirmUtils: set value to Settings: app_update_notify false
05-14 18:21:03.192 12862 12862 I SystemUpdate-LocalAppManager: load local apps from system : finish
05-14 18:21:03.194  1620  1620 V SettingsProvider: Notifying for 0: content://settings/global/com.android.settings.superscript_map
05-14 18:21:03.197 12862 12862 D AppActiveReceiver: receive app active broadcast for: com.FlowerGames.FlowerGame, install from: null
05-14 18:21:03.197  1620  1620 V SettingsProvider: Notifying for 0: content://settings/global/com.android.settings.superscript_count
05-14 18:21:03.200  1620 16252 D CompatibilityInfo: mCompatibilityFlags - 0
05-14 18:21:03.200  1620 16252 D CompatibilityInfo: applicationDensity - 440
05-14 18:21:03.200  1620 16252 D CompatibilityInfo: applicationScale - 1.0
05-14 18:21:03.200   561   561 I hwservicemanager: getTransport: Cannot find entry vendor.qti.hardware.servicetracker@1.0::IServicetracker/default in either framework or device manifest.
05-14 18:21:03.202  1620 16252 D CompatibilityInfo: mCompatibilityFlags - 0
05-14 18:21:03.202  1620 16252 D CompatibilityInfo: applicationDensity - 440
05-14 18:21:03.202  1620 16252 D CompatibilityInfo: applicationScale - 1.0
05-14 18:21:03.204  1620  2642 I MiuiNetworkPolicy: updateUidState uid = 99068, uidState = 5
05-14 18:21:03.204  1620  2642 I MiuiNetworkPolicy: updateMLUid uid:99068,old:11,new:5
05-14 18:21:03.204  1620  2642 I MiuiNetworkPolicy: updateUidState uid = 10181, uidState = 5
05-14 18:21:03.204  1620  2642 I MiuiNetworkPolicy: updateMLUid uid:10181,old:6,new:5
05-14 18:21:03.204  1620  2642 I MiuiNetworkPolicy: isMLEnabled state:6,uid:10181,connect:CONNECTED
05-14 18:21:03.204  1620  2642 I MiuiNetworkPolicy: isMLEnabled state:5,uid:10181,connect:CONNECTED
05-14 18:21:03.204  1620  2642 I MiuiNetworkPolicy: updateUidState uid = 10106, uidState = 5
05-14 18:21:03.204  1620  2642 I MiuiNetworkPolicy: updateMLUid uid:10106,old:12,new:5
05-14 18:21:03.204  1620  2642 I MiuiNetworkPolicy: isMLEnabled state:12,uid:10106,connect:CONNECTED
05-14 18:21:03.204  1620  2642 I MiuiNetworkPolicy: isMLEnabled state:5,uid:10106,connect:CONNECTED
05-14 18:21:03.204  1620  2642 I MiuiNetworkPolicy: updateUidState uid = 99120, uidState = 12
05-14 18:21:03.204  1620  2642 I MiuiNetworkPolicy: updateMLUid uid:99120,old:18,new:12
05-14 18:21:03.204  1620  2642 I MiuiNetworkPolicy: updateUidState uid = 10233, uidState = 12
05-14 18:21:03.204  1620  2642 I MiuiNetworkPolicy: updateMLUid uid:10233,old:17,new:12
05-14 18:21:03.205  1620  2642 I MiuiNetworkPolicy: isMLEnabled state:17,uid:10233,connect:CONNECTED
05-14 18:21:03.205  1620  2642 I MiuiNetworkPolicy: isMLEnabled state:12,uid:10233,connect:CONNECTED
05-14 18:21:03.216 12862 12862 I SystemUpdate-LoginManager: account has login
05-14 18:21:03.217 12862 12862 I SystemUpdate-AppActiveStatService: start forground service
05-14 18:21:03.221 12844 12844 I Perf    : Connecting to perf service.
05-14 18:21:03.244 12844 12844 I FeatureParser: can't find cepheus.xml in assets/device_features/,it may be in /system/etc/device_features
05-14 18:21:03.252 12844 12844 E libc    : Access denied finding property "ro.vendor.df.effect.conflict"
05-14 18:21:03.243 12844 12844 W ames.FlowerGame: type=1400 audit(0.0:154610): avc: denied { read } for name="u:object_r:vendor_displayfeature_prop:s0" dev="tmpfs" ino=16024 scontext=u:r:untrusted_app_27:s0:c63,c257,c512,c768 tcontext=u:object_r:vendor_displayfeature_prop:s0 tclass=file permissive=0
05-14 18:21:03.267 12844 12934 V UE4     : [NetworkChangedManager] Network Available: 124
05-14 18:21:03.268 12844 12934 V UE4     : [NetworkChangedManager] No network state set yet, setting naive network state checking connection fully.
05-14 18:21:03.268 12844 12934 V UE4     : [NetworkChangedManager] Network connectivity changed. New connectivity state: CONNECTION_AVAILABLE
05-14 18:21:03.268  1620  5107 D CompatibilityInfo: mCompatibilityFlags - 0
05-14 18:21:03.268  1620  5107 D CompatibilityInfo: applicationDensity - 440
05-14 18:21:03.268  1620  5107 D CompatibilityInfo: applicationScale - 1.0
05-14 18:21:03.269 12844 12934 V UE4     : [NetworkChangedManager] Network Capabilities changed, has Internet: true
05-14 18:21:03.271 12844 12935 E Perf    : Fail to get file list com.FlowerGames.FlowerGame
05-14 18:21:03.271 12844 12935 E Perf    : getFolderSize() : Exception_1 = java.lang.NullPointerException: Attempt to get length of null array
05-14 18:21:03.271 12844 12935 E Perf    : Fail to get file list com.FlowerGames.FlowerGame
05-14 18:21:03.271 12844 12935 E Perf    : getFolderSize() : Exception_1 = java.lang.NullPointerException: Attempt to get length of null array
05-14 18:21:03.288 12844 12936 D NetworkSecurityConfig: No Network Security Config specified, using platform default
05-14 18:21:03.292   672 12940 E ResolverController: No valid NAT64 prefix (124, <unspecified>/0)
05-14 18:21:03.305  1620  2642 I MiuiNetworkPolicy: updateUidState uid = 99120, uidState = 18
05-14 18:21:03.305  1620  2642 I MiuiNetworkPolicy: updateMLUid uid:99120,old:12,new:18
05-14 18:21:03.305  1620  2642 I MiuiNetworkPolicy: updateUidState uid = 10233, uidState = 17
05-14 18:21:03.306  1620  2642 I MiuiNetworkPolicy: updateMLUid uid:10233,old:12,new:17
05-14 18:21:03.306  1620  2642 I MiuiNetworkPolicy: isMLEnabled state:12,uid:10233,connect:CONNECTED
05-14 18:21:03.306  1620  2642 I MiuiNetworkPolicy: isMLEnabled state:17,uid:10233,connect:CONNECTED
05-14 18:21:03.316   672 32158 D OemNetd : setLimit: disable, rate=0
05-14 18:21:03.323  1620 16252 I ActivityTaskManager: START u0 {act=android.content.pm.action.REQUEST_PERMISSIONS pkg=com.google.android.permissioncontroller cmp=com.google.android.permissioncontroller/com.android.packageinstaller.permission.ui.GrantPermissionsActivity (has extras)} from uid 10319
05-14 18:21:03.324  2763  2763 I StatusBar: onNotificationPosted key:0|com.xiaomi.discover|241157260|null|10106 isUpdate:false
05-14 18:21:03.325  2763  2763 I StatusBar: handleNotification key:0|com.xiaomi.discover|241157260|null|10106 isUpdate:false
05-14 18:21:03.326  2763  2763 D StatusBar: filter Notification key=0|com.xiaomi.discover|241157260|null|10106
05-14 18:21:03.328  3483  3483 I NotificationController: onNotificationPosted: mSmartTravelNotificationMap 0
05-14 18:21:03.330  1620 16252 D CompatibilityInfo: mCompatibilityFlags - 0
05-14 18:21:03.330  1620 16252 D CompatibilityInfo: applicationDensity - 440
05-14 18:21:03.330  1620 16252 D CompatibilityInfo: applicationScale - 1.0
05-14 18:21:03.331  1620 16252 D ActivityTrigger: ActivityTrigger activityPauseTrigger 
05-14 18:21:03.336 12844 12844 V UE4     : [GameApp] App in foreground
05-14 18:21:03.356  1620  2184 V UiModeManager: switch night mode to 1
05-14 18:21:03.357  2763  2763 D GestureStubView: resetRenderProperty: showGestureStub
05-14 18:21:03.357  2763  2763 D GestureStubView: showGestureStub
05-14 18:21:03.357  2763  2763 D GestureStubView: resetRenderProperty: showGestureStub
05-14 18:21:03.358  2763  2763 D GestureStubView: showGestureStub
05-14 18:21:03.358  1620  5107 I ActivityTaskManager: The Process com.google.android.permissioncontroller Already Exists in BG. So sending its PID: 7785
05-14 18:21:03.359  1620  5107 D CompatibilityInfo: mCompatibilityFlags - 0
05-14 18:21:03.359  1620  5107 D CompatibilityInfo: applicationDensity - 440
05-14 18:21:03.359  1620  5107 D CompatibilityInfo: applicationScale - 1.0
05-14 18:21:03.359  7785  7785 W ActivityThread: handleWindowVisibility: no activity for token android.os.BinderProxy@7004c47
05-14 18:21:03.359  1620  2671 D ActivityTaskManagerServiceInjector: Begin to report package foreground events...
05-14 18:21:03.360  7660  7679 I ProcessMonitor: onForegroundInfoChanged: ForegroundInfo{mForegroundPackageName='com.google.android.permissioncontroller', mForegroundUid=10091, mForegroundPid=7785, mLastForegroundPackageName='com.FlowerGames.FlowerGame', mLastForegroundUid=10319, mLastForegroundPid=12844, mMultiWindowForegroundPackageName='null', mMultiWindowForegroundUid=-1, mFlags=0}
05-14 18:21:03.360  7660  7679 I GameBoosterService: onForegroundInfoChanged: Cur=com.google.android.permissioncontroller	 last=com.FlowerGames.FlowerGame
05-14 18:21:03.360  2990  3159 I CloudSettingsProvider: uriMatch : 2
05-14 18:21:03.362  7660  7679 D GameBoosterService: onGameStatusChange foreground:ForegroundInfo{mForegroundPackageName='com.google.android.permissioncontroller', mForegroundUid=10091, mForegroundPid=7785, mLastForegroundPackageName='com.FlowerGames.FlowerGame', mLastForegroundUid=10319, mLastForegroundPid=12844, mMultiWindowForegroundPackageName='null', mMultiWindowForegroundUid=-1, mFlags=0}
05-14 18:21:03.362  7660  7679 I GameBoosterService: onForegroundInfoChanged: Exit
05-14 18:21:03.362  2990  3159 I CloudSettingsProvider: uriMatch : 2
05-14 18:21:03.364  1620  5107 I Timeline: Timeline: App_transition_ready time:111058029
05-14 18:21:03.365  1620  1706 I Timeline: Timeline: App_transition_ready time:111058030
05-14 18:21:03.366  1620  1705 I set_top_app: success /proc/7785/top_app:1
05-14 18:21:03.367  1620  1705 I set_top_app: success /proc/12844/top_app:0
05-14 18:21:03.367  1620  1705 I set_top_app: success /proc/12937/top_app:0
05-14 18:21:03.370  1620  5107 I Timeline: Timeline: App_transition_ready time:111058036
05-14 18:21:03.371  1620  5107 I Timeline: Timeline: App_transition_ready time:111058037
05-14 18:21:03.372  1620  2642 I MiuiNetworkPolicy: updateUidState uid = 10091, uidState = 2
05-14 18:21:03.372  1620  2642 I MiuiNetworkPolicy: updateWmmForUidState uid: 10091 state: 2 wmm: 1
05-14 18:21:03.373   672 32158 D OemNetd : updateWmm: uid=10091, wmm=1
05-14 18:21:03.375  1620  2642 I MiuiNetworkPolicy: updateMLUid uid:10091,old:20,new:2
05-14 18:21:03.375  1620  2642 I MiuiNetworkPolicy: isMLEnabled state:20,uid:10091,connect:CONNECTED
05-14 18:21:03.375  1620  2642 I MiuiNetworkPolicy: isMLEnabled state:2,uid:10091,connect:CONNECTED
05-14 18:21:03.378  1620 16252 I Timeline: Timeline: App_transition_ready time:111058044
05-14 18:21:03.379  1620 16252 I Timeline: Timeline: App_transition_ready time:111058045
05-14 18:21:03.381  2763  2763 D GestureStubView: resetRenderProperty: setSize
05-14 18:21:03.382  2763  2763 D GestureStubView: gatherTransparentRegion: need render w:129  h:648
05-14 18:21:03.388 12844 12937 I AdrenoGLES: QUALCOMM build                   : e0436c5, Ib165d46056
05-14 18:21:03.388 12844 12937 I AdrenoGLES: Build Date                       : 09/10/19
05-14 18:21:03.388 12844 12937 I AdrenoGLES: OpenGL ES Shader Compiler Version: EV031.27.05.01
05-14 18:21:03.388 12844 12937 I AdrenoGLES: Local Branch                     : 
05-14 18:21:03.388 12844 12937 I AdrenoGLES: Remote Branch                    : quic/gfx-adreno.lnx.1.0.r74-rel
05-14 18:21:03.388 12844 12937 I AdrenoGLES: Remote Branch                    : NONE
05-14 18:21:03.388 12844 12937 I AdrenoGLES: Reconstruct Branch               : NOTHING
05-14 18:21:03.388 12844 12937 I AdrenoGLES: Build Config                     : S P 8.0.11 AArch32
05-14 18:21:03.389  1620  5107 I Timeline: Timeline: App_transition_ready time:111058055
05-14 18:21:03.391  1620  5107 I Timeline: Timeline: App_transition_ready time:111058056
05-14 18:21:03.392  2763  2763 D GestureStubView: resetRenderProperty: setSize
05-14 18:21:03.393  2763  2763 D GestureStubView: gatherTransparentRegion: need render w:54  h:648
05-14 18:21:03.396 12844 12937 I AdrenoGLES: PFP: 0x016ee187, ME: 0x00000000
05-14 18:21:03.399  1620  1706 I Timeline: Timeline: App_transition_ready time:111058064
05-14 18:21:03.401  1620  1706 I Timeline: Timeline: App_transition_ready time:111058066
05-14 18:21:03.405  1620  3754 I Timeline: Timeline: App_transition_ready time:111058070
05-14 18:21:03.406  1620  3754 I Timeline: Timeline: App_transition_ready time:111058071
05-14 18:21:03.407  2763  2763 D GestureStubView: gatherTransparentRegion: need render w:129  h:648
05-14 18:21:03.409 12844 12937 W AdrenoUtils: <ReadGpuID_from_sysfs:194>: Failed to open /sys/class/kgsl/kgsl-3d0/gpu_model
05-14 18:21:03.409 12844 12937 W AdrenoUtils: <ReadGpuID:218>: Failed to read chip ID from gpu_model. Fallback to use the GSL path
05-14 18:21:03.403 12844 12844 W RenderThread: type=1400 audit(0.0:154611): avc: denied { search } for name="kgsl" dev="sysfs" ino=55501 scontext=u:r:untrusted_app_27:s0:c63,c257,c512,c768 tcontext=u:object_r:sysfs_kgsl:s0 tclass=dir permissive=0
05-14 18:21:03.415  1620  3754 I Timeline: Timeline: App_transition_ready time:111058080
05-14 18:21:03.416  1620  3754 I Timeline: Timeline: App_transition_ready time:111058081
05-14 18:21:03.417  2763  2763 D GestureStubView: gatherTransparentRegion: need render w:54  h:648
05-14 18:21:03.423  1620  1674 I Timeline: Timeline: App_transition_ready time:111058089
05-14 18:21:03.426  2763  2763 D GestureStubView: gatherTransparentRegion: need render w:54  h:648
05-14 18:21:03.436  2763  2763 D GestureStubView: gatherTransparentRegion: need render w:129  h:648
05-14 18:21:03.437  2763  2763 D GestureStubView: gatherTransparentRegion: need render w:54  h:648
05-14 18:21:03.487   561   561 I hwservicemanager: getTransport: Cannot find entry android.hardware.graphics.mapper@3.0::IMapper/default in either framework or device manifest.
05-14 18:21:03.487 12844 12937 W Gralloc3: mapper 3.x is not supported
05-14 18:21:03.529  1620  2184 V UiModeManager: switch night mode to 1
05-14 18:21:03.530  2763  2763 D GestureStubView: resetRenderProperty: showGestureStub
05-14 18:21:03.530  2763  2763 D GestureStubView: showGestureStub
05-14 18:21:03.530  2763  2763 D GestureStubView: resetRenderProperty: showGestureStub
05-14 18:21:03.530  2763  2763 D GestureStubView: showGestureStub
05-14 18:21:03.540  1620  5107 I Timeline: Timeline: App_transition_ready time:111058205
05-14 18:21:03.541  1620  5107 I Timeline: Timeline: Activity_windows_visible id: ActivityRecord{dc05d93 u0 com.FlowerGames.FlowerGame/com.epicgames.ue4.SplashActivity t1797} time:111058206
05-14 18:21:03.541  1620  5107 I Timeline: Timeline: App_transition_ready time:111058207
05-14 18:21:03.542  2763  2763 D GestureStubView: gatherTransparentRegion: need render w:129  h:648
05-14 18:21:03.543  1620  1706 I Timeline: Timeline: App_transition_ready time:111058208
05-14 18:21:03.546  1620 11869 I Timeline: Timeline: App_transition_ready time:111058211
05-14 18:21:03.547  2763  2763 D GestureStubView: gatherTransparentRegion: need render w:54  h:648
05-14 18:21:03.549  1620  1706 I Timeline: Timeline: App_transition_ready time:111058215
05-14 18:21:03.562  1620  3754 I Timeline: Timeline: App_transition_ready time:111058227
05-14 18:21:03.564  1620  3754 I Timeline: Timeline: App_transition_ready time:111058229
05-14 18:21:03.564  1620  3754 D WindowManager: Input focus has changed to Window{34f8b50 u0 com.google.android.permissioncontroller/com.android.packageinstaller.permission.ui.GrantPermissionsActivity}
05-14 18:21:03.564  1620  1712 I ActivityTaskManager: Displayed com.google.android.permissioncontroller/com.android.packageinstaller.permission.ui.GrantPermissionsActivity: +1s553ms
05-14 18:21:03.566  1620  1706 I Timeline: Timeline: App_transition_ready time:111058231
05-14 18:21:03.567  7785 12945 I AdrenoGLES: QUALCOMM build                   : e0436c5, Ib165d46056
05-14 18:21:03.567  7785 12945 I AdrenoGLES: Build Date                       : 09/10/19
05-14 18:21:03.567  7785 12945 I AdrenoGLES: OpenGL ES Shader Compiler Version: EV031.27.05.01
05-14 18:21:03.567  7785 12945 I AdrenoGLES: Local Branch                     : 
05-14 18:21:03.567  7785 12945 I AdrenoGLES: Remote Branch                    : quic/gfx-adreno.lnx.1.0.r74-rel
05-14 18:21:03.567  7785 12945 I AdrenoGLES: Remote Branch                    : NONE
05-14 18:21:03.567  7785 12945 I AdrenoGLES: Reconstruct Branch               : NOTHING
05-14 18:21:03.567  7785 12945 I AdrenoGLES: Build Config                     : S P 8.0.11 AArch64
05-14 18:21:03.583  7785 12945 I AdrenoGLES: PFP: 0x016ee187, ME: 0x00000000
05-14 18:21:03.597  7785 12945 W AdrenoUtils: <ReadGpuID_from_sysfs:194>: Failed to open /sys/class/kgsl/kgsl-3d0/gpu_model
05-14 18:21:03.597  7785 12945 W AdrenoUtils: <ReadGpuID:218>: Failed to read chip ID from gpu_model. Fallback to use the GSL path
05-14 18:21:03.593  7785  7785 W RenderThread: type=1400 audit(0.0:154612): avc: denied { read } for name="gpu_model" dev="sysfs" ino=55726 scontext=u:r:priv_app:s0:c512,c768 tcontext=u:object_r:sysfs_kgsl:s0 tclass=file permissive=0
05-14 18:21:03.635   561   561 I hwservicemanager: getTransport: Cannot find entry android.hardware.graphics.mapper@3.0::IMapper/default in either framework or device manifest.
05-14 18:21:03.635  7785 12945 W Gralloc3: mapper 3.x is not supported
05-14 18:21:03.651  7785 12945 E LB      : fail to open file: Permission denied
05-14 18:21:03.643  7785  7785 W RenderThread: type=1400 audit(0.0:154613): avc: denied { search } for name="migt" dev="sda31" ino=2654216 scontext=u:r:priv_app:s0:c512,c768 tcontext=u:object_r:migt_file:s0 tclass=dir permissive=0
05-14 18:21:03.657  1620  1706 I Timeline: Timeline: App_transition_ready time:111058322
05-14 18:21:03.657  2763  2763 D EventBus: [2763, u0] send(AppTransitionFinishedEvent)
05-14 18:21:03.657  2763  2763 D EventBus: [2763, u0]  -> ForcedResizableInfoActivityController [0xe75ca23, P1] onBusEvent(AppTransitionFinishedEvent)
05-14 18:21:03.657  2763  2763 D EventBus: [2763, u0] onBusEvent(AppTransitionFinishedEvent) duration: 16 microseconds, avg: 746
05-14 18:21:03.657  1620  1706 I Timeline: Timeline: Activity_windows_visible id: ActivityRecord{b5cf484 u0 com.google.android.permissioncontroller/com.android.packageinstaller.permission.ui.GrantPermissionsActivity t1797} time:111058323
05-14 18:21:03.658  1620  1706 I Timeline: Timeline: App_transition_stopped time:111058323
05-14 18:21:03.659  2763  2763 D EventBus: [2763, u0] send(AppTransitionFinishedEvent)
05-14 18:21:03.659  2763  2763 D EventBus: [2763, u0]  -> ForcedResizableInfoActivityController [0xe75ca23, P1] onBusEvent(AppTransitionFinishedEvent)
05-14 18:21:03.659  2763  2763 D EventBus: [2763, u0] onBusEvent(AppTransitionFinishedEvent) duration: 10 microseconds, avg: 746
05-14 18:21:03.681  2763  2763 D StatusBar: disable<e i a s b h r c s > disable2<q i n g r >
05-14 18:21:03.682  2763  2763 D PhoneStatusBar/NavigationBarView: setDisabledFlags back:false home:false recent:false
05-14 18:21:03.682  2763  2763 D StatusBarClock:  isNormalMode= true clock visible=true
05-14 18:21:03.723   561   561 I hwservicemanager: getTransport: Cannot find entry vendor.qti.hardware.servicetracker@1.0::IServicetracker/default in either framework or device manifest.
05-14 18:21:03.724 12862 12862 I SystemUpdate-AppActiveStatService: stop forground service
05-14 18:21:03.725  2763  2763 I StatusBar: onNotificationRemoved: 0|com.xiaomi.discover|241157260|null|10106
05-14 18:21:03.725  2763  2763 W StatusBar: removeNotification for unknown key: 0|com.xiaomi.discover|241157260|null|10106
05-14 18:21:03.725  2763  2763 D StatusBar: removeNotification key=0|com.xiaomi.discover|241157260|null|10106 old=null
05-14 18:21:03.727  1620  2642 I MiuiNetworkPolicy: updateUidState uid = 99068, uidState = 11
05-14 18:21:03.727  1620  2642 I MiuiNetworkPolicy: updateMLUid uid:99068,old:5,new:11
05-14 18:21:03.727  1620  2642 I MiuiNetworkPolicy: updateUidState uid = 10181, uidState = 6
05-14 18:21:03.727  1620  2642 I MiuiNetworkPolicy: updateMLUid uid:10181,old:5,new:6
05-14 18:21:03.727  1620  2642 I MiuiNetworkPolicy: isMLEnabled state:5,uid:10181,connect:CONNECTED
05-14 18:21:03.727  1620  2642 I MiuiNetworkPolicy: isMLEnabled state:6,uid:10181,connect:CONNECTED
05-14 18:21:03.727  1620  2642 I MiuiNetworkPolicy: updateUidState uid = 10106, uidState = 20
05-14 18:21:03.727  1620  2642 I MiuiNetworkPolicy: updateMLUid uid:10106,old:5,new:20
05-14 18:21:03.727  1620  2642 I MiuiNetworkPolicy: isMLEnabled state:5,uid:10106,connect:CONNECTED
05-14 18:21:03.727  1620  2642 I MiuiNetworkPolicy: isMLEnabled state:20,uid:10106,connect:CONNECTED
05-14 18:21:03.735 12862 12955 I Ad      : isPersonalizedAdEnabled getAdSettings: 3
05-14 18:21:03.739   561   561 I hwservicemanager: getTransport: Cannot find entry vendor.qti.hardware.servicetracker@1.0::IServicetracker/default in either framework or device manifest.
05-14 18:21:03.740  1620  5107 D CompatibilityInfo: mCompatibilityFlags - 0
05-14 18:21:03.740  1620  5107 D CompatibilityInfo: applicationDensity - 440
05-14 18:21:03.740  1620  5107 D CompatibilityInfo: applicationScale - 1.0
05-14 18:21:03.740   561   561 I hwservicemanager: getTransport: Cannot find entry vendor.qti.hardware.servicetracker@1.0::IServicetracker/default in either framework or device manifest.
05-14 18:21:03.804 12862 12955 D NetworkSecurityConfig: No Network Security Config specified, using platform default
05-14 18:21:03.807 12862 12955 W System  : Ignoring header Content-Type because its value was null.
05-14 18:21:03.826   672 12956 E ResolverController: No valid NAT64 prefix (124, <unspecified>/0)
05-14 18:21:03.855 12844 12936 V UE4     : [NetworkChangedManager] Connectivity hasn't changed. Current state: CONNECTION_AVAILABLE
05-14 18:21:03.855 12844 12936 V UE4     : [NetworkChangedManager] Full network check complete. State: CONNECTION_AVAILABLE
05-14 18:21:04.070  4212  4212 E adbd    : failed to connect to socket 'tcp:6666': Connection refused
05-14 18:21:04.421 12862 12955 E SystemUpdate-ConnectionRSA: get key exception : com.android.org.bouncycastle.util.encoders.DecoderException: unable to decode base64 string: invalid characters encountered in base64 data
05-14 18:21:04.524  1620  1705 I system_server: Explicit concurrent copying GC freed 207392(12MB) AllocSpace objects, 21(676KB) LOS objects, 33% free, 48MB/72MB, paused 108us total 165.883ms
05-14 18:21:04.868   561   561 I hwservicemanager: getTransport: Cannot find entry vendor.qti.hardware.servicetracker@1.0::IServicetracker/default in either framework or device manifest.
05-14 18:21:04.869   561   561 I hwservicemanager: getTransport: Cannot find entry vendor.qti.hardware.servicetracker@1.0::IServicetracker/default in either framework or device manifest.
05-14 18:21:05.071   803   843 W ANDR-PERF-LM: FeatureState: readState() 149: warning: appName is NULL, returning default State
05-14 18:21:05.071   803   843 W ANDR-PERF-LM: FeatureState: readState() 149: warning: appName is NULL, returning default State
05-14 18:21:05.072   803   843 W ANDR-PERF-LM: MetaMeter: handleSecondaryAsync() 149: AdaptLaunch MetaMeterThread start(). No MeterMgr Available to handle this Secondary/Data Async. !!!! 
05-14 18:21:03.744 12862 12955 I Ad      : isPersonalizedAdEnabled getAdSettings: 3
05-14 18:21:05.312  1620 11869 D PerfShielderService: com.android.systemui|StatusBar|443|111057443608519|331|0|2
05-14 18:21:05.318  5065  5156 W MiuiPerfServiceClient: interceptAndQueuing:2763|com.android.systemui|443|331|unknown|null|StatusBar|111057443608519|Slow main thread|2
05-14 18:21:05.860  7785  7785 V GrantPermissionsActivity: Logged buttons presented and clicked permissionGroupName=android.permission-group.STORAGE uid=10319 package=com.FlowerGames.FlowerGame presentedButtons=9 clickedButton=1
05-14 18:21:05.871   583  4964 D vold    : Remounting 10319 as mode read
05-14 18:21:05.884   583  4964 D vold    : Found matching PID 12844
05-14 18:21:05.890   583  2711 D vold    : Remounting 10319 as mode write
05-14 18:21:05.892  5500 17287 I FusedLocationProvider: onSetRequest
05-14 18:21:05.893  5500  5736 I AbsoluteLocationDispatcher: request type:0
05-14 18:21:05.896  1620  5390 V LocSvc_HIDL_IzatProvider_jni: [onRemoveRequest][180] [HC] =>> [HS]
05-14 18:21:05.897  5500 17287 I FusedLocationProvider: onSetRequest
05-14 18:21:05.897   583  2711 D vold    : Found matching PID 12844
05-14 18:21:05.898  5500  5736 I AbsoluteLocationDispatcher: request type:0
05-14 18:21:05.902  7785  7785 V GrantPermissionsActivity: Permission grant result requestId=5170517941727015943 callingUid=10319 callingPackage=com.FlowerGames.FlowerGame permission=android.permission.WRITE_EXTERNAL_STORAGE isImplicit=false result=4
05-14 18:21:05.902  7785  7785 V GrantPermissionsActivity: Permission grant result requestId=5170517941727015943 callingUid=10319 callingPackage=com.FlowerGames.FlowerGame permission=android.permission.READ_EXTERNAL_STORAGE isImplicit=true result=4
05-14 18:21:05.904  1620  1674 D ActivityTrigger: ActivityTrigger activityPauseTrigger 
05-14 18:21:05.910  1620 11869 D WindowManager: Input focus has changed to Window{618f58f u0 com.FlowerGames.FlowerGame/com.epicgames.ue4.SplashActivity}
05-14 18:21:05.913  7660 16660 I ProcessMonitor: onForegroundInfoChanged: ForegroundInfo{mForegroundPackageName='com.FlowerGames.FlowerGame', mForegroundUid=10319, mForegroundPid=12844, mLastForegroundPackageName='com.google.android.permissioncontroller', mLastForegroundUid=10091, mLastForegroundPid=7785, mMultiWindowForegroundPackageName='null', mMultiWindowForegroundUid=-1, mFlags=0}
05-14 18:21:05.913  7660 16660 I GameBoosterService: onForegroundInfoChanged: Cur=com.FlowerGames.FlowerGame	 last=com.google.android.permissioncontroller
05-14 18:21:05.914 12844 12844 I Timeline: Timeline: Activity_launch_request time:111060579
05-14 18:21:05.915  7660 16660 D GameBoosterService: onGameStatusChange foreground:ForegroundInfo{mForegroundPackageName='com.FlowerGames.FlowerGame', mForegroundUid=10319, mForegroundPid=12844, mLastForegroundPackageName='com.google.android.permissioncontroller', mLastForegroundUid=10091, mLastForegroundPid=7785, mMultiWindowForegroundPackageName='null', mMultiWindowForegroundUid=-1, mFlags=0}
05-14 18:21:05.915  7660 16660 I GameBoosterService: onForegroundInfoChanged: Exit
05-14 18:21:05.915  1620 11869 I Timeline: Timeline: App_transition_ready time:111060581
05-14 18:21:05.916  2763  2763 D EventBus: [2763, u0] send(AppTransitionFinishedEvent)
05-14 18:21:05.916  2763  2763 D EventBus: [2763, u0]  -> ForcedResizableInfoActivityController [0xe75ca23, P1] onBusEvent(AppTransitionFinishedEvent)
05-14 18:21:05.916  2763  2763 D EventBus: [2763, u0] onBusEvent(AppTransitionFinishedEvent) duration: 11 microseconds, avg: 746
05-14 18:21:05.916  2763  2763 D StatusBar: disable<e i a s b h r c s > disable2<q i n g r >
05-14 18:21:05.918  2763  2763 D PhoneStatusBar/NavigationBarView: setDisabledFlags back:false home:false recent:false
05-14 18:21:05.918  2763  2763 D StatusBarClock:  isNormalMode= true clock visible=true
05-14 18:21:05.919  1620 16252 I ActivityTaskManager: START u0 {flg=0x10000 cmp=com.FlowerGames.FlowerGame/com.epicgames.ue4.GameActivity (has extras)} from uid 10319
05-14 18:21:05.920  2990  3159 I CloudSettingsProvider: uriMatch : 2
05-14 18:21:05.924  1620 16252 D CompatibilityInfo: mCompatibilityFlags - 0
05-14 18:21:05.924  1620 16252 D CompatibilityInfo: applicationDensity - 440
05-14 18:21:05.924  1620 16252 D CompatibilityInfo: applicationScale - 1.0
05-14 18:21:05.925  1620 16252 D ActivityTrigger: ActivityTrigger activityPauseTrigger 
05-14 18:21:05.929   776   776 V LocSvc_HIDL_IzatProvider: [onRemoveRequest][210] [HS] <<<<= [HC]
05-14 18:21:05.930  1620  2184 V UiModeManager: switch night mode to 1
05-14 18:21:05.930  1620  1705 I set_top_app: success /proc/12844/top_app:1
05-14 18:21:05.931  1620  1705 I set_top_app: success /proc/12937/top_app:2
05-14 18:21:05.931  1620  1705 I set_top_app: success /proc/7785/top_app:0
05-14 18:21:05.931  1620  1705 I set_top_app: success /proc/12945/top_app:0
05-14 18:21:05.923   783   783 W memtrack@1.0-se: type=1400 audit(0.0:154614): avc: denied { search } for name="kgsl" dev="sysfs" ino=55501 scontext=u:r:hal_memtrack_default:s0 tcontext=u:object_r:sysfs_kgsl:s0 tclass=dir permissive=0
05-14 18:21:05.923   783   783 W memtrack@1.0-se: type=1400 audit(0.0:154615): avc: denied { search } for name="kgsl" dev="sysfs" ino=55501 scontext=u:r:hal_memtrack_default:s0 tcontext=u:object_r:sysfs_kgsl:s0 tclass=dir permissive=0
05-14 18:21:05.933   776   776 I IzatSvc_IzatManager: LocTech-Label :: IZATMANAGER :: Remove Request In
05-14 18:21:05.933   776   776 I IzatSvc_IzatManager: LocTech-Value :: Provider: 2, Num Updates: 2147483647, TTFF: 0, Interval: 600000, Displacement: 0.000000, Horizontal Accuracy: 1, Altitude Accuracy: 2, Bearing Accuracy: 2
05-14 18:21:05.933  2990  3159 I CloudSettingsProvider: uriMatch : 2
05-14 18:21:05.935  2763  2763 D GestureStubView: resetRenderProperty: showGestureStub
05-14 18:21:05.935  2763  2763 D GestureStubView: showGestureStub
05-14 18:21:05.935  2763  2763 D GestureStubView: resetRenderProperty: showGestureStub
05-14 18:21:05.935  2763  2763 D GestureStubView: showGestureStub
05-14 18:21:05.936  1620 16252 I ActivityTaskManager: The Process com.FlowerGames.FlowerGame Already Exists in BG. So sending its PID: 12844
05-14 18:21:05.936  1620  5390 V LocSvc_HIDL_IzatProvider_jni: [onRemoveRequest][180] [HC] =>> [HS]
05-14 18:21:05.936   776   776 V LocSvc_HIDL_IzatProvider: [onRemoveRequest][210] [HS] <<<<= [HC]
05-14 18:21:05.936   776   776 I IzatSvc_IzatManager: LocTech-Label :: IZATMANAGER :: Remove Request In
05-14 18:21:05.936   776   776 I IzatSvc_IzatManager: LocTech-Value :: Provider: 2, Num Updates: 2147483647, TTFF: 0, Interval: 600000, Displacement: 0.000000, Horizontal Accuracy: 1, Altitude Accuracy: 2, Bearing Accuracy: 2
05-14 18:21:05.933   783   783 W memtrack@1.0-se: type=1400 audit(0.0:154616): avc: denied { search } for name="kgsl" dev="sysfs" ino=55501 scontext=u:r:hal_memtrack_default:s0 tcontext=u:object_r:sysfs_kgsl:s0 tclass=dir permissive=0
05-14 18:21:05.933   783   783 W memtrack@1.0-se: type=1400 audit(0.0:154617): avc: denied { search } for name="kgsl" dev="sysfs" ino=55501 scontext=u:r:hal_memtrack_default:s0 tcontext=u:object_r:sysfs_kgsl:s0 tclass=dir permissive=0
05-14 18:21:05.936  1620  1711 V LocSvc_HIDL_OsNpGlue_jni: [onStopRequest][73] [HC] <<= [HS]
05-14 18:21:05.937  1620 16252 D CompatibilityInfo: mCompatibilityFlags - 0
05-14 18:21:05.937  1620 16252 D CompatibilityInfo: applicationDensity - 440
05-14 18:21:05.937  1620 16252 D CompatibilityInfo: applicationScale - 1.0
05-14 18:21:05.937  1620 16252 D WindowManager: Input focus has changed to null
05-14 18:21:05.938  1620 30668 V LocSvc_HIDL_OsNpGlue_jni: [onStopRequest][73] [HC] <<= [HS]
05-14 18:21:05.939  1620 16252 I Timeline: Timeline: App_transition_ready time:111060604
05-14 18:21:05.941 12844 12844 W ActivityThread: handleWindowVisibility: no activity for token android.os.BinderProxy@a0d2b69
05-14 18:21:05.943  1620  2954 I Timeline: Timeline: App_transition_ready time:111060609
05-14 18:21:05.944  2763  2763 D GestureStubView: gatherTransparentRegion: need render w:129  h:648
05-14 18:21:05.946  1620  2954 I Timeline: Timeline: App_transition_ready time:111060611
05-14 18:21:05.947  2763  2763 D GestureStubView: gatherTransparentRegion: need render w:54  h:648
05-14 18:21:06.074  4212  4212 E adbd    : failed to connect to socket 'tcp:6666': Connection refused
05-14 18:21:06.130 12844 12844 D UE4     : Used memory before allocating anything was 135.85MB
05-14 18:21:06.158  2763  2763 D EventBus: [2763, u0] send(AppTransitionFinishedEvent)
05-14 18:21:06.158  2763  2763 D EventBus: [2763, u0]  -> ForcedResizableInfoActivityController [0xe75ca23, P1] onBusEvent(AppTransitionFinishedEvent)
05-14 18:21:06.158  2763  2763 D EventBus: [2763, u0] onBusEvent(AppTransitionFinishedEvent) duration: 11 microseconds, avg: 746
05-14 18:21:06.176  1620  1706 I Timeline: Timeline: App_transition_ready time:111060842
05-14 18:21:06.176  7785 12945 D OpenGLRenderer: endAllActiveAnimators on 0x6fed9af300 (RippleDrawable) with handle 0x6fedbe8680
05-14 18:21:06.178  1620  1674 I Timeline: Timeline: App_transition_ready time:111060844
05-14 18:21:06.445 12844 12844 D UE4     : In the JNI_OnLoad function
05-14 18:21:06.446 12844 12844 D UE4     : [JNI] - Failed to determine if app purchasing is enabled!
05-14 18:21:06.447 12844 12844 D UE4     : Path found as '/storage/emulated/0'
05-14 18:21:06.447 12844 12844 D UE4     : Font Path found as '/system/fonts/'
05-14 18:21:06.447 12844 12844 D UE4     : In the JNI_OnLoad function 5
05-14 18:21:06.453 12844 12844 D OVRPlugin: JNI_OnLoad
05-14 18:21:06.474 12844 12979 D UE4     : Entering native app glue main function
05-14 18:21:06.475 12844 12979 D UE4     : Created event thread
05-14 18:21:06.475 12844 12979 D UE4     : Entered AndroidMain()
05-14 18:21:06.475 12844 12980 D UE4     : Entering event processing thread engine entry point
05-14 18:21:06.475 12844 12980 D UE4     : Prepared looper for event thread
05-14 18:21:06.475 12844 12980 D UE4     : Passed callback initialization
05-14 18:21:06.475 12844 12980 D UE4     : Passed sensor initialization
05-14 18:21:06.476 12844 12979 D UE4     : Controller interface supported
05-14 18:21:06.494 12844 12844 D UE4     : [GameActivity] Target SDK is 28.  This may cause issues if permissions are denied by the user.
05-14 18:21:06.495 12844 12844 E PermissionHelper: GVRTransition2DActivity.getActivity() failed. Trying to get GameActivity.
05-14 18:21:06.496 12844 12844 D PermissionHelper: checkPermission: android.permission.WRITE_EXTERNAL_STORAGE has granted
05-14 18:21:06.499 12844 12844 D UE4     : [GameActivity] Vulkan version: 1.1.0
05-14 18:21:06.499 12844 12844 D UE4     : [GameActivity] Vulkan level: 1
05-14 18:21:06.500 12844 12844 D UE4     : [GameActivity] Found DepthBufferPreference = 0
05-14 18:21:06.500 12844 12844 D UE4     : [GameActivity] Found bPackageDataInsideApk = 0
05-14 18:21:06.500 12844 12844 D UE4     : [GameActivity] Found ProjectName = FlowerGame
05-14 18:21:06.500 12844 12844 D UE4     : [GameActivity] Found AppType = 
05-14 18:21:06.500 12844 12844 D UE4     : [GameActivity] Found bHasOBBFiles = 0
05-14 18:21:06.500 12844 12844 D UE4     : [GameActivity] Found bVerifyOBBOnStartUp = false
05-14 18:21:06.500 12844 12844 D UE4     : [GameActivity] UI hiding set to true
05-14 18:21:06.500 12844 12844 D UE4     : [GameActivity] BuildConfiguration set to Development
05-14 18:21:06.500 12844 12844 D UE4     : [GameActivity] UseExternalFilesDir set to false
05-14 18:21:06.500 12844 12844 D UE4     : [GameActivity] PublicLogFiles set to false
05-14 18:21:06.500 12844 12844 D UE4     : [GameActivity] AllowIMU set to true
05-14 18:21:06.500 12844 12844 D UE4     : [GameActivity] SupportsVulkan set to false
05-14 18:21:06.500 12844 12844 D UE4     : [GameActivity] No Oculus Mobile mode detected.
05-14 18:21:06.502 12844 12844 D UE4     : [GameActivity] Using commandline from: /storage/emulated/0/UE4Game/FlowerGame/UE4CommandLine.txt
05-14 18:21:06.503 12844 12844 D UE4     : [GameActivity] Parsing commandline: ../../../FlowerGame/FlowerGame.uproject  /Game/MobileStarterContent/Maps/TestMap -Messaging -SessionId=7BB3C94C4C2A44D93675CCB6CB64AD3D -SessionOwner="a021694" -SessionName="Launch On Device" -iterative
05-14 18:21:06.517 12844 12844 D UE4     : [GameActivity] Hardware: Qualcomm Technologies, Inc SM8150
05-14 18:21:06.517 12844 12844 D UE4     : [GameActivity] ro.hardware: qcom
05-14 18:21:06.519 12844 12844 D UE4     : [GameActivity] Memory: 5504 MB
05-14 18:21:06.522 12844 12844 D UE4     : [GameActivity] UseAffinity: false
05-14 18:21:06.522 12844 12844 D UE4     : [GameActivity] BigCoreMask: 0xffff
05-14 18:21:06.522 12844 12844 D UE4     : [GameActivity] LittleCoreMask: 0x0
05-14 18:21:06.523 12844 12844 D UE4     : [GameActivity] APK path: /data/app/com.FlowerGames.FlowerGame-beJDSPYwhqpFHKbxpPtQ6A==/base.apk
05-14 18:21:06.523 12844 12844 D UE4     : [GameActivity] OBB in APK: false
05-14 18:21:06.524 12844 12844 D UE4     : InternalFilePath found as '/data/user/0/com.FlowerGames.FlowerGame/files'
05-14 18:21:06.524 12844 12844 D UE4     : ExternalFilePath found as '/storage/emulated/0/Android/data/com.FlowerGames.FlowerGame/files'
05-14 18:21:06.524 12844 12844 D UE4     : App is running in Landscape
05-14 18:21:06.525 12844 12844 D UE4     : [GameActivity] Android version is 10
05-14 18:21:06.525 12844 12844 D UE4     : [GameActivity] Android manufacturer is Xiaomi
05-14 18:21:06.525 12844 12844 D UE4     : [GameActivity] Android model is MI 9
05-14 18:21:06.525 12844 12844 D UE4     : [GameActivity] Android build number is QKQ1.190825.002 test-keys
05-14 18:21:06.525 12844 12844 D UE4     : [GameActivity] OS language is set to fr_FR
05-14 18:21:06.525 12844 12844 D UE4     : [GameActivity] Debugger attached is false
05-14 18:21:06.523   783   783 W memtrack@1.0-se: type=1400 audit(0.0:154618): avc: denied { search } for name="kgsl" dev="sysfs" ino=55501 scontext=u:r:hal_memtrack_default:s0 tcontext=u:object_r:sysfs_kgsl:s0 tclass=dir permissive=0
05-14 18:21:06.529 12844 12981 D UE4     : [GameActivity] Used memory: 159930
05-14 18:21:06.592 12844 12844 W PopupManager: You have not specified a View to use as content view for popups. Falling back to the Activity content view. Note that this may not work as expected in multi-screen environments
05-14 18:21:06.595 12844 12844 D UE4     : [GameActivity] googleClient is valid
05-14 18:21:06.595 12844 12844 D UE4     : [GameActivity] ==============> GameActive.onCreate complete!
05-14 18:21:06.597 12844 12844 D UE4     : [GameActivity] Creating console command broadcast listener
05-14 18:21:06.597 12844 12980 D UE4     : LogAndroidEvents::EnqueueAppEvent : 9, [width=-1, height=-1], tid = 12980, APP_EVENT_STATE_ON_START
05-14 18:21:06.598 12844 12844 D UE4     : [GameActivity] ==================================> Inside onStart function in GameActivity
05-14 18:21:06.599 12844 12980 D UE4     : Case APP_CMD_RESUME
05-14 18:21:06.599 12844 12980 D UE4     : LogAndroidEvents::EnqueueAppEvent : 7, [width=-1, height=-1], tid = 12980, APP_EVENT_STATE_ON_RESUME
05-14 18:21:06.599 12844 12844 D UE4     : [GameActivity] === Restoring Transparent Bars ===
05-14 18:21:06.599 12844 12844 D UE4     : [GameActivity] ==============> [JAVA] AndroidThunkJava_KeepScreenOn(false) - Enabled screen saver
05-14 18:21:06.599 12844 12844 D UE4     : [GameActivity] Registering sensor listeners
05-14 18:21:06.603   786   909 I sensors-hal: batch:180, android.sensor.accelerometer/50, period=20000000, max_latency=0
05-14 18:21:06.610  2763  3223 D NetworkController.MobileSignalController(1): 4G level = 5
05-14 18:21:06.611   786   909 I sensors-hal: batch:189, android.sensor.accelerometer/50, period=20000000, max_latency=0 request completed
05-14 18:21:06.611   786   909 I sensors-hal: flush:209, android.sensor.accelerometer/50
05-14 18:21:06.614   786   909 I sensors-hal: flush:215, android.sensor.accelerometer/50 completed
05-14 18:21:06.615   786   909 I sensors-hal: batch:180, android.sensor.magnetic_field/26, period=20000000, max_latency=0
05-14 18:21:06.615   786   909 I sensors-hal: batch:189, android.sensor.magnetic_field/26, period=20000000, max_latency=0 request completed
05-14 18:21:06.615   786   909 I sensors-hal: activate:147, android.sensor.magnetic_field/26 en=1
05-14 18:21:06.615   786   909 I sensors-hal: get_qmi_debug_flag:230, support_qmi_debug : false
05-14 18:21:06.616  1446  1446 E Diag_Lib:  Diag_LSM_Init: Failed to open handle to diag driver, error = 13
05-14 18:21:06.616  1446  1446 E Diag_Lib: qpLogDiagInit <== result : 0
05-14 18:21:06.616  1446  1446 E Diag_Lib: DATAD : gIsQXDMDisabled 0, gIsADBDisabled 1, gIsDebugDisabled 0, gIsIMSLogsDisabled 0
05-14 18:21:06.616  1446  1446 E Diag_Lib:  Diag_LSM_Init: Failed to open handle to diag driver, error = 13
05-14 18:21:06.616  1446  1446 E Diag_Lib: qpLogDiagInit <== result : 0
05-14 18:21:06.616  1446  1446 E Diag_Lib: DATAD : gIsQXDMDisabled 0, gIsADBDisabled 1, gIsDebugDisabled 0, gIsIMSLogsDisabled 0
05-14 18:21:06.617  1446  1446 E Diag_Lib:  Diag_LSM_Init: Failed to open handle to diag driver, error = 13
05-14 18:21:06.617  1446  1446 E Diag_Lib: qpLogDiagInit <== result : 0
05-14 18:21:06.617  1446  1446 E Diag_Lib: DATAD : gIsQXDMDisabled 0, gIsADBDisabled 1, gIsDebugDisabled 0, gIsIMSLogsDisabled 0
05-14 18:21:06.617  1446  1446 E Diag_Lib:  Diag_LSM_Init: Failed to open handle to diag driver, error = 13
05-14 18:21:06.617  1446  1446 E Diag_Lib: qpLogDiagInit <== result : 0
05-14 18:21:06.617  1446  1446 E Diag_Lib: DATAD : gIsQXDMDisabled 0, gIsADBDisabled 1, gIsDebugDisabled 0, gIsIMSLogsDisabled 0
05-14 18:21:06.617  1446  1446 E Diag_Lib:  Diag_LSM_Init: Failed to open handle to diag driver, error = 13
05-14 18:21:06.617  1446  1446 E Diag_Lib: qpLogDiagInit <== result : 0
05-14 18:21:06.617  1446  1446 E Diag_Lib: DATAD : gIsQXDMDisabled 0, gIsADBDisabled 1, gIsDebugDisabled 0, gIsIMSLogsDisabled 0
05-14 18:21:06.617  1446  1446 E Diag_Lib:  Diag_LSM_Init: Failed to open handle to diag driver, error = 13
05-14 18:21:06.617  1446  1446 E Diag_Lib: qpLogDiagInit <== result : 0
05-14 18:21:06.617  1446  1446 E Diag_Lib: DATAD : gIsQXDMDisabled 0, gIsADBDisabled 1, gIsDebugDisabled 0, gIsIMSLogsDisabled 0
05-14 18:21:06.617  1446  1446 E Diag_Lib:  Diag_LSM_Init: Failed to open handle to diag driver, error = 13
05-14 18:21:06.617  1446  1446 E Diag_Lib: qpLogDiagInit <== result : 0
05-14 18:21:06.617  1446  1446 E Diag_Lib: DATAD : gIsQXDMDisabled 0, gIsADBDisabled 1, gIsDebugDisabled 0, gIsIMSLogsDisabled 0
05-14 18:21:06.617  1446  1446 E Diag_Lib:  Diag_LSM_Init: Failed to open handle to diag driver, error = 13
05-14 18:21:06.617  1446  1446 E Diag_Lib: qpLogDiagInit <== result : 0
05-14 18:21:06.617  1446  1446 E Diag_Lib: DATAD : gIsQXDMDisabled 0, gIsADBDisabled 1, gIsDebugDisabled 0, gIsIMSLogsDisabled 0
05-14 18:21:06.619   786   909 I sensors-hal: get_qmi_debug_flag:230, support_qmi_debug : false
05-14 18:21:06.619  1446  1446 E Diag_Lib:  Diag_LSM_Init: Failed to open handle to diag driver, error = 13
05-14 18:21:06.619  1446  1446 E Diag_Lib: qpLogDiagInit <== result : 0
05-14 18:21:06.619  1446  1446 E Diag_Lib: DATAD : gIsQXDMDisabled 0, gIsADBDisabled 1, gIsDebugDisabled 0, gIsIMSLogsDisabled 0
05-14 18:21:06.619  1446  1446 E Diag_Lib:  Diag_LSM_Init: Failed to open handle to diag driver, error = 13
05-14 18:21:06.619  1446  1446 E Diag_Lib: qpLogDiagInit <== result : 0
05-14 18:21:06.619  1446  1446 E Diag_Lib: DATAD : gIsQXDMDisabled 0, gIsADBDisabled 1, gIsDebugDisabled 0, gIsIMSLogsDisabled 0
05-14 18:21:06.620  1446  1446 E Diag_Lib:  Diag_LSM_Init: Failed to open handle to diag driver, error = 13
05-14 18:21:06.620  1446  1446 E Diag_Lib: qpLogDiagInit <== result : 0
05-14 18:21:06.620  1446  1446 E Diag_Lib: DATAD : gIsQXDMDisabled 0, gIsADBDisabled 1, gIsDebugDisabled 0, gIsIMSLogsDisabled 0
05-14 18:21:06.620  1446  1446 E Diag_Lib:  Diag_LSM_Init: Failed to open handle to diag driver, error = 13
05-14 18:21:06.620  1446  1446 E Diag_Lib: qpLogDiagInit <== result : 0
05-14 18:21:06.620  1446  1446 E Diag_Lib: DATAD : gIsQXDMDisabled 0, gIsADBDisabled 1, gIsDebugDisabled 0, gIsIMSLogsDisabled 0
05-14 18:21:06.623   786 12984 I sensors-hal: handle_indication_realtime:406,  SCHED_FIFO(10) for qmi_cbk
05-14 18:21:06.625   786   909 I sensors-hal: activate:274, mag_filter is enabled
05-14 18:21:06.625   786   909 I sensors-hal: activate:158, android.sensor.magnetic_field/26 en=1 completed
05-14 18:21:06.625   786 12988 I sensors-hal: handle_indication_realtime:406,  SCHED_FIFO(10) for qmi_cbk
05-14 18:21:06.626   786   909 I sensors-hal: batch:180, android.sensor.gyroscope/52, period=20000000, max_latency=0
05-14 18:21:06.626   786   909 I sensors-hal: batch:189, android.sensor.gyroscope/52, period=20000000, max_latency=0 request completed
05-14 18:21:06.626   786   909 I sensors-hal: activate:147, android.sensor.gyroscope/52 en=1
05-14 18:21:06.626   786   909 I sensors-hal: get_qmi_debug_flag:230, support_qmi_debug : false
05-14 18:21:06.628  1446  1446 E Diag_Lib:  Diag_LSM_Init: Failed to open handle to diag driver, error = 13
05-14 18:21:06.628  1446  1446 E Diag_Lib: qpLogDiagInit <== result : 0
05-14 18:21:06.628  1446  1446 E Diag_Lib: DATAD : gIsQXDMDisabled 0, gIsADBDisabled 1, gIsDebugDisabled 0, gIsIMSLogsDisabled 0
